<html>
<body>
<pre>
<h1>礦ision Build Log</h1>
<h2>Tool Versions:</h2>
IDE-Version: μVision V5.20.0.0
Copyright (C) 2016 ARM Ltd and ARM Germany GmbH. All rights reserved.
License Information: m Microsoft, Microsoft, LIC=TIVHL-0ED2F-JI25S-LEGYA-AGN9Z-W47WG
 
Tool Versions:
Toolchain:       MDK-ARM Plus  Version: 5.20
Toolchain Path:  d:\Keil\ARM\ARMCC\Bin
C Compiler:      Armcc.exe V5.06 update 2 (build 183)
Assembler:       Armasm.exe V5.06 update 2 (build 183)
Linker/Locator:  ArmLink.exe V5.06 update 2 (build 183)
Library Manager: ArmAr.exe V5.06 update 2 (build 183)
Hex Converter:   FromElf.exe V5.06 update 2 (build 183)
CPU DLL:         SARMCM3.DLL V5.20
Dialog DLL:      DCM.DLL V1.13.7.0
Target DLL:      Segger\JL2CM3.dll V2.99.20.0
Dialog DLL:      TCM.DLL V1.14.9.0
 
<h2>Project:</h2>
E:\CompanyFiles\原始功能代码-功能实现\20160330系统库测试\20160601系统库测试设备端移植程序\28.ASP3-2-开关控制执行器\Branches\Transition Upgrade package SRC\SRC\Project\Switch.uvprojx
Project File Date:  05/31/2016

<h2>Output:</h2>
*** Using Compiler 'V5.06 update 2 (build 183)', folder: 'd:\Keil\ARM\ARMCC\Bin'
Rebuild target 'Target'
assembling startup_stm32f10x_md.s...
compiling BestFuLib.c...
compiling Command.c...
compiling system_stm32f10x.c...
compiling CMDProcess.c...
compiling CRC.c...
compiling Delay.c...
compiling FaultManage.c...
compiling EEPROM.c...
compiling Fifo.c...
compiling FlashAttr.c...
compiling LinkScanFifo.c...
compiling Linksimplest.c...
compiling LinkWRDC.c...
compiling Linksrc.c...
compiling MsgPackage.c...
compiling Object.c...
compiling Sign433.c...
compiling Scene&Group.c...
compiling Sign433Attr.c...
compiling SysExeAttr.c...
compiling Thread.c...
compiling SysTestAttr.c...
compiling UnitShare_Attr.c...
compiling Upload.c...
compiling Updata.c...
compiling UserData.c...
compiling UserDataDownload.c...
compiling DeviceReset.c...
compiling I2C.C...
compiling Gpio.c...
compiling Instruct.c...
compiling Flash.c...
compiling Program.c...
compiling SPI.c...
compiling SI4432.c...
compiling SysHard.c...
compiling SysTick.c...
compiling Sys.c...
compiling Test.c...
compiling FlashSizeFlag.c...
compiling Usart.c...
compiling WDG.c...
compiling main.c...
compiling UnitCfg.c...
compiling Led.c...
compiling WTC6104BSI.c...
compiling relay.c...
compiling LedUnit.c...
compiling KeyUnit.c...
compiling SwitchUnit.c...
compiling SwitchAttr.c...
compiling KeyAttr.c...
linking...
Program Size: Code=31248 RO-data=1804 RW-data=100 ZI-data=9068  
FromELF: creating hex file...
"..\Output\ASP3-2_A_V9999.axf" - 0 Error(s), 0 Warning(s).

<h2>Collection of Component include folders:</h2>
  E:\CompanyFiles\原始功能代码-功能实现\20160330系统库测试\20160601系统库测试设备端移植程序\28.ASP3-2-开关控制执行器\Branches\Transition Upgrade package SRC\SRC\Project\RTE
  d:\Keil\ARM\PACK\Keil\STM32F1xx_DFP\2.1.0\Device\Include

<h2>Collection of Component Files used:</h2>
Build Time Elapsed:  00:00:06
</pre>
</body>
</html>
