Component: ARM Compiler 5.06 update 2 (build 183) Tool: armlink [4d35b7]

==============================================================================

Section Cross References

    system_stm32f10x.o(.text) refers to system_stm32f10x.o(.data) for SystemCoreClock
    startup_stm32f10x_md.o(STACK) refers (Special) to heapauxi.o(.text) for __use_two_region_memory
    startup_stm32f10x_md.o(HEAP) refers (Special) to heapauxi.o(.text) for __use_two_region_memory
    startup_stm32f10x_md.o(RESET) refers (Special) to heapauxi.o(.text) for __use_two_region_memory
    startup_stm32f10x_md.o(RESET) refers to startup_stm32f10x_md.o(STACK) for __initial_sp
    startup_stm32f10x_md.o(RESET) refers to startup_stm32f10x_md.o(.text) for Reset_Handler
    startup_stm32f10x_md.o(RESET) refers to systick.o(.text) for SysTick_Handler
    startup_stm32f10x_md.o(RESET) refers to switchunit.o(.text) for EXTI0_IRQHandler
    startup_stm32f10x_md.o(RESET) refers to usart.o(.text) for USART1_IRQHandler
    startup_stm32f10x_md.o(RESET) refers to si4432.o(.text) for EXTI15_10_IRQHandler
    startup_stm32f10x_md.o(.text) refers (Special) to heapauxi.o(.text) for __use_two_region_memory
    startup_stm32f10x_md.o(.text) refers to system_stm32f10x.o(.text) for SystemInit
    startup_stm32f10x_md.o(.text) refers to __main.o(!!!main) for __main
    startup_stm32f10x_md.o(.text) refers to startup_stm32f10x_md.o(HEAP) for Heap_Mem
    startup_stm32f10x_md.o(.text) refers to startup_stm32f10x_md.o(STACK) for Stack_Mem
    cmdprocess.o(.text) refers to command.o(.text) for cmd_get
    cmdprocess.o(.text) refers to systick.o(.text) for UpdateRandomTime
    cmdprocess.o(.text) refers to unitcfg.o(.text) for UnitCnt_Get
    cmdprocess.o(.text) refers to upload.o(.text) for Upload
    cmdprocess.o(.text) refers to bestfulib.o(.text) for memmove
    cmdprocess.o(.text) refers to object.o(.text) for Object_Check
    cmdprocess.o(.text) refers to instruct.o(.text) for Instruct
    cmdprocess.o(.text) refers to msgpackage.o(.text) for Msg_Feedback
    cmdprocess.o(.text) refers to fifo.o(.text) for fifo_Init
    cmdprocess.o(.text) refers to thread.o(.text) for Thread_Login
    cmdprocess.o(.text) refers to object.o(.data) for DelayID
    cmdprocess.o(.text) refers to userdata.o(.bss) for gSysData
    cmdprocess.o(.text) refers to cmdprocess.o(.bss) for send_433
    cmdprocess.o(.text) refers to unitcfg.o(.constdata) for UnitTab
    cmdprocess.o(.text) refers to unitcfg.o(.bss) for gUnitData
    cmdprocess.o(.text) refers to si4432.o(.text) for Si4432_Send
    command.o(.text) refers to fifo.o(.text) for fifo_empty
    command.o(.text) refers to crc.o(.text) for ChkCrcValue
    command.o(.text) refers to command.o(.constdata) for HeadCMD
    crc.o(.text) refers to crc.o(.constdata) for CRCTable
    delay.o(.text) refers to wdg.o(.text) for WDG_Feed
    eeprom.o(.text) refers to i2c.o(.text) for IIC_Read
    eeprom.o(.text) refers to faultmanage.o(.text) for Fault_Upload
    faultmanage.o(.text) refers to upload.o(.text) for Upload_Fault
    faultmanage.o(.text) refers to thread.o(.text) for Thread_Logout
    faultmanage.o(.text) refers to wdg.o(.text) for WDG_FeedOFF
    faultmanage.o(.text) refers to userdata.o(.text) for FaultData_Save
    faultmanage.o(.text) refers to instruct.o(.text) for Instruct_Run
    fifo.o(.text) refers to bestfulib.o(.text) for memcpy
    flashattr.o(.text) refers to updata.o(.text) for Updata_Check
    flashattr.o(.text) refers to wdg.o(.text) for WDG_Feed
    flashattr.o(.text) refers to thread.o(.text) for Thread_Login
    flashattr.o(.text) refers to flashattr.o(.data) for Version
    flashattr.o(.text) refers to si4432.o(.text) for Si4432_Init
    linkscanfifo.o(.text) refers to fifo.o(.text) for fifo_Init
    linkscanfifo.o(.text) refers to linksrc.o(.text) for LinkSrcExe
    linkscanfifo.o(.text) refers to thread.o(.text) for Thread_Login
    linkscanfifo.o(.text) refers to upload.o(.text) for Upload
    linkscanfifo.o(.text) refers to linkscanfifo.o(.bss) for propbuf
    linkscanfifo.o(.text) refers to unitcfg.o(.bss) for gUnitData
    linksimplest.o(.text) refers to eeprom.o(.text) for WriteDataToEEPROM
    linksimplest.o(.text) refers to bestfulib.o(.text) for memset
    linksimplest.o(.text) refers to linksimplest.o(.bss) for ALink
    linksrc.o(.text) refers to linksimplest.o(.text) for ALinkInit
    linksrc.o(.text) refers to msgpackage.o(.text) for Msg_Send
    linksrc.o(.text) refers to linksimplest.o(.bss) for ALink
    linkwrdc.o(.text) refers to linksimplest.o(.text) for CheckALinkFull
    linkwrdc.o(.text) refers to bestfulib.o(.text) for memset
    linkwrdc.o(.text) refers to eeprom.o(.text) for WriteDataToEEPROM
    linkwrdc.o(.text) refers to linksimplest.o(.bss) for ALink
    msgpackage.o(.text) refers to userdata.o(.text) for SysEEPROMData_Set
    msgpackage.o(.text) refers to command.o(.text) for cmd_put
    msgpackage.o(.text) refers to faultmanage.o(.text) for Fault_Upload
[...]
    .ARM.Collect$$rtentry$$0000000C          0x0800c572   Section        0  __rtentry2.o(.ARM.Collect$$rtentry$$0000000C)
    .ARM.Collect$$rtentry$$0000000D          0x0800c572   Section        8  __rtentry2.o(.ARM.Collect$$rtentry$$0000000D)
    .ARM.Collect$$rtexit$$00000000           0x0800c57a   Section        2  rtexit.o(.ARM.Collect$$rtexit$$00000000)
    .ARM.Collect$$rtexit$$00000002           0x0800c57c   Section        0  rtexit2.o(.ARM.Collect$$rtexit$$00000002)
    .ARM.Collect$$rtexit$$00000003           0x0800c57c   Section        4  rtexit2.o(.ARM.Collect$$rtexit$$00000003)
    .ARM.Collect$$rtexit$$00000004           0x0800c580   Section        6  rtexit2.o(.ARM.Collect$$rtexit$$00000004)
    .emb_text                                0x0800c588   Section        6  relay.o(.emb_text)
    .text                                    0x0800c590   Section        0  system_stm32f10x.o(.text)
    SetSysClockTo72                          0x0800c591   Thumb Code   214  system_stm32f10x.o(.text)
    SetSysClock                              0x0800c667   Thumb Code     8  system_stm32f10x.o(.text)
    .text                                    0x0800c774   Section       60  startup_stm32f10x_md.o(.text)
    .text                                    0x0800c7b0   Section        0  bestfulib.o(.text)
    .text                                    0x0800c8b0   Section        0  cmdprocess.o(.text)
    Msg_Level                                0x0800c8b1   Thumb Code    28  cmdprocess.o(.text)
    DataSend_Thread                          0x0800c937   Thumb Code    12  cmdprocess.o(.text)
    Msg_ReturnType                           0x0800c943   Thumb Code    48  cmdprocess.o(.text)
    Msg_Process                              0x0800ca45   Thumb Code   114  cmdprocess.o(.text)
    .text                                    0x0800cb58   Section        0  command.o(.text)
    .text                                    0x0800ccc4   Section        0  crc.o(.text)
    .text                                    0x0800cd34   Section        0  delay.o(.text)
    .text                                    0x0800cd68   Section        0  eeprom.o(.text)
    .text                                    0x0800ced0   Section        0  faultmanage.o(.text)
    .text                                    0x0800cf20   Section        0  fifo.o(.text)
    fifo_full                                0x0800cf5f   Thumb Code    30  fifo.o(.text)
    fifo_surplusSize                         0x0800cf7d   Thumb Code    34  fifo.o(.text)
    .text                                    0x0800d1b8   Section        0  flashattr.o(.text)
    .text                                    0x0800d3d8   Section        0  linkscanfifo.o(.text)
    .text                                    0x0800d470   Section        0  linksimplest.o(.text)
    .text                                    0x0800d780   Section        0  linksrc.o(.text)
    .text                                    0x0800d9c8   Section        0  linkwrdc.o(.text)
    .text                                    0x0800dd00   Section        0  msgpackage.o(.text)
    Msg_Package                              0x0800ddbd   Thumb Code    74  msgpackage.o(.text)
    .text                                    0x0800ded0   Section        0  object.o(.text)
    Check_Repeat                             0x0800dfd9   Thumb Code   186  object.o(.text)
    .text                                    0x0800e538   Section        0  scene&group.o(.text)
    .text                                    0x0800e8f8   Section        0  sign433.o(.text)
    .text                                    0x0800e9ac   Section        0  sign433attr.o(.text)
    .text                                    0x0800eb54   Section        0  sysexeattr.o(.text)
    .text                                    0x0800f4f0   Section        0  systestattr.o(.text)
    .text                                    0x0800f554   Section        0  thread.o(.text)
    Thread_Check                             0x0800f55d   Thumb Code    40  thread.o(.text)
    .text                                    0x0800f87c   Section        0  unitshare_attr.o(.text)
    .text                                    0x0800fa90   Section        0  updata.o(.text)
    .text                                    0x0800fdc0   Section        0  upload.o(.text)
    FaultMsg                                 0x0800fdc1   Thumb Code    16  upload.o(.text)
    Upload_Idle                              0x0800fe0d   Thumb Code    48  upload.o(.text)
    .text                                    0x0800fea0   Section        0  userdata.o(.text)
    SceneEEPROMData_Init                     0x0800fea1   Thumb Code    16  userdata.o(.text)
    SceneEEPROMData_Clr                      0x0801035b   Thumb Code    76  userdata.o(.text)
    SceneEEPROMSave_Addr                     0x08010443   Thumb Code    60  userdata.o(.text)
    SceneEEPROMData_Save                     0x0801047f   Thumb Code    20  userdata.o(.text)
    SceneEEPROMSave_Seat                     0x08010493   Thumb Code    32  userdata.o(.text)
    SceneEEPROMData_Seat                     0x080104b3   Thumb Code   116  userdata.o(.text)
    .text                                    0x08010664   Section        0  userdatadownload.o(.text)
    .text                                    0x0801086c   Section        0  devicereset.o(.text)
    Reset_Check                              0x0801086d   Thumb Code    86  devicereset.o(.text)
    .text                                    0x080108f4   Section        0  flash.o(.text)
    Flash_EOP                                0x0801090f   Thumb Code    24  flash.o(.text)
    Flash_Status                             0x08010927   Thumb Code    50  flash.o(.text)
    .text                                    0x08010b04   Section        0  gpio.o(.text)
    .text                                    0x08010ba8   Section        0  i2c.o(.text)
    Delay_nNOP                               0x08010ba9   Thumb Code    26  i2c.o(.text)
    I2C_Start                                0x08010beb   Thumb Code    48  i2c.o(.text)
    I2C_Stop                                 0x08010c1b   Thumb Code    46  i2c.o(.text)
    I2C_ACK                                  0x08010c49   Thumb Code    68  i2c.o(.text)
    I2C_WaitAck                              0x08010c8d   Thumb Code   132  i2c.o(.text)
    I2C_SendB_Ack                            0x08010d11   Thumb Code    98  i2c.o(.text)
    I2C_RecvB_Ack                            0x08010d73   Thumb Code   136  i2c.o(.text)
    .text                                    0x08010f46   Section        0  instruct.o(.text)
    .text                                    0x08010f4c   Section        0  program.o(.text)
    .text                                    0x08011160   Section        0  si4432.o(.text)
    SPI_RW_Reg                               0x08011179   Thumb Code    44  si4432.o(.text)
    Si4432_PortInit                          0x080111a5   Thumb Code    84  si4432.o(.text)
    SI4432_SendEn                            0x080111f9   Thumb Code     8  si4432.o(.text)
    SetMode_RX                               0x08011201   Thumb Code    80  si4432.o(.text)
    Si4432_Fault                             0x08011297   Thumb Code    16  si4432.o(.text)
    Si4432_Threshold                         0x080112a7   Thumb Code   294  si4432.o(.text)
    SetMode_TX                               0x080116af   Thumb Code    28  si4432.o(.text)
    SI4432_Send_All_Data                     0x080116cb   Thumb Code   162  si4432.o(.text)
    RecDataToFifo                            0x0801176d   Thumb Code   430  si4432.o(.text)
    Check_433M_Busy                          0x0801192f   Thumb Code   218  si4432.o(.text)
    .text                                    0x08011a5c   Section        0  spi.o(.text)
    .text                                    0x08011b94   Section        0  sys.o(.text)
    .text                                    0x08011d08   Section        0  syshard.o(.text)
    .text                                    0x08011e0c   Section        0  systick.o(.text)
    .text                                    0x08011e7c   Section        0  test.o(.text)
    .text                                    0x08011ea0   Section        0  usart.o(.text)
    .text                                    0x08011fb4   Section        0  wdg.o(.text)
    .text                                    0x08012028   Section        0  flashsizeflag.o(.text)
    .text                                    0x08012038   Section        0  main.o(.text)
    .text                                    0x08012078   Section        0  unitcfg.o(.text)
    .text                                    0x080120c4   Section        0  relay.o(.text)
    .text                                    0x08012240   Section        0  led.o(.text)
    .text                                    0x08012284   Section        0  wtc6104bsi.o(.text)
    GetPinStateOfKey                         0x08012285   Thumb Code    22  wtc6104bsi.o(.text)
    KeyCreate                                0x0801229b   Thumb Code    18  wtc6104bsi.o(.text)
    .text                                    0x08012394   Section        0  keyunit.o(.text)
    KeyBindingRelayHandle                    0x080123eb   Thumb Code   116  keyunit.o(.text)
    KeyNoBindingRelayHandle                  0x0801245f   Thumb Code   106  keyunit.o(.text)
    InquireKey                               0x080124c9   Thumb Code    38  keyunit.o(.text)
    .text                                    0x0801269c   Section        0  ledunit.o(.text)
    LED_ONE_ON                               0x08012705   Thumb Code    12  ledunit.o(.text)
    LED_ONE_OFF                              0x08012711   Thumb Code    12  ledunit.o(.text)
    LED_ONE_RVRS                             0x0801271d   Thumb Code    12  ledunit.o(.text)
    LED_TWO_ON                               0x08012729   Thumb Code    12  ledunit.o(.text)
    LED_TWO_OFF                              0x08012735   Thumb Code    12  ledunit.o(.text)
    LED_TWO_RVRS                             0x08012741   Thumb Code    12  ledunit.o(.text)
    LED_THREE_ON                             0x0801274d   Thumb Code    12  ledunit.o(.text)
    LED_THREE_OFF                            0x08012759   Thumb Code    12  ledunit.o(.text)
    LED_THREE_RVRS                           0x08012765   Thumb Code    12  ledunit.o(.text)
    LED_RVRS_OPT_Func                        0x08012771   Thumb Code    50  ledunit.o(.text)
    LED_ON_OPT_Func                          0x080127a3   Thumb Code   136  ledunit.o(.text)
    LED_OFF_Anti_OPT_Func                    0x0801282b   Thumb Code   138  ledunit.o(.text)
    LED_OFF_OPT_Func                         0x080128b5   Thumb Code    56  ledunit.o(.text)
    .text                                    0x08012954   Section        0  switchunit.o(.text)
    SingleSwitchAttr_Init                    0x08012975   Thumb Code   242  switchunit.o(.text)
    Switch_DelayClr                          0x08012a67   Thumb Code    96  switchunit.o(.text)
    Switch_DelayOpt2                         0x08012ad3   Thumb Code    28  switchunit.o(.text)
    Switch_DelayOpt1                         0x08012afb   Thumb Code    26  switchunit.o(.text)
    Switch_REV                               0x08012b21   Thumb Code   104  switchunit.o(.text)
    Switch_OFF                               0x08012b9b   Thumb Code    68  switchunit.o(.text)
    Switch_ON                                0x08012bf1   Thumb Code    66  switchunit.o(.text)
    Ref_OPT_Func                             0x08012dcd   Thumb Code   556  switchunit.o(.text)
    Zero_Check_EXTI_Func                     0x08013043   Thumb Code   230  switchunit.o(.text)
    Zero_Check_TIM_Func                      0x08013191   Thumb Code   106  switchunit.o(.text)
    .text                                    0x0801324c   Section        0  switchattr.o(.text)
    SWActInstruct_Child                      0x08013543   Thumb Code    56  switchattr.o(.text)
    .text                                    0x080135d0   Section        0  keyattr.o(.text)
    .text                                    0x08013850   Section       78  rt_memclr_w.o(.text)
    .text                                    0x0801389e   Section        0  heapauxi.o(.text)
    .text                                    0x080138a4   Section       74  sys_stackheap_outer.o(.text)
    .text                                    0x080138ee   Section        0  exit.o(.text)
    .text                                    0x08013900   Section        8  libspace.o(.text)
    .text                                    0x08013908   Section        0  sys_exit.o(.text)
    .text                                    0x08013914   Section        2  use_no_semi.o(.text)
    .text                                    0x08013916   Section        0  indicate_semi.o(.text)
    i.DecryptionFlash                        0x08013918   Section        0  scene&group.o(i.DecryptionFlash)
    x$fpl$dadd                               0x0801395c   Section      336  daddsub_clz.o(x$fpl$dadd)
    _dadd1                                   0x0801396d   Thumb Code     0  daddsub_clz.o(x$fpl$dadd)
    x$fpl$dfixu                              0x08013aac   Section       90  dfixu.o(x$fpl$dfixu)
    x$fpl$dfltu                              0x08013b06   Section       38  dflt_clz.o(x$fpl$dfltu)
    x$fpl$dmul                               0x08013b2c   Section      340  dmul.o(x$fpl$dmul)
    x$fpl$dnaninf                            0x08013c80   Section      156  dnaninf.o(x$fpl$dnaninf)
    x$fpl$dretinf                            0x08013d1c   Section       12  dretinf.o(x$fpl$dretinf)
    x$fpl$dsub                               0x08013d28   Section      468  daddsub_clz.o(x$fpl$dsub)
    _dsub1                                   0x08013d39   Thumb Code     0  daddsub_clz.o(x$fpl$dsub)
    .constdata                               0x08013efc   Section       12  command.o(.constdata)
    x$fpl$usenofp                            0x08013efc   Section        0  usenofp.o(x$fpl$usenofp)
    .constdata                               0x08013f08   Section      512  crc.o(.constdata)
    .constdata                               0x08014108   Section      560  sysexeattr.o(.constdata)
    .constdata                               0x08014338   Section        8  program.o(.constdata)
    .constdata                               0x08014340   Section       30  si4432.o(.constdata)
    randWait_Tab                             0x08014356   Data           8  si4432.o(.constdata)
    .constdata                               0x0801435e   Section       23  flashsizeflag.o(.constdata)
    .constdata                               0x08014378   Section       64  unitcfg.o(.constdata)
    .constdata                               0x080143b8   Section       18  keyunit.o(.constdata)
    .constdata                               0x080143cc   Section       48  ledunit.o(.constdata)
    .constdata                               0x080143fc   Section       96  switchattr.o(.constdata)
    .constdata                               0x0801445c   Section      160  keyattr.o(.constdata)
    .data                                    0x20000000   Section       20  system_stm32f10x.o(.data)
    .data                                    0x20000014   Section        2  flashattr.o(.data)
    UPDATA_LEVEL                             0x20000014   Data           1  flashattr.o(.data)
    Version                                  0x20000015   Data           1  flashattr.o(.data)
    .data                                    0x20000018   Section        5  object.o(.data)
    seat                                     0x2000001c   Data           1  object.o(.data)
    .data                                    0x2000001d   Section        2  sign433.o(.data)
    SendCount                                0x2000001e   Data           1  sign433.o(.data)
    .data                                    0x2000001f   Section        2  updata.o(.data)
    .data                                    0x20000021   Section        1  upload.o(.data)
    Fault                                    0x20000021   Data           1  upload.o(.data)
    .data                                    0x20000022   Section        1  userdata.o(.data)
    cnt                                      0x20000022   Data           1  userdata.o(.data)
    .data                                    0x20000024   Section        4  devicereset.o(.data)
    cnt                                      0x20000024   Data           4  devicereset.o(.data)
    .data                                    0x20000028   Section       24  si4432.o(.data)
    SI4432_RSSI                              0x20000028   Data           1  si4432.o(.data)
    SI4432SendEn                             0x20000029   Data           1  si4432.o(.data)
    Threshold                                0x2000002a   Data           1  si4432.o(.data)
    seat                                     0x2000002c   Data           1  si4432.o(.data)
    busyTime                                 0x2000002e   Data           2  si4432.o(.data)
    idleTime                                 0x20000030   Data           2  si4432.o(.data)
    rand                                     0x20000032   Data           2  si4432.o(.data)
    buf                                      0x20000034   Data           4  si4432.o(.data)
    time                                     0x20000038   Data           4  si4432.o(.data)
    calculTime                               0x2000003c   Data           4  si4432.o(.data)
    .data                                    0x20000040   Section        8  systick.o(.data)
    timer                                    0x20000040   Data           4  systick.o(.data)
    RandTime                                 0x20000044   Data           4  systick.o(.data)
    .data                                    0x20000048   Section        4  test.o(.data)
    .data                                    0x2000004c   Section        3  ledunit.o(.data)
    gled_off_opt                             0x2000004c   Data           1  ledunit.o(.data)
    gled_off_Anti_opt                        0x2000004d   Data           1  ledunit.o(.data)
    gKeyNum                                  0x2000004e   Data           1  ledunit.o(.data)
    .data                                    0x20000050   Section       20  switchunit.o(.data)
    .bss                                     0x20000064   Section     2608  cmdprocess.o(.bss)
    sendBuf                                  0x20000484   Data        1024  cmdprocess.o(.bss)
    .bss                                     0x20000a94   Section      144  linkscanfifo.o(.bss)
    .bss                                     0x20000b24   Section     1651  linksimplest.o(.bss)
    .bss                                     0x20001198   Section      320  object.o(.bss)
    .bss                                     0x200012d8   Section       12  sign433.o(.bss)
    .bss                                     0x200012e4   Section      324  thread.o(.bss)
    thread                                   0x200012e4   Data         324  thread.o(.bss)
    .bss                                     0x20001428   Section      272  updata.o(.bss)
    .bss                                     0x20001538   Section       31  userdata.o(.bss)
    .bss                                     0x20001558   Section      140  userdatadownload.o(.bss)
    .bss                                     0x200015e4   Section      100  si4432.o(.bss)
    .bss                                     0x20001648   Section       32  unitcfg.o(.bss)
    .bss                                     0x20001668   Section       72  keyunit.o(.bss)
    .bss                                     0x200016b0   Section       48  ledunit.o(.bss)
    .bss                                     0x200016e0   Section      140  switchunit.o(.bss)
    .bss                                     0x2000176c   Section       96  libspace.o(.bss)
    HEAP                                     0x200017d0   Section        0  startup_stm32f10x_md.o(HEAP)
    STACK                                    0x200017d0   Section     3072  startup_stm32f10x_md.o(STACK)
    Heap_Mem                                 0x200017d0   Data           0  startup_stm32f10x_md.o(HEAP)
    Stack_Mem                                0x200017d0   Data        3072  startup_stm32f10x_md.o(STACK)
    __initial_sp                             0x200023d0   Data           0  startup_stm32f10x_md.o(STACK)

    Global Symbols

    Symbol Name                              Value     Ov Type        Size  Object(Section)

    BuildAttributes$$THM_ISAv4$P$D$K$B$S$PE$A:L22UL41UL21$X:L11$S22US41US21$IEEE1$IW$USESV6$~STKCKD$USESV7$~SHL$OSPACE$ROPI$EBA8$UX$STANDARDLIB$REQ8$PRES8$EABIv2 0x00000000   Number         0  anon$$obj.o ABSOLUTE
    __ARM_use_no_argv                        0x00000000   Number         0  main.o ABSOLUTE
    __ARM_exceptions_init                     - Undefined Weak Reference
    __alloca_initialize                       - Undefined Weak Reference
    __arm_preinit_                            - Undefined Weak Reference
    __cpp_initialize__aeabi_                  - Undefined Weak Reference
    __cxa_finalize                            - Undefined Weak Reference
    __rt_locale                               - Undefined Weak Reference
    __sigvec_lookup                           - Undefined Weak Reference
    _atexit_init                              - Undefined Weak Reference
    _call_atexit_fns                          - Undefined Weak Reference
    _clock_init                               - Undefined Weak Reference
    _fp_trap_init                             - Undefined Weak Reference
    _fp_trap_shutdown                         - Undefined Weak Reference
    _get_lc_collate                           - Undefined Weak Reference
    _get_lc_ctype                             - Undefined Weak Reference
    _get_lc_monetary                          - Undefined Weak Reference
    _get_lc_numeric                           - Undefined Weak Reference
    _get_lc_time                              - Undefined Weak Reference
    _getenv_init                              - Undefined Weak Reference
    _handle_redirection                       - Undefined Weak Reference
    _init_alloc                               - Undefined Weak Reference
    _init_user_alloc                          - Undefined Weak Reference
    _initio                                   - Undefined Weak Reference
    _rand_init                                - Undefined Weak Reference
    _signal_finish                            - Undefined Weak Reference
    _signal_init                              - Undefined Weak Reference
    _terminate_alloc                          - Undefined Weak Reference
    _terminate_user_alloc                     - Undefined Weak Reference
    _terminateio                              - Undefined Weak Reference
    __Vectors_Size                           0x000000ec   Number         0  startup_stm32f10x_md.o ABSOLUTE
    __Vectors                                0x0800c400   Data           4  startup_stm32f10x_md.o(RESET)
    __Vectors_End                            0x0800c4ec   Data           0  startup_stm32f10x_md.o(RESET)
    __main                                   0x0800c4ed   Thumb Code     8  __main.o(!!!main)
    __scatterload                            0x0800c4f5   Thumb Code     0  __scatter.o(!!!scatter)
    __scatterload_rt2                        0x0800c4f5   Thumb Code    44  __scatter.o(!!!scatter)
    __scatterload_rt2_thumb_only             0x0800c4f5   Thumb Code     0  __scatter.o(!!!scatter)
    __scatterload_null                       0x0800c503   Thumb Code     0  __scatter.o(!!!scatter)
    __scatterload_copy                       0x0800c529   Thumb Code    26  __scatter_copy.o(!!handler_copy)
    __scatterload_zeroinit                   0x0800c545   Thumb Code    28  __scatter_zi.o(!!handler_zi)
    __rt_lib_init                            0x0800c561   Thumb Code     0  libinit.o(.ARM.Collect$$libinit$$00000000)
    __rt_lib_init_alloca_1                   0x0800c563   Thumb Code     0  libinit2.o(.ARM.Collect$$libinit$$0000002E)
    __rt_lib_init_argv_1                     0x0800c563   Thumb Code     0  libinit2.o(.ARM.Collect$$libinit$$0000002C)
    __rt_lib_init_atexit_1                   0x0800c563   Thumb Code     0  libinit2.o(.ARM.Collect$$libinit$$0000001B)
    __rt_lib_init_clock_1                    0x0800c563   Thumb Code     0  libinit2.o(.ARM.Collect$$libinit$$00000021)
    __rt_lib_init_cpp_1                      0x0800c563   Thumb Code     0  libinit2.o(.ARM.Collect$$libinit$$00000032)
    __rt_lib_init_exceptions_1               0x0800c563   Thumb Code     0  libinit2.o(.ARM.Collect$$libinit$$00000030)
    __rt_lib_init_fp_1                       0x0800c563   Thumb Code     0  libinit2.o(.ARM.Collect$$libinit$$00000002)
    __rt_lib_init_fp_trap_1                  0x0800c563   Thumb Code     0  libinit2.o(.ARM.Collect$$libinit$$0000001F)
    __rt_lib_init_getenv_1                   0x0800c563   Thumb Code     0  libinit2.o(.ARM.Collect$$libinit$$00000023)
    __rt_lib_init_heap_1                     0x0800c563   Thumb Code     0  libinit2.o(.ARM.Collect$$libinit$$0000000A)
    __rt_lib_init_lc_collate_1               0x0800c563   Thumb Code     0  libinit2.o(.ARM.Collect$$libinit$$00000011)
    __rt_lib_init_lc_ctype_1                 0x0800c563   Thumb Code     0  libinit2.o(.ARM.Collect$$libinit$$00000013)
    __rt_lib_init_lc_monetary_1              0x0800c563   Thumb Code     0  libinit2.o(.ARM.Collect$$libinit$$00000015)
    __rt_lib_init_lc_numeric_1               0x0800c563   Thumb Code     0  libinit2.o(.ARM.Collect$$libinit$$00000017)
    __rt_lib_init_lc_time_1                  0x0800c563   Thumb Code     0  libinit2.o(.ARM.Collect$$libinit$$00000019)
    __rt_lib_init_preinit_1                  0x0800c563   Thumb Code     0  libinit2.o(.ARM.Collect$$libinit$$00000004)
    __rt_lib_init_rand_1                     0x0800c563   Thumb Code     0  libinit2.o(.ARM.Collect$$libinit$$0000000E)
    __rt_lib_init_return                     0x0800c563   Thumb Code     0  libinit2.o(.ARM.Collect$$libinit$$00000033)
    __rt_lib_init_signal_1                   0x0800c563   Thumb Code     0  libinit2.o(.ARM.Collect$$libinit$$0000001D)
    __rt_lib_init_stdio_1                    0x0800c563   Thumb Code     0  libinit2.o(.ARM.Collect$$libinit$$00000025)
    __rt_lib_init_user_alloc_1               0x0800c563   Thumb Code     0  libinit2.o(.ARM.Collect$$libinit$$0000000C)
    __rt_lib_shutdown                        0x0800c565   Thumb Code     0  libshutdown.o(.ARM.Collect$$libshutdown$$00000000)
    __rt_lib_shutdown_cpp_1                  0x0800c567   Thumb Code     0  libshutdown2.o(.ARM.Collect$$libshutdown$$00000002)
    __rt_lib_shutdown_fp_trap_1              0x0800c567   Thumb Code     0  libshutdown2.o(.ARM.Collect$$libshutdown$$00000007)
    __rt_lib_shutdown_heap_1                 0x0800c567   Thumb Code     0  libshutdown2.o(.ARM.Collect$$libshutdown$$0000000F)
    __rt_lib_shutdown_return                 0x0800c567   Thumb Code     0  libshutdown2.o(.ARM.Collect$$libshutdown$$00000010)
    __rt_lib_shutdown_signal_1               0x0800c567   Thumb Code     0  libshutdown2.o(.ARM.Collect$$libshutdown$$0000000A)
    __rt_lib_shutdown_stdio_1                0x0800c567   Thumb Code     0  libshutdown2.o(.ARM.Collect$$libshutdown$$00000004)
    __rt_lib_shutdown_user_alloc_1           0x0800c567   Thumb Code     0  libshutdown2.o(.ARM.Collect$$libshutdown$$0000000C)
    __rt_entry                               0x0800c569   Thumb Code     0  __rtentry.o(.ARM.Collect$$rtentry$$00000000)
    __rt_entry_presh_1                       0x0800c569   Thumb Code     0  __rtentry2.o(.ARM.Collect$$rtentry$$00000002)
    __rt_entry_sh                            0x0800c569   Thumb Code     0  __rtentry4.o(.ARM.Collect$$rtentry$$00000004)
    __rt_entry_li                            0x0800c56f   Thumb Code     0  __rtentry2.o(.ARM.Collect$$rtentry$$0000000A)
    __rt_entry_postsh_1                      0x0800c56f   Thumb Code     0  __rtentry2.o(.ARM.Collect$$rtentry$$00000009)
    __rt_entry_main                          0x0800c573   Thumb Code     0  __rtentry2.o(.ARM.Collect$$rtentry$$0000000D)
    __rt_entry_postli_1                      0x0800c573   Thumb Code     0  __rtentry2.o(.ARM.Collect$$rtentry$$0000000C)
    __rt_exit                                0x0800c57b   Thumb Code     0  rtexit.o(.ARM.Collect$$rtexit$$00000000)
    __rt_exit_ls                             0x0800c57d   Thumb Code     0  rtexit2.o(.ARM.Collect$$rtexit$$00000003)
    __rt_exit_prels_1                        0x0800c57d   Thumb Code     0  rtexit2.o(.ARM.Collect$$rtexit$$00000002)
    __rt_exit_exit                           0x0800c581   Thumb Code     0  rtexit2.o(.ARM.Collect$$rtexit$$00000004)
    CPU_CntLeadZeros                         0x0800c589   Thumb Code     6  relay.o(.emb_text)
    SystemInit                               0x0800c66f   Thumb Code    78  system_stm32f10x.o(.text)
    SystemCoreClockUpdate                    0x0800c6bd   Thumb Code   142  system_stm32f10x.o(.text)
    Reset_Handler                            0x0800c775   Thumb Code     8  startup_stm32f10x_md.o(.text)
    NMI_Handler                              0x0800c77d   Thumb Code     2  startup_stm32f10x_md.o(.text)
    HardFault_Handler                        0x0800c77f   Thumb Code     2  startup_stm32f10x_md.o(.text)
    MemManage_Handler                        0x0800c781   Thumb Code     2  startup_stm32f10x_md.o(.text)
    BusFault_Handler                         0x0800c783   Thumb Code     2  startup_stm32f10x_md.o(.text)
    UsageFault_Handler                       0x0800c785   Thumb Code     2  startup_stm32f10x_md.o(.text)
    SVC_Handler                              0x0800c787   Thumb Code     2  startup_stm32f10x_md.o(.text)
    DebugMon_Handler                         0x0800c789   Thumb Code     2  startup_stm32f10x_md.o(.text)
    PendSV_Handler                           0x0800c78b   Thumb Code     2  startup_stm32f10x_md.o(.text)
    ADC1_2_IRQHandler                        0x0800c78f   Thumb Code     0  startup_stm32f10x_md.o(.text)
    CAN1_RX1_IRQHandler                      0x0800c78f   Thumb Code     0  startup_stm32f10x_md.o(.text)
    CAN1_SCE_IRQHandler                      0x0800c78f   Thumb Code     0  startup_stm32f10x_md.o(.text)
    DMA1_Channel1_IRQHandler                 0x0800c78f   Thumb Code     0  startup_stm32f10x_md.o(.text)
    DMA1_Channel2_IRQHandler                 0x0800c78f   Thumb Code     0  startup_stm32f10x_md.o(.text)
    DMA1_Channel3_IRQHandler                 0x0800c78f   Thumb Code     0  startup_stm32f10x_md.o(.text)
    DMA1_Channel4_IRQHandler                 0x0800c78f   Thumb Code     0  startup_stm32f10x_md.o(.text)
    DMA1_Channel5_IRQHandler                 0x0800c78f   Thumb Code     0  startup_stm32f10x_md.o(.text)
    DMA1_Channel6_IRQHandler                 0x0800c78f   Thumb Code     0  startup_stm32f10x_md.o(.text)
    DMA1_Channel7_IRQHandler                 0x0800c78f   Thumb Code     0  startup_stm32f10x_md.o(.text)
    EXTI3_IRQHandler                         0x0800c78f   Thumb Code     0  startup_stm32f10x_md.o(.text)
    EXTI4_IRQHandler                         0x0800c78f   Thumb Code     0  startup_stm32f10x_md.o(.text)
    EXTI9_5_IRQHandler                       0x0800c78f   Thumb Code     0  startup_stm32f10x_md.o(.text)
    FLASH_IRQHandler                         0x0800c78f   Thumb Code     0  startup_stm32f10x_md.o(.text)
    I2C1_ER_IRQHandler                       0x0800c78f   Thumb Code     0  startup_stm32f10x_md.o(.text)
    I2C1_EV_IRQHandler                       0x0800c78f   Thumb Code     0  startup_stm32f10x_md.o(.text)
    I2C2_ER_IRQHandler                       0x0800c78f   Thumb Code     0  startup_stm32f10x_md.o(.text)
    I2C2_EV_IRQHandler                       0x0800c78f   Thumb Code     0  startup_stm32f10x_md.o(.text)
    PVD_IRQHandler                           0x0800c78f   Thumb Code     0  startup_stm32f10x_md.o(.text)
    RCC_IRQHandler                           0x0800c78f   Thumb Code     0  startup_stm32f10x_md.o(.text)
    RTCAlarm_IRQHandler                      0x0800c78f   Thumb Code     0  startup_stm32f10x_md.o(.text)
    RTC_IRQHandler                           0x0800c78f   Thumb Code     0  startup_stm32f10x_md.o(.text)
    SPI1_IRQHandler                          0x0800c78f   Thumb Code     0  startup_stm32f10x_md.o(.text)
    SPI2_IRQHandler                          0x0800c78f   Thumb Code     0  startup_stm32f10x_md.o(.text)
    TAMPER_IRQHandler                        0x0800c78f   Thumb Code     0  startup_stm32f10x_md.o(.text)
    TIM1_BRK_IRQHandler                      0x0800c78f   Thumb Code     0  startup_stm32f10x_md.o(.text)
    TIM1_CC_IRQHandler                       0x0800c78f   Thumb Code     0  startup_stm32f10x_md.o(.text)
    TIM1_TRG_COM_IRQHandler                  0x0800c78f   Thumb Code     0  startup_stm32f10x_md.o(.text)
    TIM1_UP_IRQHandler                       0x0800c78f   Thumb Code     0  startup_stm32f10x_md.o(.text)
    TIM3_IRQHandler                          0x0800c78f   Thumb Code     0  startup_stm32f10x_md.o(.text)
    USART2_IRQHandler                        0x0800c78f   Thumb Code     0  startup_stm32f10x_md.o(.text)
    USART3_IRQHandler                        0x0800c78f   Thumb Code     0  startup_stm32f10x_md.o(.text)
    USBWakeUp_IRQHandler                     0x0800c78f   Thumb Code     0  startup_stm32f10x_md.o(.text)
    USB_HP_CAN1_TX_IRQHandler                0x0800c78f   Thumb Code     0  startup_stm32f10x_md.o(.text)
    USB_LP_CAN1_RX0_IRQHandler               0x0800c78f   Thumb Code     0  startup_stm32f10x_md.o(.text)
    WWDG_IRQHandler                          0x0800c78f   Thumb Code     0  startup_stm32f10x_md.o(.text)
    __user_initial_stackheap                 0x0800c791   Thumb Code     0  startup_stm32f10x_md.o(.text)
    memcpy                                   0x0800c7b1   Thumb Code    28  bestfulib.o(.text)
    memcmp                                   0x0800c7cd   Thumb Code    40  bestfulib.o(.text)
    memset                                   0x0800c7f5   Thumb Code    18  bestfulib.o(.text)
    memmove                                  0x0800c807   Thumb Code    58  bestfulib.o(.text)
    memfind                                  0x0800c841   Thumb Code    64  bestfulib.o(.text)
    memcharget                               0x0800c881   Thumb Code    48  bestfulib.o(.text)
    Process_FIFOData                         0x0800c8cd   Thumb Code   106  cmdprocess.o(.text)
    Msg_Execute                              0x0800c973   Thumb Code   210  cmdprocess.o(.text)
    Msg_Change                               0x0800cab7   Thumb Code    32  cmdprocess.o(.text)
    FIFOInit                                 0x0800cad7   Thumb Code    72  cmdprocess.o(.text)
    ProcessSend_Fun                          0x0800cb1f   Thumb Code     8  cmdprocess.o(.text)
    cmd_get                                  0x0800cb59   Thumb Code   232  command.o(.text)
    cmd_put                                  0x0800cc41   Thumb Code   124  command.o(.text)
    ChkCrcValue                              0x0800ccc5   Thumb Code    52  crc.o(.text)
    ChkCrcValueEx                            0x0800ccf9   Thumb Code    56  crc.o(.text)
    delay_us                                 0x0800cd35   Thumb Code    24  delay.o(.text)
    delay_ms                                 0x0800cd4d   Thumb Code    28  delay.o(.text)
    ReadDataFromEEPROM                       0x0800cd69   Thumb Code   120  eeprom.o(.text)
    WriteDataToEEPROM                        0x0800cde1   Thumb Code   120  eeprom.o(.text)
    WriteDataToEEPROMEx                      0x0800ce59   Thumb Code   118  eeprom.o(.text)
    Fault_Upload                             0x0800ced1   Thumb Code    74  faultmanage.o(.text)
    fifo_Init                                0x0800cf21   Thumb Code    26  fifo.o(.text)
    fifo_Rst                                 0x0800cf3b   Thumb Code    18  fifo.o(.text)
    fifo_empty                               0x0800cf4d   Thumb Code    18  fifo.o(.text)
    fifo_validSize                           0x0800cf9f   Thumb Code    30  fifo.o(.text)
    fifo_puts                                0x0800cfbd   Thumb Code   106  fifo.o(.text)
    fifo_gets                                0x0800d027   Thumb Code   124  fifo.o(.text)
    fifo_putc                                0x0800d0a3   Thumb Code    60  fifo.o(.text)
    fifo_getc                                0x0800d0df   Thumb Code    62  fifo.o(.text)
    fifo_find                                0x0800d11d   Thumb Code    92  fifo.o(.text)
    fifo_cmp                                 0x0800d179   Thumb Code    62  fifo.o(.text)
    Set_IAPReady_Attr                        0x0800d1b9   Thumb Code   182  flashattr.o(.text)
    Set_IAPPackSave_Attr                     0x0800d26f   Thumb Code    66  flashattr.o(.text)
    Get_IAPPackCheck_Attr                    0x0800d2b1   Thumb Code    66  flashattr.o(.text)
    Set_IAPDataCRC_Attr                      0x0800d2f3   Thumb Code   104  flashattr.o(.text)
    Set_433Channel_Attr                      0x0800d35b   Thumb Code    70  flashattr.o(.text)
    Get_433Channel_Attr                      0x0800d3a1   Thumb Code    20  flashattr.o(.text)
    PropFifoInit                             0x0800d3d9   Thumb Code    14  linkscanfifo.o(.text)
    PropChangeScanAndExe                     0x0800d3e7   Thumb Code    46  linkscanfifo.o(.text)
    PropEventFifo                            0x0800d415   Thumb Code    80  linkscanfifo.o(.text)
    ALinkClr                                 0x0800d471   Thumb Code    62  linksimplest.o(.text)
    ALinkInit                                0x0800d4af   Thumb Code    42  linksimplest.o(.text)
    ChkALinkIsExist                          0x0800d4d9   Thumb Code    90  linksimplest.o(.text)
    GetALinkNum                              0x0800d533   Thumb Code    80  linksimplest.o(.text)
    QueryALink                               0x0800d583   Thumb Code    50  linksimplest.o(.text)
    CheckALinkFull                           0x0800d5b5   Thumb Code    18  linksimplest.o(.text)
    ReadALink                                0x0800d5c7   Thumb Code    50  linksimplest.o(.text)
    WriteALink                               0x0800d5f9   Thumb Code   148  linksimplest.o(.text)
    DelALink                                 0x0800d68d   Thumb Code   234  linksimplest.o(.text)
    LinkInit                                 0x0800d781   Thumb Code     8  linksrc.o(.text)
    LinkClr                                  0x0800d789   Thumb Code     8  linksrc.o(.text)
    CmpSampAndLinkValue                      0x0800d791   Thumb Code   130  linksrc.o(.text)
    GetConditionReverse                      0x0800d813   Thumb Code    56  linksrc.o(.text)
    GetConditionOffset                       0x0800d84b   Thumb Code    78  linksrc.o(.text)
    LinkSrcExe                               0x0800d899   Thumb Code   300  linksrc.o(.text)
    CheckLinkFull                            0x0800d9c9   Thumb Code    18  linkwrdc.o(.text)
    QueryLink                                0x0800d9db   Thumb Code    22  linkwrdc.o(.text)
    QueryAllLinkFromTable                    0x0800d9f1   Thumb Code    64  linkwrdc.o(.text)
    ReadLinkFromTable                        0x0800da31   Thumb Code    34  linkwrdc.o(.text)
    WriteLinkToTable                         0x0800da53   Thumb Code    62  linkwrdc.o(.text)
    DelAllLinkFromTable                      0x0800da91   Thumb Code    46  linkwrdc.o(.text)
    DelLinkFromTable                         0x0800dabf   Thumb Code    30  linkwrdc.o(.text)
    ChkLinkIsExist                           0x0800dadd   Thumb Code    26  linkwrdc.o(.text)
    GetLinkNum                               0x0800daf7   Thumb Code    22  linkwrdc.o(.text)
    WriteLinkItem                            0x0800db0d   Thumb Code    94  linkwrdc.o(.text)
    ModifyLinkItem                           0x0800db6b   Thumb Code    60  linkwrdc.o(.text)
    ReadLinkItem                             0x0800dba7   Thumb Code    48  linkwrdc.o(.text)
    QueryLinkItem                            0x0800dbd7   Thumb Code    56  linkwrdc.o(.text)
    DelLinkItem                              0x0800dc0f   Thumb Code    46  linkwrdc.o(.text)
    DelLinkForUnit                           0x0800dc3d   Thumb Code   124  linkwrdc.o(.text)
    DelLinkForPropIDandVal                   0x0800dcb9   Thumb Code    68  linkwrdc.o(.text)
    SaveSerialNum                            0x0800dd01   Thumb Code    12  msgpackage.o(.text)
    Msg_Feedback                             0x0800dd0d   Thumb Code   176  msgpackage.o(.text)
    Msg_UploadUnit                           0x0800de07   Thumb Code    62  msgpackage.o(.text)
    Msg_Upload                               0x0800de45   Thumb Code    58  msgpackage.o(.text)
    Msg_Send                                 0x0800de7f   Thumb Code    68  msgpackage.o(.text)
    Check_Area                               0x0800ded1   Thumb Code   108  object.o(.text)
    Check_AreaEx                             0x0800df3d   Thumb Code    40  object.o(.text)
    Check_BandAddr                           0x0800df65   Thumb Code   116  object.o(.text)
    Object_Check                             0x0800e093   Thumb Code  1182  object.o(.text)
    Set_Scene_Attr                           0x0800e539   Thumb Code   398  scene&group.o(.text)
    Get_Scene_Attr                           0x0800e6c7   Thumb Code   104  scene&group.o(.text)
    Set_Group_Attr                           0x0800e72f   Thumb Code   364  scene&group.o(.text)
    Get_Group_Attr                           0x0800e89b   Thumb Code    94  scene&group.o(.text)
    Sign433_SendTestFrame                    0x0800e8f9   Thumb Code    78  sign433.o(.text)
    Sign433_SendTestFrameStream              0x0800e947   Thumb Code    28  sign433.o(.text)
    ClearRecTestStatus                       0x0800e963   Thumb Code    10  sign433.o(.text)
    Sign433_SendTestReport                   0x0800e96d   Thumb Code    54  sign433.o(.text)
    Set_Sign433_StartSendFrame_Attr          0x0800e9ad   Thumb Code    70  sign433attr.o(.text)
    Get_Sign433_MasterAddr                   0x0800e9f3   Thumb Code     6  sign433attr.o(.text)
    Get_Sign433_TestPackNum                  0x0800e9f9   Thumb Code     6  sign433attr.o(.text)
    Get_Sign433_StartSendFrame_Attr          0x0800e9ff   Thumb Code    46  sign433attr.o(.text)
    Set_Sign433_StartRecFrame_Attr           0x0800ea2d   Thumb Code   100  sign433attr.o(.text)
    Get_Sign433_StartRecFrame_Attr           0x0800ea91   Thumb Code    46  sign433attr.o(.text)
    Set_Sign433_RecFrameStream_Attr          0x0800eabf   Thumb Code    66  sign433attr.o(.text)
    Get_DeviceThreshold_Attr                 0x0800eb01   Thumb Code    22  sign433attr.o(.text)
    Set_Sign433_TestState_Attr               0x0800eb17   Thumb Code    20  sign433attr.o(.text)
    Get_Sign433_TestState_Attr               0x0800eb2b   Thumb Code    16  sign433attr.o(.text)
    Upload_RESTART                           0x0800eb55   Thumb Code    10  sysexeattr.o(.text)
    SysAttr_Init                             0x0800eb5f   Thumb Code    48  sysexeattr.o(.text)
    Get_Version_Attr                         0x0800eb8f   Thumb Code   104  sysexeattr.o(.text)
    Get_DeviceType_Attr                      0x0800ebf7   Thumb Code    76  sysexeattr.o(.text)
    Set_UserID_Attr                          0x0800ec43   Thumb Code    42  sysexeattr.o(.text)
    Get_UserID_Attr                          0x0800ec6d   Thumb Code    16  sysexeattr.o(.text)
    Get_DeviceAddr_Attr                      0x0800ec7d   Thumb Code    16  sysexeattr.o(.text)
    Set_CmdAckNum_Attr                       0x0800ec8d   Thumb Code    42  sysexeattr.o(.text)
    Get_CmdAckNum_Attr                       0x0800ecb7   Thumb Code    14  sysexeattr.o(.text)
    Set_RepeatBandAddr_Attr                  0x0800ecc5   Thumb Code   138  sysexeattr.o(.text)
    Get_RepeatBandAddr_Attr                  0x0800ed4f   Thumb Code   138  sysexeattr.o(.text)
    Set_RepeatBroadcast_Attr                 0x0800edd9   Thumb Code    36  sysexeattr.o(.text)
    Get_RepeatBroadcast_Attr                 0x0800edfd   Thumb Code    22  sysexeattr.o(.text)
    Set_UnitArea_Attr                        0x0800ee13   Thumb Code   112  sysexeattr.o(.text)
    Get_UnitArea_Attr                        0x0800ee83   Thumb Code   100  sysexeattr.o(.text)
    Set_UnitType_Attr                        0x0800eee7   Thumb Code   120  sysexeattr.o(.text)
    Get_UnitType_Attr                        0x0800ef5f   Thumb Code   116  sysexeattr.o(.text)
    Set_CommonType_Attr                      0x0800efd3   Thumb Code   120  sysexeattr.o(.text)
    Get_CommonType_Attr                      0x0800f04b   Thumb Code   104  sysexeattr.o(.text)
    Set_UnitAble_Attr                        0x0800f0b3   Thumb Code   120  sysexeattr.o(.text)
    Get_UnitAble_Attr                        0x0800f12b   Thumb Code   104  sysexeattr.o(.text)
    Get_Eeprom_Info_Attr                     0x0800f193   Thumb Code    82  sysexeattr.o(.text)
    Set_FaultFlag_Attr                       0x0800f1e5   Thumb Code    36  sysexeattr.o(.text)
    Get_FaultFlag_Attr                       0x0800f209   Thumb Code    20  sysexeattr.o(.text)
    Set_UserDataFormat_Attr                  0x0800f21d   Thumb Code    94  sysexeattr.o(.text)
    Set_Link_Attr                            0x0800f27b   Thumb Code    98  sysexeattr.o(.text)
    Get_Link_Attr                            0x0800f2dd   Thumb Code    68  sysexeattr.o(.text)
    Set_DelLinkForUnit_Attr                  0x0800f321   Thumb Code    40  sysexeattr.o(.text)
    Get_ResetAddr_Attr                       0x0800f349   Thumb Code   132  sysexeattr.o(.text)
    Set_ResetAddr_Attr                       0x0800f3cd   Thumb Code   268  sysexeattr.o(.text)
    SI4432Test_Fail                          0x0800f4f1   Thumb Code    16  systestattr.o(.text)
    SI4432Test_Attr                          0x0800f501   Thumb Code    68  systestattr.o(.text)
    Thread_Init                              0x0800f555   Thumb Code     8  thread.o(.text)
    Thread_Wake                              0x0800f585   Thumb Code   132  thread.o(.text)
    Thread_Login                             0x0800f609   Thumb Code   228  thread.o(.text)
    Thread_Logout                            0x0800f6ed   Thumb Code    94  thread.o(.text)
    Thread_Hang                              0x0800f74b   Thumb Code   108  thread.o(.text)
    Thread_Process                           0x0800f7b7   Thumb Code   100  thread.o(.text)
    Thread_RunCheck                          0x0800f81b   Thumb Code    44  thread.o(.text)
    Thread_Query                             0x0800f847   Thumb Code    48  thread.o(.text)
    Set_ManyUnit_Attr                        0x0800f87d   Thumb Code   102  unitshare_attr.o(.text)
    Get_ManyUnit_Attr                        0x0800f8e3   Thumb Code   310  unitshare_attr.o(.text)
    Set_UnitChecking_Attr                    0x0800fa19   Thumb Code   110  unitshare_attr.o(.text)
    Updata_Check                             0x0800fa91   Thumb Code    22  updata.o(.text)
    Updata_Ready                             0x0800faa7   Thumb Code   142  updata.o(.text)
    Updata_PackProcess                       0x0800fb35   Thumb Code   112  updata.o(.text)
    Updata_PackCheck                         0x0800fba5   Thumb Code    76  updata.o(.text)
    Updata_Calibrate                         0x0800fbf1   Thumb Code    30  updata.o(.text)
    Updata_Channel                           0x0800fc0f   Thumb Code    84  updata.o(.text)
    Channel_Get                              0x0800fc63   Thumb Code    50  updata.o(.text)
    Updata_Flag                              0x0800fc95   Thumb Code    38  updata.o(.text)
    PartionChange                            0x0800fcbb   Thumb Code   222  updata.o(.text)
    Upload_Attr                              0x0800fdd1   Thumb Code    60  upload.o(.text)
    Upload_Fault                             0x0800fe3d   Thumb Code    40  upload.o(.text)
    Upload                                   0x0800fe65   Thumb Code    46  upload.o(.text)
    SceneEEPROM_Init                         0x0800feb1   Thumb Code    42  userdata.o(.text)
    GroupEEPROMUnit_Init                     0x0800fedb   Thumb Code    54  userdata.o(.text)
    GroupEEPROM_Init                         0x0800ff11   Thumb Code    26  userdata.o(.text)
    UnitPrivateEEPROMUnitData_Init           0x0800ff2b   Thumb Code    28  userdata.o(.text)
    UnitPrivateEEPROMData_Init               0x0800ff47   Thumb Code    26  userdata.o(.text)
    UnitPublicEEPROMUnitData_Init            0x0800ff61   Thumb Code    62  userdata.o(.text)
    UnitPublicEEPROMData_Init                0x0800ff9f   Thumb Code    26  userdata.o(.text)
    SysEEPROMData_Init                       0x0800ffb9   Thumb Code    58  userdata.o(.text)
    UserEEPROMData_Init                      0x0800fff3   Thumb Code    54  userdata.o(.text)
    FaultData_Init                           0x08010029   Thumb Code    14  userdata.o(.text)
    UserData_Init                            0x08010037   Thumb Code    92  userdata.o(.text)
    FaultData_Save                           0x08010093   Thumb Code    32  userdata.o(.text)
    FaultData_Get                            0x080100b3   Thumb Code    22  userdata.o(.text)
    SysEEPROMData_Set                        0x080100c9   Thumb Code    24  userdata.o(.text)
    UnitPublicEEPROMData_Get                 0x080100e1   Thumb Code    36  userdata.o(.text)
    UnitPublicEEPROMData_Set                 0x08010105   Thumb Code    32  userdata.o(.text)
    GroupEEPROM_Clr                          0x08010125   Thumb Code   220  userdata.o(.text)
    GroupEEPROM_Set                          0x08010201   Thumb Code   232  userdata.o(.text)
    GroupEEPROM_Get                          0x080102e9   Thumb Code   114  userdata.o(.text)
    SceneEEPROMUnit_Init                     0x080103a7   Thumb Code    72  userdata.o(.text)
    SceneEEPROM_Clr                          0x080103ef   Thumb Code    84  userdata.o(.text)
    SceneEEPROM_Set                          0x08010527   Thumb Code   144  userdata.o(.text)
    SceneEEPROM_Get                          0x080105b7   Thumb Code    76  userdata.o(.text)
    EEPROM_Write                             0x08010603   Thumb Code    46  userdata.o(.text)
    EEPROM_Read                              0x08010631   Thumb Code    46  userdata.o(.text)
    UserDataDownload_Init                    0x08010665   Thumb Code    20  userdatadownload.o(.text)
    UserDataDownload_Ready                   0x08010679   Thumb Code   244  userdatadownload.o(.text)
    UserDataFrame_Save                       0x0801076d   Thumb Code   134  userdatadownload.o(.text)
    UserDataFrame_Check                      0x080107f3   Thumb Code    78  userdatadownload.o(.text)
    DeviceResetCheck_Init                    0x080108c3   Thumb Code    38  devicereset.o(.text)
    Flash_Unlock                             0x080108f5   Thumb Code    12  flash.o(.text)
    Flash_lock                               0x08010901   Thumb Code    14  flash.o(.text)
    FLASH_ErasePage                          0x08010959   Thumb Code    74  flash.o(.text)
    Flash_ProgramHalfWord                    0x080109a3   Thumb Code    68  flash.o(.text)
    Flash_Write                              0x080109e7   Thumb Code    90  flash.o(.text)
    Flash_EraseOptionByte                    0x08010a41   Thumb Code    74  flash.o(.text)
    Flash_WriteOptionByte                    0x08010a8b   Thumb Code    80  flash.o(.text)
    Get_UniqueDeviceID                       0x08010adb   Thumb Code    24  flash.o(.text)
    GPIOx_Cfg                                0x08010b05   Thumb Code    92  gpio.o(.text)
    GPIOx_Set                                0x08010b61   Thumb Code    22  gpio.o(.text)
    GPIOx_Rst                                0x08010b77   Thumb Code    14  gpio.o(.text)
    GPIOx_Rvrs                               0x08010b85   Thumb Code    14  gpio.o(.text)
    GPIOx_Get                                0x08010b93   Thumb Code    14  gpio.o(.text)
    I2C_Init                                 0x08010bc3   Thumb Code    40  i2c.o(.text)
    IIC_GetState                             0x08010dfb   Thumb Code    40  i2c.o(.text)
    IIC_Read                                 0x08010e23   Thumb Code   102  i2c.o(.text)
    IIC_Write                                0x08010e89   Thumb Code    96  i2c.o(.text)
    IIC_WriteSame                            0x08010ee9   Thumb Code    94  i2c.o(.text)
    Instruct_Init                            0x08010f47   Thumb Code     2  instruct.o(.text)
    Instruct                                 0x08010f49   Thumb Code     2  instruct.o(.text)
    Instruct_Run                             0x08010f4b   Thumb Code     2  instruct.o(.text)
    Program_Erase                            0x08010f4d   Thumb Code    52  program.o(.text)
    Program_Write                            0x08010f81   Thumb Code    44  program.o(.text)
    Program_Read                             0x08010fad   Thumb Code    22  program.o(.text)
    Program_Read_Ext                         0x08010fc3   Thumb Code    26  program.o(.text)
    Program_Write_Ext                        0x08010fdd   Thumb Code   242  program.o(.text)
    FlashEncryptionInit                      0x080110cf   Thumb Code   114  program.o(.text)
    Flash_DefaultValue                       0x08011141   Thumb Code     6  program.o(.text)
    SetRecTestStatus                         0x08011161   Thumb Code    14  si4432.o(.text)
    GetRSSIPara                              0x0801116f   Thumb Code     4  si4432.o(.text)
    GetThresholdPara                         0x08011173   Thumb Code     6  si4432.o(.text)
    Si4432_Idle                              0x08011251   Thumb Code    70  si4432.o(.text)
    Si4432_Init                              0x080113cd   Thumb Code   738  si4432.o(.text)
    EXTI15_10_IRQHandler                     0x0801191b   Thumb Code    20  si4432.o(.text)
    Si4432_Send                              0x08011a09   Thumb Code    60  si4432.o(.text)
    SPI2_ReadWriteByte                       0x08011a5d   Thumb Code    86  spi.o(.text)
    SPI2_Init                                0x08011ab3   Thumb Code   166  spi.o(.text)
    SPI2_SetSpeed                            0x08011b59   Thumb Code    44  spi.o(.text)
    MY_NVIC_SetVectorTable                   0x08011b95   Thumb Code    12  sys.o(.text)
    MY_NVIC_PriorityGroupConfig              0x08011ba1   Thumb Code    36  sys.o(.text)
    MY_NVIC_Init                             0x08011bc5   Thumb Code   146  sys.o(.text)
    Ex_NVIC_Config                           0x08011c57   Thumb Code   146  sys.o(.text)
    SysHard_Init                             0x08011d09   Thumb Code    26  syshard.o(.text)
    HardID_Check                             0x08011d23   Thumb Code   122  syshard.o(.text)
    HardID_Change                            0x08011d9d   Thumb Code    96  syshard.o(.text)
    SysTick_Init                             0x08011e0d   Thumb Code    42  systick.o(.text)
    Time_Get                                 0x08011e37   Thumb Code     6  systick.o(.text)
    UpdateRandomTime                         0x08011e3d   Thumb Code    10  systick.o(.text)
    GetRandomTime                            0x08011e47   Thumb Code     6  systick.o(.text)
    SysTick_Handler                          0x08011e4d   Thumb Code    34  systick.o(.text)
    Test_Init                                0x08011e7d   Thumb Code    30  test.o(.text)
    UART_Init                                0x08011ea1   Thumb Code   132  usart.o(.text)
    UART_Write                               0x08011f25   Thumb Code    50  usart.o(.text)
    UART_Send                                0x08011f57   Thumb Code    44  usart.o(.text)
    USART1_IRQHandler                        0x08011f83   Thumb Code    30  usart.o(.text)
    WDG_Feed                                 0x08011fb5   Thumb Code    20  wdg.o(.text)
    WDG_Init                                 0x08011fc9   Thumb Code    60  wdg.o(.text)
    WDG_FeedOFF                              0x08012005   Thumb Code    12  wdg.o(.text)
    HardWDGTest_Attr                         0x08012011   Thumb Code    18  wdg.o(.text)
    FlashSizeFlagInit                        0x08012029   Thumb Code    10  flashsizeflag.o(.text)
    main                                     0x08012039   Thumb Code    54  main.o(.text)
    UnitCnt_Get                              0x08012079   Thumb Code     4  unitcfg.o(.text)
    Unit_Init                                0x0801207d   Thumb Code    64  unitcfg.o(.text)
    GPIO_Init                                0x080120c5   Thumb Code    48  relay.o(.text)
    EXIT_Init                                0x080120f5   Thumb Code    80  relay.o(.text)
    TIM_Init                                 0x08012145   Thumb Code   220  relay.o(.text)
    LED_Init                                 0x08012241   Thumb Code    24  led.o(.text)
    LED_ON                                   0x08012259   Thumb Code    14  led.o(.text)
    LED_OFF                                  0x08012267   Thumb Code    14  led.o(.text)
    LED_REV                                  0x08012275   Thumb Code    14  led.o(.text)
    WTC6104BSI_Init                          0x080122ad   Thumb Code    34  wtc6104bsi.o(.text)
    Key_RefreshState                         0x080122cf   Thumb Code   192  wtc6104bsi.o(.text)
    Key_Unit_Init                            0x08012395   Thumb Code    86  keyunit.o(.text)
    Key_Handle                               0x080124ef   Thumb Code   414  keyunit.o(.text)
    LED_UNIT_Init                            0x0801269d   Thumb Code   104  ledunit.o(.text)
    LED_Flash_Func                           0x080128ed   Thumb Code    68  ledunit.o(.text)
    Switch_ACZERO_REF_Unit                   0x08012955   Thumb Code    32  switchunit.o(.text)
    SW_UNIT_ONE_DelayClr                     0x08012ac7   Thumb Code    12  switchunit.o(.text)
    SW_ONE_DelayOpt2                         0x08012aef   Thumb Code    12  switchunit.o(.text)
    SW_ONE_DelayOpt1                         0x08012b15   Thumb Code    12  switchunit.o(.text)
    SW_UNIT_ONE_Reverse                      0x08012b89   Thumb Code    18  switchunit.o(.text)
    SW_UNIT_ONE_OFF                          0x08012bdf   Thumb Code    18  switchunit.o(.text)
    SW_UNIT_ONE_ON                           0x08012c33   Thumb Code    18  switchunit.o(.text)
    Switch_ONE_Unit_Init                     0x08012c45   Thumb Code   122  switchunit.o(.text)
    SW_UNIT_TWO_DelayClr                     0x08012cbf   Thumb Code    12  switchunit.o(.text)
    SW_TWO_DelayOpt2                         0x08012ccb   Thumb Code    12  switchunit.o(.text)
    SW_TWO_DelayOpt1                         0x08012cd7   Thumb Code    12  switchunit.o(.text)
    SW_UNIT_TWO_Reverse                      0x08012ce3   Thumb Code    22  switchunit.o(.text)
    SW_UNIT_TWO_OFF                          0x08012cf9   Thumb Code    22  switchunit.o(.text)
    SW_UNIT_TWO_ON                           0x08012d0f   Thumb Code    22  switchunit.o(.text)
    Switch_TWO_Unit_Init                     0x08012d25   Thumb Code   168  switchunit.o(.text)
    EXTI2_IRQHandler                         0x08012ff9   Thumb Code    74  switchunit.o(.text)
    EXTI0_IRQHandler                         0x08013129   Thumb Code    44  switchunit.o(.text)
    EXTI1_IRQHandler                         0x08013155   Thumb Code    60  switchunit.o(.text)
    TIM2_IRQHandler                          0x080131fb   Thumb Code    38  switchunit.o(.text)
    TIM4_IRQHandler                          0x08013221   Thumb Code    34  switchunit.o(.text)
    SwitchAttr_Init                          0x0801324d   Thumb Code    36  switchattr.o(.text)
    SwitchAttrEEPROM_Init                    0x08013271   Thumb Code    58  switchattr.o(.text)
    Set_SwActSwitch_Attr                     0x080132ab   Thumb Code    66  switchattr.o(.text)
    Get_SwActSwitch_Attr                     0x080132ed   Thumb Code    68  switchattr.o(.text)
    Set_SWPowerOnStatus_Attr                 0x08013331   Thumb Code    84  switchattr.o(.text)
    Get_SWPowerOnStatus_Attr                 0x08013385   Thumb Code    88  switchattr.o(.text)
    Set_SWActReversal_Attr                   0x080133dd   Thumb Code    46  switchattr.o(.text)
    Set_SWActionTimer_Attr                   0x0801340b   Thumb Code   168  switchattr.o(.text)
    Set_SW_ZeroCross_Attr_Enable             0x080134b3   Thumb Code    52  switchattr.o(.text)
    Get_SW_ZeroCross_Attr_Enable             0x080134e7   Thumb Code    46  switchattr.o(.text)
    Get_SW_ZeroCross_Attr                    0x08013515   Thumb Code    46  switchattr.o(.text)
    SWActInstruct                            0x0801357b   Thumb Code    68  switchattr.o(.text)
    KeyAttr_Init                             0x080135d1   Thumb Code    26  keyattr.o(.text)
    KeyEepromInit                            0x080135eb   Thumb Code    52  keyattr.o(.text)
    Get_TouchKeyAction_Attr                  0x0801361f   Thumb Code    56  keyattr.o(.text)
    Set_TouchKeyState_Attr                   0x08013657   Thumb Code   104  keyattr.o(.text)
    Get_TouchKeyState_Attr                   0x080136bf   Thumb Code   132  keyattr.o(.text)
    Set_RelayBangdingKey_Attr_One            0x08013743   Thumb Code    44  keyattr.o(.text)
    Get_RelayBangdingKey_Attr_One            0x0801376f   Thumb Code    16  keyattr.o(.text)
    Set_RelayBangdingKey_Attr_Two            0x0801377f   Thumb Code    48  keyattr.o(.text)
    Get_RelayBangdingKey_Attr_Two            0x080137af   Thumb Code    18  keyattr.o(.text)
    Set_LEDLogicState_Attr_One               0x080137c1   Thumb Code    46  keyattr.o(.text)
    Get_LEDLogicState_Attr_One               0x080137ef   Thumb Code    16  keyattr.o(.text)
    Set_LEDLogicState_Attr_Two               0x080137ff   Thumb Code    50  keyattr.o(.text)
    Get_LEDLogicState_Attr_Two               0x08013831   Thumb Code    18  keyattr.o(.text)
    __aeabi_memclr4                          0x08013851   Thumb Code     0  rt_memclr_w.o(.text)
    __aeabi_memclr8                          0x08013851   Thumb Code     0  rt_memclr_w.o(.text)
    __rt_memclr_w                            0x08013851   Thumb Code    78  rt_memclr_w.o(.text)
    _memset_w                                0x08013855   Thumb Code     0  rt_memclr_w.o(.text)
    __use_two_region_memory                  0x0801389f   Thumb Code     2  heapauxi.o(.text)
    __rt_heap_escrow$2region                 0x080138a1   Thumb Code     2  heapauxi.o(.text)
    __rt_heap_expand$2region                 0x080138a3   Thumb Code     2  heapauxi.o(.text)
    __user_setup_stackheap                   0x080138a5   Thumb Code    74  sys_stackheap_outer.o(.text)
    exit                                     0x080138ef   Thumb Code    18  exit.o(.text)
    __user_libspace                          0x08013901   Thumb Code     8  libspace.o(.text)
    __user_perproc_libspace                  0x08013901   Thumb Code     0  libspace.o(.text)
    __user_perthread_libspace                0x08013901   Thumb Code     0  libspace.o(.text)
    _sys_exit                                0x08013909   Thumb Code     8  sys_exit.o(.text)
    __I$use$semihosting                      0x08013915   Thumb Code     0  use_no_semi.o(.text)
    __use_no_semihosting_swi                 0x08013915   Thumb Code     2  use_no_semi.o(.text)
    __semihosting_library_function           0x08013917   Thumb Code     0  indicate_semi.o(.text)
    DecryptionFlash                          0x08013919   Thumb Code    54  scene&group.o(i.DecryptionFlash)
    __aeabi_dadd                             0x0801395d   Thumb Code     0  daddsub_clz.o(x$fpl$dadd)
    _dadd                                    0x0801395d   Thumb Code   332  daddsub_clz.o(x$fpl$dadd)
    __aeabi_d2uiz                            0x08013aad   Thumb Code     0  dfixu.o(x$fpl$dfixu)
    _dfixu                                   0x08013aad   Thumb Code    90  dfixu.o(x$fpl$dfixu)
    __aeabi_ui2d                             0x08013b07   Thumb Code     0  dflt_clz.o(x$fpl$dfltu)
    _dfltu                                   0x08013b07   Thumb Code    38  dflt_clz.o(x$fpl$dfltu)
    __aeabi_dmul                             0x08013b2d   Thumb Code     0  dmul.o(x$fpl$dmul)
    _dmul                                    0x08013b2d   Thumb Code   332  dmul.o(x$fpl$dmul)
    __fpl_dnaninf                            0x08013c81   Thumb Code   156  dnaninf.o(x$fpl$dnaninf)
    __fpl_dretinf                            0x08013d1d   Thumb Code    12  dretinf.o(x$fpl$dretinf)
    __aeabi_dsub                             0x08013d29   Thumb Code     0  daddsub_clz.o(x$fpl$dsub)
    _dsub                                    0x08013d29   Thumb Code   464  daddsub_clz.o(x$fpl$dsub)
    HeadCMD                                  0x08013efc   Data           6  command.o(.constdata)
    __I$use$fp                               0x08013efc   Number         0  usenofp.o(x$fpl$usenofp)
    TailCMD                                  0x08013f02   Data           6  command.o(.constdata)
    CRCTable                                 0x08013f08   Data         512  crc.o(.constdata)
    SysAttrTable                             0x08014108   Data         560  sysexeattr.o(.constdata)
    Si4432Cfg_Tab                            0x08014340   Data          21  si4432.o(.constdata)
    flashFlag                                0x0801435e   Data          23  flashsizeflag.o(.constdata)
    UnitTab                                  0x08014378   Data          64  unitcfg.o(.constdata)
    KeyPort                                  0x080143b8   Data          12  keyunit.o(.constdata)
    KEY_EEPROM_ADDR                          0x080143c4   Data           6  keyunit.o(.constdata)
    LEDPort                                  0x080143cc   Data          12  ledunit.o(.constdata)
    LED_Func_PTR_TAB                         0x080143d8   Data          36  ledunit.o(.constdata)
    SwitchAttrTable                          0x080143fc   Data          96  switchattr.o(.constdata)
    KeyAttrTable                             0x0801445c   Data         160  keyattr.o(.constdata)
    Region$$Table$$Base                      0x080144fc   Number         0  anon$$obj.o(Region$$Table)
    Region$$Table$$Limit                     0x0801451c   Number         0  anon$$obj.o(Region$$Table)
    SystemCoreClock                          0x20000000   Data           4  system_stm32f10x.o(.data)
    AHBPrescTable                            0x20000004   Data          16  system_stm32f10x.o(.data)
    DelayID                                  0x20000018   Data           4  object.o(.data)
    Sign433_State                            0x2000001d   Data           1  sign433.o(.data)
    PACK_SIZE                                0x2000001f   Data           1  updata.o(.data)
    err                                      0x20000020   Data           1  updata.o(.data)
    TestRecFlag                              0x2000002b   Data           1  si4432.o(.data)
    Test                                     0x20000048   Data           4  test.o(.data)
    Ref_Zero                                 0x20000050   Data           4  switchunit.o(.data)
    Switch_Actuator_Control                  0x20000054   Data           8  switchunit.o(.data)
    Switch_Actuator_Check                    0x2000005c   Data           8  switchunit.o(.data)
    rcv433fifo                               0x20000064   Data          16  cmdprocess.o(.bss)
    send433fifo                              0x20000074   Data          16  cmdprocess.o(.bss)
    rcvBuf                                   0x20000084   Data        1024  cmdprocess.o(.bss)
    rcv_433                                  0x20000884   Data         264  cmdprocess.o(.bss)
    send_433                                 0x2000098c   Data         264  cmdprocess.o(.bss)
    propfifo                                 0x20000a94   Data          16  linkscanfifo.o(.bss)
    propbuf                                  0x20000aa4   Data         128  linkscanfifo.o(.bss)
    ALink                                    0x20000b24   Data        1651  linksimplest.o(.bss)
    RData                                    0x20001198   Data         320  object.o(.bss)
    gSign433Comm                             0x200012d8   Data          12  sign433.o(.bss)
    IAP_FLAG                                 0x20001428   Data          16  updata.o(.bss)
    PACK_ID                                  0x20001438   Data         256  updata.o(.bss)
    gSysData                                 0x20001538   Data          31  userdata.o(.bss)
    UserDownload                             0x20001558   Data         140  userdatadownload.o(.bss)
    TestRecRSSI                              0x200015e4   Data         100  si4432.o(.bss)
    gUnitData                                0x20001648   Data          32  unitcfg.o(.bss)
    Key_OPT                                  0x20001668   Data          72  keyunit.o(.bss)
    LED_OPT                                  0x200016b0   Data          48  ledunit.o(.bss)
    Switch_Actuator                          0x200016e0   Data         140  switchunit.o(.bss)
    __libspace_start                         0x2000176c   Data          96  libspace.o(.bss)
    __temporary_stack_top$libspace           0x200017cc   Data           0  libspace.o(.bss)



==============================================================================

Memory Map of the image

  Image Entry point : 0x0800c4ed

  Load Region LR_IROM1 (Base: 0x0800c400, Size: 0x00008180, Max: 0x00020000, ABSOLUTE)

    Execution Region ER_IROM1 (Base: 0x0800c400, Size: 0x0000811c, Max: 0x00020000, ABSOLUTE)

    Base Addr    Size         Type   Attr      Idx    E Section Name        Object

    0x0800c400   0x000000ec   Data   RO           60    RESET               startup_stm32f10x_md.o
    0x0800c4ec   0x00000008   Code   RO         1100  * !!!main             c_w.l(__main.o)
    0x0800c4f4   0x00000034   Code   RO         1280    !!!scatter          c_w.l(__scatter.o)
    0x0800c528   0x0000001a   Code   RO         1282    !!handler_copy      c_w.l(__scatter_copy.o)
    0x0800c542   0x00000002   PAD
    0x0800c544   0x0000001c   Code   RO         1284    !!handler_zi        c_w.l(__scatter_zi.o)
    0x0800c560   0x00000002   Code   RO         1150    .ARM.Collect$$libinit$$00000000  c_w.l(libinit.o)
    0x0800c562   0x00000000   Code   RO         1157    .ARM.Collect$$libinit$$00000002  c_w.l(libinit2.o)
    0x0800c562   0x00000000   Code   RO         1159    .ARM.Collect$$libinit$$00000004  c_w.l(libinit2.o)
    0x0800c562   0x00000000   Code   RO         1162    .ARM.Collect$$libinit$$0000000A  c_w.l(libinit2.o)
    0x0800c562   0x00000000   Code   RO         1164    .ARM.Collect$$libinit$$0000000C  c_w.l(libinit2.o)
    0x0800c562   0x00000000   Code   RO         1166    .ARM.Collect$$libinit$$0000000E  c_w.l(libinit2.o)
    0x0800c562   0x00000000   Code   RO         1169    .ARM.Collect$$libinit$$00000011  c_w.l(libinit2.o)
    0x0800c562   0x00000000   Code   RO         1171    .ARM.Collect$$libinit$$00000013  c_w.l(libinit2.o)
    0x0800c562   0x00000000   Code   RO         1173    .ARM.Collect$$libinit$$00000015  c_w.l(libinit2.o)
    0x0800c562   0x00000000   Code   RO         1175    .ARM.Collect$$libinit$$00000017  c_w.l(libinit2.o)
    0x0800c562   0x00000000   Code   RO         1177    .ARM.Collect$$libinit$$00000019  c_w.l(libinit2.o)
    0x0800c562   0x00000000   Code   RO         1179    .ARM.Collect$$libinit$$0000001B  c_w.l(libinit2.o)
    0x0800c562   0x00000000   Code   RO         1181    .ARM.Collect$$libinit$$0000001D  c_w.l(libinit2.o)
    0x0800c562   0x00000000   Code   RO         1183    .ARM.Collect$$libinit$$0000001F  c_w.l(libinit2.o)
    0x0800c562   0x00000000   Code   RO         1185    .ARM.Collect$$libinit$$00000021  c_w.l(libinit2.o)
    0x0800c562   0x00000000   Code   RO         1187    .ARM.Collect$$libinit$$00000023  c_w.l(libinit2.o)
    0x0800c562   0x00000000   Code   RO         1189    .ARM.Collect$$libinit$$00000025  c_w.l(libinit2.o)
    0x0800c562   0x00000000   Code   RO         1193    .ARM.Collect$$libinit$$0000002C  c_w.l(libinit2.o)
    0x0800c562   0x00000000   Code   RO         1195    .ARM.Collect$$libinit$$0000002E  c_w.l(libinit2.o)
    0x0800c562   0x00000000   Code   RO         1197    .ARM.Collect$$libinit$$00000030  c_w.l(libinit2.o)
    0x0800c562   0x00000000   Code   RO         1199    .ARM.Collect$$libinit$$00000032  c_w.l(libinit2.o)
    0x0800c562   0x00000002   Code   RO         1200    .ARM.Collect$$libinit$$00000033  c_w.l(libinit2.o)
    0x0800c564   0x00000002   Code   RO         1220    .ARM.Collect$$libshutdown$$00000000  c_w.l(libshutdown.o)
    0x0800c566   0x00000000   Code   RO         1233    .ARM.Collect$$libshutdown$$00000002  c_w.l(libshutdown2.o)
    0x0800c566   0x00000000   Code   RO         1235    .ARM.Collect$$libshutdown$$00000004  c_w.l(libshutdown2.o)
    0x0800c566   0x00000000   Code   RO         1238    .ARM.Collect$$libshutdown$$00000007  c_w.l(libshutdown2.o)
    0x0800c566   0x00000000   Code   RO         1241    .ARM.Collect$$libshutdown$$0000000A  c_w.l(libshutdown2.o)
    0x0800c566   0x00000000   Code   RO         1243    .ARM.Collect$$libshutdown$$0000000C  c_w.l(libshutdown2.o)
    0x0800c566   0x00000000   Code   RO         1246    .ARM.Collect$$libshutdown$$0000000F  c_w.l(libshutdown2.o)
    0x0800c566   0x00000002   Code   RO         1247    .ARM.Collect$$libshutdown$$00000010  c_w.l(libshutdown2.o)
    0x0800c568   0x00000000   Code   RO         1120    .ARM.Collect$$rtentry$$00000000  c_w.l(__rtentry.o)
    0x0800c568   0x00000000   Code   RO         1127    .ARM.Collect$$rtentry$$00000002  c_w.l(__rtentry2.o)
    0x0800c568   0x00000006   Code   RO         1139    .ARM.Collect$$rtentry$$00000004  c_w.l(__rtentry4.o)
    0x0800c56e   0x00000000   Code   RO         1129    .ARM.Collect$$rtentry$$00000009  c_w.l(__rtentry2.o)
    0x0800c56e   0x00000004   Code   RO         1130    .ARM.Collect$$rtentry$$0000000A  c_w.l(__rtentry2.o)
    0x0800c572   0x00000000   Code   RO         1132    .ARM.Collect$$rtentry$$0000000C  c_w.l(__rtentry2.o)
    0x0800c572   0x00000008   Code   RO         1133    .ARM.Collect$$rtentry$$0000000D  c_w.l(__rtentry2.o)
    0x0800c57a   0x00000002   Code   RO         1154    .ARM.Collect$$rtexit$$00000000  c_w.l(rtexit.o)
    0x0800c57c   0x00000000   Code   RO         1202    .ARM.Collect$$rtexit$$00000002  c_w.l(rtexit2.o)
    0x0800c57c   0x00000004   Code   RO         1203    .ARM.Collect$$rtexit$$00000003  c_w.l(rtexit2.o)
    0x0800c580   0x00000006   Code   RO         1204    .ARM.Collect$$rtexit$$00000004  c_w.l(rtexit2.o)
    0x0800c586   0x00000002   PAD
    0x0800c588   0x00000006   Code   RO          938    .emb_text           relay.o
    0x0800c58e   0x00000002   PAD
    0x0800c590   0x000001e4   Code   RO            1    .text               system_stm32f10x.o
    0x0800c774   0x0000003c   Code   RO           61    .text               startup_stm32f10x_md.o
    0x0800c7b0   0x00000100   Code   RO           66    .text               bestfulib.o
    0x0800c8b0   0x000002a8   Code   RO           78    .text               cmdprocess.o
    0x0800cb58   0x0000016c   Code   RO          125    .text               command.o
    0x0800ccc4   0x00000070   Code   RO          146    .text               crc.o
    0x0800cd34   0x00000034   Code   RO          161    .text               delay.o
    0x0800cd68   0x00000166   Code   RO          182    .text               eeprom.o
    0x0800cece   0x00000002   PAD
    0x0800ced0   0x00000050   Code   RO          206    .text               faultmanage.o
    0x0800cf20   0x00000296   Code   RO          224    .text               fifo.o
    0x0800d1b6   0x00000002   PAD
    0x0800d1b8   0x00000220   Code   RO          236    .text               flashattr.o
    0x0800d3d8   0x00000098   Code   RO          250    .text               linkscanfifo.o
    0x0800d470   0x00000310   Code   RO          284    .text               linksimplest.o
    0x0800d780   0x00000248   Code   RO          311    .text               linksrc.o
    0x0800d9c8   0x00000338   Code   RO          323    .text               linkwrdc.o
    0x0800dd00   0x000001d0   Code   RO          339    .text               msgpackage.o
    0x0800ded0   0x00000668   Code   RO          355    .text               object.o
    0x0800e538   0x000003c0   Code   RO          385    .text               scene&group.o
    0x0800e8f8   0x000000b4   Code   RO          410    .text               sign433.o
    0x0800e9ac   0x000001a8   Code   RO          451    .text               sign433attr.o
    0x0800eb54   0x0000099c   Code   RO          470    .text               sysexeattr.o
    0x0800f4f0   0x00000064   Code   RO          504    .text               systestattr.o
    0x0800f554   0x00000328   Code   RO          530    .text               thread.o
    0x0800f87c   0x00000214   Code   RO          544    .text               unitshare_attr.o
    0x0800fa90   0x00000330   Code   RO          556    .text               updata.o
    0x0800fdc0   0x000000e0   Code   RO          572    .text               upload.o
    0x0800fea0   0x000007c4   Code   RO          586    .text               userdata.o
    0x08010664   0x00000208   Code   RO          636    .text               userdatadownload.o
    0x0801086c   0x00000088   Code   RO          654    .text               devicereset.o
    0x080108f4   0x00000210   Code   RO          670    .text               flash.o
    0x08010b04   0x000000a4   Code   RO          690    .text               gpio.o
    0x08010ba8   0x0000039e   Code   RO          702    .text               i2c.o
    0x08010f46   0x00000006   Code   RO          714    .text               instruct.o
    0x08010f4c   0x00000214   Code   RO          726    .text               program.o
    0x08011160   0x000008fc   Code   RO          739    .text               si4432.o
    0x08011a5c   0x00000138   Code   RO          769    .text               spi.o
    0x08011b94   0x00000174   Code   RO          785    .text               sys.o
    0x08011d08   0x00000104   Code   RO          800    .text               syshard.o
    0x08011e0c   0x00000070   Code   RO          815    .text               systick.o
    0x08011e7c   0x00000024   Code   RO          829    .text               test.o
    0x08011ea0   0x00000114   Code   RO          847    .text               usart.o
    0x08011fb4   0x00000074   Code   RO          862    .text               wdg.o
    0x08012028   0x00000010   Code   RO          877    .text               flashsizeflag.o
    0x08012038   0x00000040   Code   RO          892    .text               main.o
    0x08012078   0x0000004c   Code   RO          907    .text               unitcfg.o
    0x080120c4   0x0000017c   Code   RO          939    .text               relay.o
    0x08012240   0x00000042   Code   RO          957    .text               led.o
    0x08012282   0x00000002   PAD
    0x08012284   0x00000110   Code   RO          972    .text               wtc6104bsi.o
    0x08012394   0x00000308   Code   RO          984    .text               keyunit.o
    0x0801269c   0x000002b8   Code   RO         1011    .text               ledunit.o
    0x08012954   0x000008f8   Code   RO         1031    .text               switchunit.o
    0x0801324c   0x00000384   Code   RO         1054    .text               switchattr.o
    0x080135d0   0x00000280   Code   RO         1072    .text               keyattr.o
    0x08013850   0x0000004e   Code   RO         1096    .text               c_w.l(rt_memclr_w.o)
    0x0801389e   0x00000006   Code   RO         1098    .text               c_w.l(heapauxi.o)
    0x080138a4   0x0000004a   Code   RO         1141    .text               c_w.l(sys_stackheap_outer.o)
    0x080138ee   0x00000012   Code   RO         1143    .text               c_w.l(exit.o)
    0x08013900   0x00000008   Code   RO         1151    .text               c_w.l(libspace.o)
    0x08013908   0x0000000c   Code   RO         1212    .text               c_w.l(sys_exit.o)
    0x08013914   0x00000002   Code   RO         1223    .text               c_w.l(use_no_semi.o)
    0x08013916   0x00000000   Code   RO         1225    .text               c_w.l(indicate_semi.o)
    0x08013916   0x00000002   PAD
    0x08013918   0x00000044   Code   RO          394    i.DecryptionFlash   scene&group.o
    0x0801395c   0x00000150   Code   RO         1102    x$fpl$dadd          fz_ws.l(daddsub_clz.o)
    0x08013aac   0x0000005a   Code   RO         1108    x$fpl$dfixu         fz_ws.l(dfixu.o)
    0x08013b06   0x00000026   Code   RO         1112    x$fpl$dfltu         fz_ws.l(dflt_clz.o)
    0x08013b2c   0x00000154   Code   RO         1118    x$fpl$dmul          fz_ws.l(dmul.o)
    0x08013c80   0x0000009c   Code   RO         1121    x$fpl$dnaninf       fz_ws.l(dnaninf.o)
    0x08013d1c   0x0000000c   Code   RO         1123    x$fpl$dretinf       fz_ws.l(dretinf.o)
    0x08013d28   0x000001d4   Code   RO         1104    x$fpl$dsub          fz_ws.l(daddsub_clz.o)
    0x08013efc   0x00000000   Code   RO         1125    x$fpl$usenofp       fz_ws.l(usenofp.o)
    0x08013efc   0x0000000c   Data   RO          126    .constdata          command.o
    0x08013f08   0x00000200   Data   RO          147    .constdata          crc.o
    0x08014108   0x00000230   Data   RO          471    .constdata          sysexeattr.o
    0x08014338   0x00000008   Data   RO          727    .constdata          program.o
    0x08014340   0x0000001e   Data   RO          741    .constdata          si4432.o
    0x0801435e   0x00000017   Data   RO          878    .constdata          flashsizeflag.o
    0x08014375   0x00000003   PAD
    0x08014378   0x00000040   Data   RO          909    .constdata          unitcfg.o
    0x080143b8   0x00000012   Data   RO          986    .constdata          keyunit.o
    0x080143ca   0x00000002   PAD
    0x080143cc   0x00000030   Data   RO         1013    .constdata          ledunit.o
    0x080143fc   0x00000060   Data   RO         1055    .constdata          switchattr.o
    0x0801445c   0x000000a0   Data   RO         1073    .constdata          keyattr.o
    0x080144fc   0x00000020   Data   RO         1278    Region$$Table       anon$$obj.o


    Execution Region RW_IRAM1 (Base: 0x20000000, Size: 0x000023d0, Max: 0x00005000, ABSOLUTE)

    Base Addr    Size         Type   Attr      Idx    E Section Name        Object

    0x20000000   0x00000014   Data   RW            2    .data               system_stm32f10x.o
    0x20000014   0x00000002   Data   RW          237    .data               flashattr.o
    0x20000016   0x00000002   PAD
    0x20000018   0x00000005   Data   RW          357    .data               object.o
    0x2000001d   0x00000002   Data   RW          412    .data               sign433.o
    0x2000001f   0x00000002   Data   RW          558    .data               updata.o
    0x20000021   0x00000001   Data   RW          573    .data               upload.o
    0x20000022   0x00000001   Data   RW          588    .data               userdata.o
    0x20000023   0x00000001   PAD
    0x20000024   0x00000004   Data   RW          655    .data               devicereset.o
    0x20000028   0x00000018   Data   RW          742    .data               si4432.o
    0x20000040   0x00000008   Data   RW          816    .data               systick.o
    0x20000048   0x00000004   Data   RW          830    .data               test.o
    0x2000004c   0x00000003   Data   RW         1014    .data               ledunit.o
    0x2000004f   0x00000001   PAD
    0x20000050   0x00000014   Data   RW         1033    .data               switchunit.o
    0x20000064   0x00000a30   Zero   RW           79    .bss                cmdprocess.o
    0x20000a94   0x00000090   Zero   RW          251    .bss                linkscanfifo.o
    0x20000b24   0x00000673   Zero   RW          285    .bss                linksimplest.o
    0x20001197   0x00000001   PAD
    0x20001198   0x00000140   Zero   RW          356    .bss                object.o
    0x200012d8   0x0000000c   Zero   RW          411    .bss                sign433.o
    0x200012e4   0x00000144   Zero   RW          531    .bss                thread.o
    0x20001428   0x00000110   Zero   RW          557    .bss                updata.o
    0x20001538   0x0000001f   Zero   RW          587    .bss                userdata.o
    0x20001557   0x00000001   PAD
    0x20001558   0x0000008c   Zero   RW          637    .bss                userdatadownload.o
    0x200015e4   0x00000064   Zero   RW          740    .bss                si4432.o
    0x20001648   0x00000020   Zero   RW          908    .bss                unitcfg.o
    0x20001668   0x00000048   Zero   RW          985    .bss                keyunit.o
    0x200016b0   0x00000030   Zero   RW         1012    .bss                ledunit.o
    0x200016e0   0x0000008c   Zero   RW         1032    .bss                switchunit.o
    0x2000176c   0x00000060   Zero   RW         1152    .bss                c_w.l(libspace.o)
    0x200017cc   0x00000004   PAD
    0x200017d0   0x00000000   Zero   RW           59    HEAP                startup_stm32f10x_md.o
    0x200017d0   0x00000c00   Zero   RW           58    STACK               startup_stm32f10x_md.o


==============================================================================

Image component sizes


      Code (inc. data)   RO Data    RW Data    ZI Data      Debug   Object Name

       256          0          0          0          0       2614   bestfulib.o
       680         62          0          0       2608       7746   cmdprocess.o
       364          8         12          0          0       2128   command.o
       112          4        512          0          0       1999   crc.o
        52          0          0          0          0        808   delay.o
       136         12          0          4          0        836   devicereset.o
       358          0          0          0          0       3959   eeprom.o
        80          6          0          0          0       1303   faultmanage.o
       662          0          0          0          0       4394   fifo.o
       528         18          0          0          0       3343   flash.o
       544         36          0          2          0       3315   flashattr.o
        16          6         23          0          0       1528   flashsizeflag.o
       164          8          0          0          0       2057   gpio.o
       926          0          0          0          0       4033   i2c.o
         6          0          0          0          0        742   instruct.o
       640         14        160          0          0       5030   keyattr.o
       776         16         18          0         72       5055   keyunit.o
        66          0          0          0          0       1878   led.o
       696         52         48          3         48       4398   ledunit.o
       152         12          0          0        144       2677   linkscanfifo.o
       784         10          0          0       1651       6334   linksimplest.o
       584         34          0          0          0       2313   linksrc.o
       824          4          0          0          0       6532   linkwrdc.o
        64         10          0          0          0       1807   main.o
       464         14          0          0          0       3108   msgpackage.o
      1640         48          0          5        320       5528   object.o
       532         26          8          0          0       3605   program.o
       386         32          0          0          0       3391   relay.o
      1028         14          0          0          0       3936   scene&group.o
      2300        120         30         24        100       6449   si4432.o
       180         10          0          2         12       7888   sign433.o
       424         26          0          0          0       3766   sign433attr.o
       312         16          0          0          0       1145   spi.o
        60         22        236          0       3072        940   startup_stm32f10x_md.o
       900         18         96          0          0       5006   switchattr.o
      2296         58          0         20        140       9267   switchunit.o
       372         32          0          0          0       1713   sys.o
      2460         44        560          0          0      13005   sysexeattr.o
       260         16          0          0          0       1094   syshard.o
       484         42          0         20          0     214310   system_stm32f10x.o
       100         16          0          0          0       1482   systestattr.o
       112         14          0          8          0       1619   systick.o
        36          6          0          4          0        959   test.o
       808          6          0          0        324       3829   thread.o
        76          8         64          0         32       3580   unitcfg.o
       532         10          0          0          0       2612   unitshare_attr.o
       816         40          0          2        272       4483   updata.o
       224         14          0          1          0       1562   upload.o
       276         20          0          0          0       2003   usart.o
      1988         32          0          1         31      14105   userdata.o
       520         44          0          0        140       2821   userdatadownload.o
       116          6          0          0          0       1709   wdg.o
       272          6          0          0          0       1775   wtc6104bsi.o

    ----------------------------------------------------------------------
     29452       1072       1804        100       8968     403519   Object Totals
         0          0         32          0          0          0   (incl. Generated)
         8          0          5          4          2          0   (incl. Padding)

    ----------------------------------------------------------------------

      Code (inc. data)   RO Data    RW Data    ZI Data      Debug   Library Member Name

         8          0          0          0          0         68   __main.o
         0          0          0          0          0          0   __rtentry.o
        12          0          0          0          0          0   __rtentry2.o
         6          0          0          0          0          0   __rtentry4.o
        52          8          0          0          0          0   __scatter.o
        26          0          0          0          0          0   __scatter_copy.o
        28          0          0          0          0          0   __scatter_zi.o
        18          0          0          0          0         80   exit.o
         6          0          0          0          0        152   heapauxi.o
         0          0          0          0          0          0   indicate_semi.o
         2          0          0          0          0          0   libinit.o
         2          0          0          0          0          0   libinit2.o
         2          0          0          0          0          0   libshutdown.o
         2          0          0          0          0          0   libshutdown2.o
         8          4          0          0         96         68   libspace.o
        78          0          0          0          0         80   rt_memclr_w.o
         2          0          0          0          0          0   rtexit.o
        10          0          0          0          0          0   rtexit2.o
        12          4          0          0          0         68   sys_exit.o
        74          0          0          0          0         80   sys_stackheap_outer.o
         2          0          0          0          0         68   use_no_semi.o
       804         16          0          0          0        272   daddsub_clz.o
        90          4          0          0          0         92   dfixu.o
        38          0          0          0          0         68   dflt_clz.o
       340         12          0          0          0        104   dmul.o
       156          4          0          0          0         92   dnaninf.o
        12          0          0          0          0         68   dretinf.o
         0          0          0          0          0          0   usenofp.o

    ----------------------------------------------------------------------
      1796         52          0          0        100       1360   Library Totals
         6          0          0          0          4          0   (incl. Padding)

    ----------------------------------------------------------------------

      Code (inc. data)   RO Data    RW Data    ZI Data      Debug   Library Name

       350         16          0          0         96        664   c_w.l
      1440         36          0          0          0        696   fz_ws.l

    ----------------------------------------------------------------------
      1796         52          0          0        100       1360   Library Totals

    ----------------------------------------------------------------------

==============================================================================


      Code (inc. data)   RO Data    RW Data    ZI Data      Debug   

     31248       1124       1804        100       9068     400663   Grand Totals
     31248       1124       1804        100       9068     400663   ELF Image Totals
     31248       1124       1804        100          0          0   ROM Totals

==============================================================================

    Total RO  Size (Code + RO Data)                33052 (  32.28kB)
    Total RW  Size (RW Data + ZI Data)              9168 (   8.95kB)
    Total ROM Size (Code + RO Data + RW Data)      33152 (  32.38kB)

==============================================================================

