Component: ARM Compiler 5.06 update 2 (build 183) Tool: armlink [4d35b7]

==============================================================================

Section Cross References

    system_stm32f10x.o(i.RCC_GetClocksFreq) refers to system_stm32f10x.o(.data) for .data
    system_stm32f10x.o(i.SystemInit) refers to system_stm32f10x.o(i.SetSysClock) for SetSysClock
    startup_stm32f10x_md.o(STACK) refers (Special) to heapauxi.o(.text) for __use_two_region_memory
    startup_stm32f10x_md.o(HEAP) refers (Special) to heapauxi.o(.text) for __use_two_region_memory
    startup_stm32f10x_md.o(RESET) refers (Special) to heapauxi.o(.text) for __use_two_region_memory
    startup_stm32f10x_md.o(RESET) refers to startup_stm32f10x_md.o(STACK) for __initial_sp
    startup_stm32f10x_md.o(RESET) refers to startup_stm32f10x_md.o(.text) for Reset_Handler
    startup_stm32f10x_md.o(RESET) refers to systick.o(i.SysTick_Handler) for SysTick_Handler
    startup_stm32f10x_md.o(RESET) refers to usart.o(i.USART1_IRQHandler) for USART1_IRQHandler
    startup_stm32f10x_md.o(RESET) refers to si4432.o(i.EXTI15_10_IRQHandler) for EXTI15_10_IRQHandler
    startup_stm32f10x_md.o(.text) refers (Special) to heapauxi.o(.text) for __use_two_region_memory
    startup_stm32f10x_md.o(.text) refers to system_stm32f10x.o(i.SystemInit) for SystemInit
    startup_stm32f10x_md.o(.text) refers to __main.o(!!!main) for __main
    startup_stm32f10x_md.o(.text) refers to startup_stm32f10x_md.o(HEAP) for Heap_Mem
    startup_stm32f10x_md.o(.text) refers to startup_stm32f10x_md.o(STACK) for Stack_Mem
    cmdprocess.o(i.DataSend_Thread) refers to cmdprocess.o(i.Process_FIFOData) for Process_FIFOData
    cmdprocess.o(i.DataSend_Thread) refers to cmdprocess.o(.bss) for .bss
    cmdprocess.o(i.DataSend_Thread) refers to phymsgproc.o(.bss) for phy_snd433fifo
    cmdprocess.o(i.FIFOInit) refers to phymsgproc.o(i.PHY_RcvFIFO_Init) for PHY_RcvFIFO_Init
    cmdprocess.o(i.FIFOInit) refers to thread.o(i.Thread_Login) for Thread_Login
    cmdprocess.o(i.FIFOInit) refers to cmdprocess.o(.bss) for .bss
    cmdprocess.o(i.FIFOInit) refers to fifodataproc.o(i.decryptfifo_getEx) for decryptfifo_getEx
    cmdprocess.o(i.FIFOInit) refers to cmdprocess.o(i.Msg_Process) for Msg_Process
    cmdprocess.o(i.FIFOInit) refers to fifodataproc.o(i.decryptfifo_get) for decryptfifo_get
    cmdprocess.o(i.FIFOInit) refers to phymsgproc.o(i.PHY_433Send) for PHY_433Send
    cmdprocess.o(i.FIFOInit) refers to phymsgproc.o(i.PHY_USARTSend) for PHY_USARTSend
    cmdprocess.o(i.FIFOInit) refers to cmdprocess.o(i.DataSend_Thread) for DataSend_Thread
    cmdprocess.o(i.MsgReviceProc) refers to cmdprocess.o(i.Process_FIFOData) for Process_FIFOData
    cmdprocess.o(i.MsgReviceProc) refers to cmdprocess.o(.bss) for .bss
    cmdprocess.o(i.MsgReviceProc) refers to phymsgproc.o(.bss) for phy_rcv433fifo
    cmdprocess.o(i.Msg_Execute) refers to unitcfg.o(i.UnitCnt_Get) for UnitCnt_Get
    cmdprocess.o(i.Msg_Execute) refers to bestfulib.o(i.memmove) for memmove
    cmdprocess.o(i.Msg_Execute) refers to unitcfg.o(.constdata) for UnitTab
    cmdprocess.o(i.Msg_Execute) refers to unitcfg.o(.data) for gUnitData
    cmdprocess.o(i.Msg_Feedback) refers to phymsgproc.o(i.GetCurrentSrcFifoPtr) for GetCurrentSrcFifoPtr
    cmdprocess.o(i.Msg_Feedback) refers to fifodataproc.o(i.EncryptCmd_put) for EncryptCmd_put
    cmdprocess.o(i.Msg_Feedback) refers to faultmanage.o(i.Fault_Upload) for Fault_Upload
    cmdprocess.o(i.Msg_Feedback) refers to userdata.o(.bss) for gSysData
    cmdprocess.o(i.Msg_Process) refers to object.o(i.Object_Check) for Object_Check
    cmdprocess.o(i.Msg_Process) refers to cmdprocess.o(i.Msg_Execute) for Msg_Execute
    cmdprocess.o(i.Msg_Process) refers to cmdprocess.o(i.Msg_ReturnType) for Msg_ReturnType
    cmdprocess.o(i.Msg_Process) refers to cmdprocess.o(i.Msg_Feedback) for Msg_Feedback
    cmdprocess.o(i.Process_FIFOData) refers to userdata.o(.bss) for gSysData
    crc.o(i.ChkCrcValue) refers to crc.o(.constdata) for .constdata
    crc.o(i.ChkCrcValueEx) refers to crc.o(.constdata) for .constdata
    deviceupgradeattr.o(i.Get_433Channel_Attr) refers to updata.o(i.Channel_Get) for Channel_Get
    deviceupgradeattr.o(i.Get_DevUpgradeReady_Attr) refers to devparttab.o(i.GetDevPivotalSet) for GetDevPivotalSet
    deviceupgradeattr.o(i.Get_IAPPackCheck_Attr) refers to updata.o(i.Updata_PackCheck) for Updata_PackCheck
    deviceupgradeattr.o(i.Get_IAPPackCheck_Attr) refers to updata.o(.data) for UpgradeSrc
    deviceupgradeattr.o(i.Get_IAPReady_Attr) refers to iwdg.o(i.IWDG_Feed) for IWDG_Feed
    deviceupgradeattr.o(i.Get_IAPReady_Attr) refers to deviceupgradeattr.o(i.Get_DevUpgradeReady_Attr) for Get_DevUpgradeReady_Attr
    deviceupgradeattr.o(i.Get_IAPReady_Attr) refers to deviceupgradeattr.o(i.Get_IAPPackCheck_Attr) for Get_IAPPackCheck_Attr
    deviceupgradeattr.o(i.Set_433Channel_Attr) refers to updata.o(i.Channel_Get) for Channel_Get
[...]
    ..\SysHard\Program.c                     0x00000000   Number         0  program.o ABSOLUTE
    ..\SysHard\SI4432.c                      0x00000000   Number         0  si4432.o ABSOLUTE
    ..\SysHard\SysHard.c                     0x00000000   Number         0  syshard.o ABSOLUTE
    ..\SysHard\SysTick.c                     0x00000000   Number         0  systick.o ABSOLUTE
    ..\SysHard\cpu.asm                       0x00000000   Number         0  cpu.o ABSOLUTE
    ..\SysHard\flash.c                       0x00000000   Number         0  flash.o ABSOLUTE
    ..\SysHard\gpio.c                        0x00000000   Number         0  gpio.o ABSOLUTE
    ..\SysHard\i2c.c                         0x00000000   Number         0  i2c.o ABSOLUTE
    ..\SysHard\iwdg.c                        0x00000000   Number         0  iwdg.o ABSOLUTE
    ..\SysHard\spi.c                         0x00000000   Number         0  spi.o ABSOLUTE
    ..\SysHard\sys.c                         0x00000000   Number         0  sys.o ABSOLUTE
    ..\SysHard\usart.c                       0x00000000   Number         0  usart.o ABSOLUTE
    DataEncrypt.c                            0x00000000   Number         0  dataencrypt.o ABSOLUTE
    dc.s                                     0x00000000   Number         0  dc.o ABSOLUTE
    RESET                                    0x08000800   Section      236  startup_stm32f10x_md.o(RESET)
    !!!main                                  0x080008ec   Section        8  __main.o(!!!main)
    !!!scatter                               0x080008f4   Section       52  __scatter.o(!!!scatter)
    !!dczerorl                               0x08000928   Section       58  __dczerorl.o(!!dczerorl)
    !!handler_zi                             0x08000964   Section       28  __scatter_zi.o(!!handler_zi)
    .ARM.Collect$$libinit$$00000000          0x08000980   Section        2  libinit.o(.ARM.Collect$$libinit$$00000000)
    .ARM.Collect$$libinit$$00000002          0x08000982   Section        0  libinit2.o(.ARM.Collect$$libinit$$00000002)
    .ARM.Collect$$libinit$$00000004          0x08000982   Section        0  libinit2.o(.ARM.Collect$$libinit$$00000004)
    .ARM.Collect$$libinit$$0000000A          0x08000982   Section        0  libinit2.o(.ARM.Collect$$libinit$$0000000A)
    .ARM.Collect$$libinit$$0000000C          0x08000982   Section        0  libinit2.o(.ARM.Collect$$libinit$$0000000C)
    .ARM.Collect$$libinit$$0000000E          0x08000982   Section        0  libinit2.o(.ARM.Collect$$libinit$$0000000E)
    .ARM.Collect$$libinit$$00000011          0x08000982   Section        0  libinit2.o(.ARM.Collect$$libinit$$00000011)
    .ARM.Collect$$libinit$$00000013          0x08000982   Section        0  libinit2.o(.ARM.Collect$$libinit$$00000013)
    .ARM.Collect$$libinit$$00000015          0x08000982   Section        0  libinit2.o(.ARM.Collect$$libinit$$00000015)
    .ARM.Collect$$libinit$$00000017          0x08000982   Section        0  libinit2.o(.ARM.Collect$$libinit$$00000017)
    .ARM.Collect$$libinit$$00000019          0x08000982   Section        0  libinit2.o(.ARM.Collect$$libinit$$00000019)
    .ARM.Collect$$libinit$$0000001B          0x08000982   Section        0  libinit2.o(.ARM.Collect$$libinit$$0000001B)
    .ARM.Collect$$libinit$$0000001D          0x08000982   Section        0  libinit2.o(.ARM.Collect$$libinit$$0000001D)
    .ARM.Collect$$libinit$$0000001F          0x08000982   Section        0  libinit2.o(.ARM.Collect$$libinit$$0000001F)
    .ARM.Collect$$libinit$$00000021          0x08000982   Section        0  libinit2.o(.ARM.Collect$$libinit$$00000021)
    .ARM.Collect$$libinit$$00000023          0x08000982   Section        0  libinit2.o(.ARM.Collect$$libinit$$00000023)
    .ARM.Collect$$libinit$$00000025          0x08000982   Section        0  libinit2.o(.ARM.Collect$$libinit$$00000025)
    .ARM.Collect$$libinit$$0000002C          0x08000982   Section        0  libinit2.o(.ARM.Collect$$libinit$$0000002C)
    .ARM.Collect$$libinit$$0000002E          0x08000982   Section        0  libinit2.o(.ARM.Collect$$libinit$$0000002E)
    .ARM.Collect$$libinit$$00000030          0x08000982   Section        0  libinit2.o(.ARM.Collect$$libinit$$00000030)
    .ARM.Collect$$libinit$$00000032          0x08000982   Section        0  libinit2.o(.ARM.Collect$$libinit$$00000032)
    .ARM.Collect$$libinit$$00000033          0x08000982   Section        2  libinit2.o(.ARM.Collect$$libinit$$00000033)
    .ARM.Collect$$libshutdown$$00000000      0x08000984   Section        2  libshutdown.o(.ARM.Collect$$libshutdown$$00000000)
    .ARM.Collect$$libshutdown$$00000002      0x08000986   Section        0  libshutdown2.o(.ARM.Collect$$libshutdown$$00000002)
    .ARM.Collect$$libshutdown$$00000004      0x08000986   Section        0  libshutdown2.o(.ARM.Collect$$libshutdown$$00000004)
    .ARM.Collect$$libshutdown$$00000007      0x08000986   Section        0  libshutdown2.o(.ARM.Collect$$libshutdown$$00000007)
    .ARM.Collect$$libshutdown$$0000000A      0x08000986   Section        0  libshutdown2.o(.ARM.Collect$$libshutdown$$0000000A)
    .ARM.Collect$$libshutdown$$0000000C      0x08000986   Section        0  libshutdown2.o(.ARM.Collect$$libshutdown$$0000000C)
    .ARM.Collect$$libshutdown$$0000000F      0x08000986   Section        0  libshutdown2.o(.ARM.Collect$$libshutdown$$0000000F)
    .ARM.Collect$$libshutdown$$00000010      0x08000986   Section        2  libshutdown2.o(.ARM.Collect$$libshutdown$$00000010)
    .ARM.Collect$$rtentry$$00000000          0x08000988   Section        0  __rtentry.o(.ARM.Collect$$rtentry$$00000000)
    .ARM.Collect$$rtentry$$00000002          0x08000988   Section        0  __rtentry2.o(.ARM.Collect$$rtentry$$00000002)
    .ARM.Collect$$rtentry$$00000004          0x08000988   Section        6  __rtentry4.o(.ARM.Collect$$rtentry$$00000004)
    .ARM.Collect$$rtentry$$00000009          0x0800098e   Section        0  __rtentry2.o(.ARM.Collect$$rtentry$$00000009)
    .ARM.Collect$$rtentry$$0000000A          0x0800098e   Section        4  __rtentry2.o(.ARM.Collect$$rtentry$$0000000A)
    .ARM.Collect$$rtentry$$0000000C          0x08000992   Section        0  __rtentry2.o(.ARM.Collect$$rtentry$$0000000C)
    .ARM.Collect$$rtentry$$0000000D          0x08000992   Section        8  __rtentry2.o(.ARM.Collect$$rtentry$$0000000D)
    .ARM.Collect$$rtexit$$00000000           0x0800099a   Section        2  rtexit.o(.ARM.Collect$$rtexit$$00000000)
    .ARM.Collect$$rtexit$$00000002           0x0800099c   Section        0  rtexit2.o(.ARM.Collect$$rtexit$$00000002)
    .ARM.Collect$$rtexit$$00000003           0x0800099c   Section        4  rtexit2.o(.ARM.Collect$$rtexit$$00000003)
    .ARM.Collect$$rtexit$$00000004           0x080009a0   Section        6  rtexit2.o(.ARM.Collect$$rtexit$$00000004)
    .text                                    0x080009a8   Section       64  startup_stm32f10x_md.o(.text)
    .text                                    0x080009e8   Section       48  cpu.o(.text)
    .text                                    0x08000a18   Section        0  dataencrypt.o(.text)
    KeyEncodeSwapBits                        0x08000a19   Thumb Code    60  dataencrypt.o(.text)
    KeyEncodeXor                             0x08000a55   Thumb Code    26  dataencrypt.o(.text)
    KeyEncodeShift                           0x08000a6f   Thumb Code   402  dataencrypt.o(.text)
    KeyEncode                                0x08000c01   Thumb Code   142  dataencrypt.o(.text)
    DataFieldEncodeOrDecode                  0x08000c8f   Thumb Code    32  dataencrypt.o(.text)
    CheckDataFieldCRC                        0x08000caf   Thumb Code    24  dataencrypt.o(.text)
    GetEncodeFromKey                         0x08000cc7   Thumb Code    48  dataencrypt.o(.text)
    .text                                    0x08000dd4   Section        0  heapauxi.o(.text)
    .text                                    0x08000dda   Section       74  sys_stackheap_outer.o(.text)
    .text                                    0x08000e24   Section        0  exit.o(.text)
    .text                                    0x08000e38   Section        8  libspace.o(.text)
    .text                                    0x08000e40   Section        0  sys_exit.o(.text)
    .text                                    0x08000e4c   Section        2  use_no_semi.o(.text)
    .text                                    0x08000e4e   Section        0  indicate_semi.o(.text)
    i.AppJump_Init                           0x08000e50   Section        0  updata.o(i.AppJump_Init)
    i.Channel_Get                            0x08000e78   Section        0  updata.o(i.Channel_Get)
    i.Check_433M_Busy                        0x08000ec0   Section        0  si4432.o(i.Check_433M_Busy)
    Check_433M_Busy                          0x08000ec1   Thumb Code   134  si4432.o(i.Check_433M_Busy)
    i.Check_Repeat                           0x08000f54   Section        0  object.o(i.Check_Repeat)
    Check_Repeat                             0x08000f55   Thumb Code   132  object.o(i.Check_Repeat)
    i.ChkCrcValue                            0x08000fe0   Section        0  crc.o(i.ChkCrcValue)
    i.DataSend_Thread                        0x0800100c   Section        0  cmdprocess.o(i.DataSend_Thread)
    DataSend_Thread                          0x0800100d   Thumb Code    22  cmdprocess.o(i.DataSend_Thread)
    i.Delay_nNOP                             0x08001034   Section        0  i2c.o(i.Delay_nNOP)
    Delay_nNOP                               0x08001035   Thumb Code    22  i2c.o(i.Delay_nNOP)
    i.DevPivotalSetInit                      0x0800104c   Section        0  devparttab.o(i.DevPivotalSetInit)
    i.EXTI15_10_IRQHandler                   0x080010d4   Section        0  si4432.o(i.EXTI15_10_IRQHandler)
    i.EXTI_NVIC_Config                       0x080010f0   Section        0  sys.o(i.EXTI_NVIC_Config)
    i.EncryptCmd_put                         0x08001150   Section        0  fifodataproc.o(i.EncryptCmd_put)
    i.FIFOInit                               0x080011d0   Section        0  cmdprocess.o(i.FIFOInit)
    i.FLASH_ErasePage                        0x08001258   Section        0  flash.o(i.FLASH_ErasePage)
    i.FaultData_Init                         0x0800129c   Section        0  faultmanage.o(i.FaultData_Init)
    i.FaultData_Save                         0x080012a6   Section        0  faultmanage.o(i.FaultData_Save)
    i.FaultMsg                               0x080012c8   Section        0  upload.o(i.FaultMsg)
    FaultMsg                                 0x080012c9   Thumb Code    12  upload.o(i.FaultMsg)
    i.Fault_Upload                           0x080012d8   Section        0  faultmanage.o(i.Fault_Upload)
    i.Flash_ChipSize                         0x08001324   Section        0  program.o(i.Flash_ChipSize)
    i.Flash_DefaultValue                     0x08001330   Section        0  program.o(i.Flash_DefaultValue)
    i.Flash_EOP                              0x08001338   Section        0  flash.o(i.Flash_EOP)
    Flash_EOP                                0x08001339   Thumb Code    20  flash.o(i.Flash_EOP)
    i.Flash_Status                           0x08001350   Section        0  flash.o(i.Flash_Status)
    Flash_Status                             0x08001351   Thumb Code    40  flash.o(i.Flash_Status)
    i.Flash_Unlock                           0x0800137c   Section        0  flash.o(i.Flash_Unlock)
    i.Flash_Write                            0x08001394   Section        0  flash.o(i.Flash_Write)
    i.Flash_lock                             0x080013ec   Section        0  flash.o(i.Flash_lock)
    i.GPIO_Config                            0x080013fc   Section        0  gpio.o(i.GPIO_Config)
    i.GPIO_ReadInputDataBit                  0x0800149c   Section        0  gpio.o(i.GPIO_ReadInputDataBit)
    i.GPIO_ResetBits                         0x080014b4   Section        0  gpio.o(i.GPIO_ResetBits)
    i.GPIO_SetBits                           0x080014c4   Section        0  gpio.o(i.GPIO_SetBits)
    i.GPIO_ToggleBits                        0x080014d4   Section        0  gpio.o(i.GPIO_ToggleBits)
    i.GetCurrentSrcFifoPtr                   0x080014e8   Section        0  phymsgproc.o(i.GetCurrentSrcFifoPtr)
    i.GetDevPivotalSet                       0x08001524   Section        0  devparttab.o(i.GetDevPivotalSet)
    i.Get_433Channel_Attr                    0x08001530   Section        0  deviceupgradeattr.o(i.Get_433Channel_Attr)
    i.Get_DevUpgradeReady_Attr               0x08001542   Section        0  deviceupgradeattr.o(i.Get_DevUpgradeReady_Attr)
    Get_DevUpgradeReady_Attr                 0x08001543   Thumb Code    62  deviceupgradeattr.o(i.Get_DevUpgradeReady_Attr)
    i.Get_DeviceType_Attr                    0x08001580   Section        0  sysexeattr.o(i.Get_DeviceType_Attr)
    i.Get_IAPPackCheck_Attr                  0x080015c4   Section        0  deviceupgradeattr.o(i.Get_IAPPackCheck_Attr)
    Get_IAPPackCheck_Attr                    0x080015c5   Thumb Code    60  deviceupgradeattr.o(i.Get_IAPPackCheck_Attr)
    i.Get_IAPReady_Attr                      0x08001608   Section        0  deviceupgradeattr.o(i.Get_IAPReady_Attr)
    i.Get_Version_Attr                       0x08001640   Section        0  sysexeattr.o(i.Get_Version_Attr)
    i.HardID_Check                           0x080016b8   Section        0  syshard.o(i.HardID_Check)
    i.I2C_ACK                                0x08001710   Section        0  i2c.o(i.I2C_ACK)
    I2C_ACK                                  0x08001711   Thumb Code    70  i2c.o(i.I2C_ACK)
    i.I2C_Init                               0x08001756   Section        0  i2c.o(i.I2C_Init)
    i.I2C_RecvB_Ack                          0x08001788   Section        0  i2c.o(i.I2C_RecvB_Ack)
    I2C_RecvB_Ack                            0x08001789   Thumb Code   126  i2c.o(i.I2C_RecvB_Ack)
    i.I2C_SendB_Ack                          0x08001806   Section        0  i2c.o(i.I2C_SendB_Ack)
    I2C_SendB_Ack                            0x08001807   Thumb Code    96  i2c.o(i.I2C_SendB_Ack)
    i.I2C_Start                              0x08001866   Section        0  i2c.o(i.I2C_Start)
    I2C_Start                                0x08001867   Thumb Code    50  i2c.o(i.I2C_Start)
    i.I2C_Stop                               0x08001898   Section        0  i2c.o(i.I2C_Stop)
    I2C_Stop                                 0x08001899   Thumb Code    48  i2c.o(i.I2C_Stop)
    i.I2C_WaitAck                            0x080018c8   Section        0  i2c.o(i.I2C_WaitAck)
    I2C_WaitAck                              0x080018c9   Thumb Code   124  i2c.o(i.I2C_WaitAck)
    i.IIC_GetState                           0x08001944   Section        0  i2c.o(i.IIC_GetState)
    i.IIC_Read                               0x08001968   Section        0  i2c.o(i.IIC_Read)
    i.IIC_Write                              0x080019ce   Section        0  i2c.o(i.IIC_Write)
    i.IIC_WriteSame                          0x08001a2a   Section        0  i2c.o(i.IIC_WriteSame)
    i.IWDG_Config                            0x08001a84   Section        0  iwdg.o(i.IWDG_Config)
    i.IWDG_Feed                              0x08001ac0   Section        0  iwdg.o(i.IWDG_Feed)
    i.IWDG_FeedOFF                           0x08001ad4   Section        0  iwdg.o(i.IWDG_FeedOFF)
    i.Instruct_Run                           0x08001ae0   Section        0  instruct.o(i.Instruct_Run)
    i.JumpToCode                             0x08001ae4   Section        0  sys.o(i.JumpToCode)
    i.MY_NVIC_Init                           0x08001b08   Section        0  sys.o(i.MY_NVIC_Init)
    i.MY_NVIC_PriorityGroupConfig            0x08001b48   Section        0  sys.o(i.MY_NVIC_PriorityGroupConfig)
    i.MsgReviceProc                          0x08001b6c   Section        0  cmdprocess.o(i.MsgReviceProc)
    i.Msg_Execute                            0x08001b94   Section        0  cmdprocess.o(i.Msg_Execute)
    i.Msg_Feedback                           0x08001c9c   Section        0  cmdprocess.o(i.Msg_Feedback)
    i.Msg_Package                            0x08001d14   Section        0  msgpackage.o(i.Msg_Package)
    Msg_Package                              0x08001d15   Thumb Code    68  msgpackage.o(i.Msg_Package)
    i.Msg_Process                            0x08001d5c   Section        0  cmdprocess.o(i.Msg_Process)
    Msg_Process                              0x08001d5d   Thumb Code   100  cmdprocess.o(i.Msg_Process)
    i.Msg_ReturnType                         0x08001dc0   Section        0  cmdprocess.o(i.Msg_ReturnType)
    Msg_ReturnType                           0x08001dc1   Thumb Code    34  cmdprocess.o(i.Msg_ReturnType)
    i.Msg_Upload                             0x08001de2   Section        0  msgpackage.o(i.Msg_Upload)
    i.Msg_UploadUnit                         0x08001e16   Section        0  msgpackage.o(i.Msg_UploadUnit)
    i.Object_Check                           0x08001e4c   Section        0  object.o(i.Object_Check)
    i.PHY_433Send                            0x08001ec0   Section        0  phymsgproc.o(i.PHY_433Send)
    i.PHY_RcvFIFO_Init                       0x08001ecc   Section        0  phymsgproc.o(i.PHY_RcvFIFO_Init)
    i.PHY_USARTSend                          0x08001f18   Section        0  phymsgproc.o(i.PHY_USARTSend)
    i.Process_FIFOData                       0x08001f1c   Section        0  cmdprocess.o(i.Process_FIFOData)
    i.Program_Erase                          0x08001f7c   Section        0  program.o(i.Program_Erase)
    i.Program_Read                           0x08001fb0   Section        0  program.o(i.Program_Read)
    i.Program_Write                          0x08001fcc   Section        0  program.o(i.Program_Write)
    i.RCC_GetClocksFreq                      0x08001ff4   Section        0  system_stm32f10x.o(i.RCC_GetClocksFreq)
    i.ReadDataFromEEPROM                     0x08002098   Section        0  eeprom.o(i.ReadDataFromEEPROM)
    i.RecDataToFifo                          0x08002100   Section        0  si4432.o(i.RecDataToFifo)
    RecDataToFifo                            0x08002101   Thumb Code   278  si4432.o(i.RecDataToFifo)
    i.SI4432_SendEn                          0x0800221c   Section        0  si4432.o(i.SI4432_SendEn)
    SI4432_SendEn                            0x0800221d   Thumb Code     8  si4432.o(i.SI4432_SendEn)
    i.SI4432_Send_All_Data                   0x08002228   Section        0  si4432.o(i.SI4432_Send_All_Data)
    SI4432_Send_All_Data                     0x08002229   Thumb Code   152  si4432.o(i.SI4432_Send_All_Data)
    i.SPI2_Init                              0x080022c0   Section        0  spi.o(i.SPI2_Init)
    i.SPI2_ReadWriteByte                     0x0800234c   Section        0  spi.o(i.SPI2_ReadWriteByte)
    i.SPI2_SetSpeed                          0x08002394   Section        0  spi.o(i.SPI2_SetSpeed)
    i.SPI_RW_Reg                             0x080023b8   Section        0  si4432.o(i.SPI_RW_Reg)
    SPI_RW_Reg                               0x080023b9   Thumb Code    44  si4432.o(i.SPI_RW_Reg)
    i.SetMode_RX                             0x080023e4   Section        0  si4432.o(i.SetMode_RX)
    SetMode_RX                               0x080023e5   Thumb Code    78  si4432.o(i.SetMode_RX)
    i.SetMode_TX                             0x08002438   Section        0  si4432.o(i.SetMode_TX)
    SetMode_TX                               0x08002439   Thumb Code    30  si4432.o(i.SetMode_TX)
    i.SetSysClock                            0x08002458   Section        0  system_stm32f10x.o(i.SetSysClock)
    SetSysClock                              0x08002459   Thumb Code   166  system_stm32f10x.o(i.SetSysClock)
    i.Set_433Channel_Attr                    0x08002508   Section        0  deviceupgradeattr.o(i.Set_433Channel_Attr)
    i.Set_IAPDataCRC_Attr                    0x08002550   Section        0  deviceupgradeattr.o(i.Set_IAPDataCRC_Attr)
    Set_IAPDataCRC_Attr                      0x08002551   Thumb Code   100  deviceupgradeattr.o(i.Set_IAPDataCRC_Attr)
    i.Set_IAPPackSave_Attr                   0x080025c0   Section        0  deviceupgradeattr.o(i.Set_IAPPackSave_Attr)
    i.Set_IAPReady_Attr                      0x08002608   Section        0  deviceupgradeattr.o(i.Set_IAPReady_Attr)
    i.Set_UserDataFormat_Attr                0x08002632   Section        0  sysexeattr.o(i.Set_UserDataFormat_Attr)
    i.Si4432_Fault                           0x08002670   Section        0  si4432.o(i.Si4432_Fault)
    Si4432_Fault                             0x08002671   Thumb Code    10  si4432.o(i.Si4432_Fault)
    i.Si4432_Idle                            0x08002680   Section        0  si4432.o(i.Si4432_Idle)
    i.Si4432_Init                            0x080026cc   Section        0  si4432.o(i.Si4432_Init)
    i.Si4432_PortInit                        0x08002964   Section        0  si4432.o(i.Si4432_PortInit)
    Si4432_PortInit                          0x08002965   Thumb Code    84  si4432.o(i.Si4432_PortInit)
    i.Si4432_Send                            0x080029bc   Section        0  si4432.o(i.Si4432_Send)
    i.Si4432_Threshold                       0x08002a04   Section        0  si4432.o(i.Si4432_Threshold)
    Si4432_Threshold                         0x08002a05   Thumb Code   212  si4432.o(i.Si4432_Threshold)
    i.SysAttr_Init                           0x08002ae0   Section        0  sysexeattr.o(i.SysAttr_Init)
    i.SysEEPROMData_Init                     0x08002b10   Section        0  userdata.o(i.SysEEPROMData_Init)
    i.SysHard_Init                           0x08002b4c   Section        0  syshard.o(i.SysHard_Init)
    i.SysTick_Handler                        0x08002b70   Section        0  systick.o(i.SysTick_Handler)
    i.SysTick_Init                           0x08002b94   Section        0  systick.o(i.SysTick_Init)
    i.Sys_UnitAttrNum                        0x08002bb8   Section        0  sysexeattr.o(i.Sys_UnitAttrNum)
    i.SystemInit                             0x08002bbc   Section        0  system_stm32f10x.o(i.SystemInit)
    i.Thread_Check                           0x08002c10   Section        0  thread.o(i.Thread_Check)
    Thread_Check                             0x08002c11   Thumb Code    28  thread.o(i.Thread_Check)
    i.Thread_Init                            0x08002c30   Section        0  thread.o(i.Thread_Init)
    i.Thread_Login                           0x08002c3c   Section        0  thread.o(i.Thread_Login)
    i.Thread_Logout                          0x08002cc8   Section        0  thread.o(i.Thread_Logout)
    i.Thread_Process                         0x08002d0c   Section        0  thread.o(i.Thread_Process)
    i.Thread_RunCheck                        0x08002d90   Section        0  thread.o(i.Thread_RunCheck)
    i.Thread_Wake                            0x08002dcc   Section        0  thread.o(i.Thread_Wake)
    i.Time_Get                               0x08002e34   Section        0  systick.o(i.Time_Get)
    i.USART1_IRQHandler                      0x08002e40   Section        0  usart.o(i.USART1_IRQHandler)
    i.USART_Init                             0x08002e74   Section        0  usart.o(i.USART_Init)
    i.USART_Send                             0x08002ef8   Section        0  usart.o(i.USART_Send)
    i.USART_Write                            0x08002f18   Section        0  usart.o(i.USART_Write)
    USART_Write                              0x08002f19   Thumb Code    42  usart.o(i.USART_Write)
    i.UnitCnt_Get                            0x08002f48   Section        0  unitcfg.o(i.UnitCnt_Get)
    i.UnitPrivateEEPROMData_Init             0x08002f4c   Section        0  userdata.o(i.UnitPrivateEEPROMData_Init)
    i.UnitPrivateEEPROMUnitData_Init         0x08002f68   Section        0  userdata.o(i.UnitPrivateEEPROMUnitData_Init)
    i.UnitPublicEEPROMData_Get               0x08002f80   Section        0  userdata.o(i.UnitPublicEEPROMData_Get)
    i.UnitPublicEEPROMData_Init              0x08002fa0   Section        0  userdata.o(i.UnitPublicEEPROMData_Init)
    i.UnitPublicEEPROMUnitData_Init          0x08002fbc   Section        0  userdata.o(i.UnitPublicEEPROMUnitData_Init)
    i.Unit_Init                              0x08002fe4   Section        0  unitcfg.o(i.Unit_Init)
    i.Updata_Calibrate                       0x08003014   Section        0  updata.o(i.Updata_Calibrate)
    i.Updata_Channel                         0x08003034   Section        0  updata.o(i.Updata_Channel)
    i.Updata_Flag                            0x080030a8   Section        0  updata.o(i.Updata_Flag)
    i.Updata_PackCheck                       0x080030e8   Section        0  updata.o(i.Updata_PackCheck)
    i.Updata_PackProcess                     0x08003134   Section        0  updata.o(i.Updata_PackProcess)
    i.UpgradePreStage                        0x0800318c   Section        0  updata.o(i.UpgradePreStage)
    i.UpgradeReady                           0x080031ec   Section        0  updata.o(i.UpgradeReady)
    UpgradeReady                             0x080031ed   Thumb Code    68  updata.o(i.UpgradeReady)
    i.Upload_Fault                           0x08003230   Section        0  upload.o(i.Upload_Fault)
    i.Upload_RESTART                         0x08003254   Section        0  sysexeattr.o(i.Upload_RESTART)
    Upload_RESTART                           0x08003255   Thumb Code     6  sysexeattr.o(i.Upload_RESTART)
    i.UserData_Init                          0x0800325c   Section        0  userdata.o(i.UserData_Init)
    i.UserEEPROMData_Init                    0x080032c0   Section        0  userdata.o(i.UserEEPROMData_Init)
    i.WriteDataToEEPROM                      0x080032f4   Section        0  eeprom.o(i.WriteDataToEEPROM)
    i.WriteDataToEEPROMEx                    0x0800335a   Section        0  eeprom.o(i.WriteDataToEEPROMEx)
    i.decryptfifo_get                        0x080033c0   Section        0  fifodataproc.o(i.decryptfifo_get)
    i.decryptfifo_getEx                      0x08003458   Section        0  fifodataproc.o(i.decryptfifo_getEx)
    i.delay_ms                               0x08003488   Section        0  delay.o(i.delay_ms)
    i.delay_us                               0x080034a4   Section        0  delay.o(i.delay_us)
    i.fifo_Init                              0x080034b6   Section        0  fifo.o(i.fifo_Init)
    i.fifo_cmp                               0x080034cc   Section        0  fifo.o(i.fifo_cmp)
    i.fifo_empty                             0x08003502   Section        0  fifo.o(i.fifo_empty)
    i.fifo_find                              0x08003512   Section        0  fifo.o(i.fifo_find)
    i.fifo_full                              0x0800355e   Section        0  fifo.o(i.fifo_full)
    fifo_full                                0x0800355f   Thumb Code    28  fifo.o(i.fifo_full)
    i.fifo_gets                              0x0800357a   Section        0  fifo.o(i.fifo_gets)
    i.fifo_putc                              0x080035e0   Section        0  fifo.o(i.fifo_putc)
    i.fifo_puts                              0x08003616   Section        0  fifo.o(i.fifo_puts)
    i.fifo_surplusSize                       0x0800366e   Section        0  fifo.o(i.fifo_surplusSize)
    fifo_surplusSize                         0x0800366f   Thumb Code    24  fifo.o(i.fifo_surplusSize)
    i.fifo_validSize                         0x08003686   Section        0  fifo.o(i.fifo_validSize)
    i.head_put                               0x0800369c   Section        0  fifodataproc.o(i.head_put)
    i.main                                   0x080036a8   Section        0  main.o(i.main)
    i.memcmp                                 0x080036ca   Section        0  bestfulib.o(i.memcmp)
    i.memcpy                                 0x080036ec   Section        0  bestfulib.o(i.memcpy)
    i.memmove                                0x08003704   Section        0  bestfulib.o(i.memmove)
    i.memset                                 0x0800373e   Section        0  bestfulib.o(i.memset)
    i.tail_put                               0x08003750   Section        0  fifodataproc.o(i.tail_put)
    .constdata                               0x0800375c   Section      512  crc.o(.constdata)
    .constdata                               0x0800395c   Section        6  pivotaldatatype.o(.constdata)
    .constdata                               0x08003962   Section        6  pivotaldatatype.o(.constdata)
    .constdata                               0x08003968   Section       96  sysexeattr.o(.constdata)
    .constdata                               0x080039c8   Section       72  devparttab.o(.constdata)
    .constdata                               0x08003a10   Section        8  si4432.o(.constdata)
    randWait_Tab                             0x08003a10   Data           8  si4432.o(.constdata)
    .constdata                               0x08003a18   Section       20  unitcfg.o(.constdata)
    .constdata                               0x08003a2c   Section       16  dataencrypt.o(.constdata)
    .data                                    0x20000000   Section       28  system_stm32f10x.o(.data)
    ADCPrescTable                            0x20000000   Data           4  system_stm32f10x.o(.data)
    APBPrescTable                            0x20000004   Data           8  system_stm32f10x.o(.data)
    AHBPrescTable                            0x2000000c   Data          16  system_stm32f10x.o(.data)
    .data                                    0x2000001c   Section        8  object.o(.data)
    seat                                     0x2000001c   Data           1  object.o(.data)
    .data                                    0x20000024   Section      265  updata.o(.data)
    .data                                    0x2000012d   Section        1  userdata.o(.data)
    cnt                                      0x2000012d   Data           1  userdata.o(.data)
    .data                                    0x2000012e   Section        1  upload.o(.data)
    Fault                                    0x2000012e   Data           1  upload.o(.data)
    .data                                    0x20000130   Section        4  devparttab.o(.data)
    pDevPivotalSet                           0x20000130   Data           4  devparttab.o(.data)
    .data                                    0x20000134   Section        4  systick.o(.data)
    su_timer                                 0x20000134   Data           4  systick.o(.data)
    .data                                    0x20000138   Section       24  si4432.o(.data)
    Threshold                                0x20000138   Data           1  si4432.o(.data)
    seat                                     0x20000139   Data           1  si4432.o(.data)
    SI4432SendEn                             0x2000013a   Data           1  si4432.o(.data)
    busyTime                                 0x2000013c   Data           2  si4432.o(.data)
    idleTime                                 0x2000013e   Data           2  si4432.o(.data)
    rand                                     0x20000140   Data           2  si4432.o(.data)
    buf                                      0x20000142   Data           4  si4432.o(.data)
    time                                     0x20000148   Data           4  si4432.o(.data)
    calculTime                               0x2000014c   Data           4  si4432.o(.data)
    .data                                    0x20000150   Section        8  unitcfg.o(.data)
    .data                                    0x20000158   Section        8  dataencrypt.o(.data)
    DevMac                                   0x20000158   Data           4  dataencrypt.o(.data)
    ActiveKey                                0x2000015c   Data           4  dataencrypt.o(.data)
    .bss                                     0x20000160   Section     1088  cmdprocess.o(.bss)
    .bss                                     0x200005a0   Section      280  object.o(.bss)
    RData                                    0x200005a0   Data         280  object.o(.bss)
    .bss                                     0x200006b8   Section     4200  phymsgproc.o(.bss)
    MsgSrcFIFOPtr                            0x200006b8   Data          40  phymsgproc.o(.bss)
    phy_rcv433Buf                            0x20000700   Data        1024  phymsgproc.o(.bss)
    phy_snd433Buf                            0x20000b00   Data        1024  phymsgproc.o(.bss)
    phy_rcvUsartBuf                          0x20000f20   Data        1024  phymsgproc.o(.bss)
    phy_sndUsartBuf                          0x20001320   Data        1024  phymsgproc.o(.bss)
    .bss                                     0x20001720   Section      324  thread.o(.bss)
    thread                                   0x20001720   Data         324  thread.o(.bss)
    .bss                                     0x20001864   Section       32  updata.o(.bss)
    .bss                                     0x20001884   Section       31  userdata.o(.bss)
    .bss                                     0x200018a4   Section       96  libspace.o(.bss)
    HEAP                                     0x20001908   Section      256  startup_stm32f10x_md.o(HEAP)
    Heap_Mem                                 0x20001908   Data         256  startup_stm32f10x_md.o(HEAP)
    STACK                                    0x20001a08   Section     2048  startup_stm32f10x_md.o(STACK)
    Stack_Mem                                0x20001a08   Data        2048  startup_stm32f10x_md.o(STACK)
    __initial_sp                             0x20002208   Data           0  startup_stm32f10x_md.o(STACK)

    Global Symbols

    Symbol Name                              Value     Ov Type        Size  Object(Section)

    BuildAttributes$$THM_ISAv4$P$D$K$B$S$PE$A:L22UL41UL21$X:L11$S22US41US21$IEEE1$IW$USESV6$~STKCKD$USESV7$~SHL$OSPACE$ROPI$EBA8$UX$STANDARDLIB$REQ8$PRES8$EABIv2 0x00000000   Number         0  anon$$obj.o ABSOLUTE
    __ARM_use_no_argv                        0x00000000   Number         0  main.o ABSOLUTE
    __ARM_exceptions_init                     - Undefined Weak Reference
    __alloca_initialize                       - Undefined Weak Reference
    __arm_preinit_                            - Undefined Weak Reference
    __cpp_initialize__aeabi_                  - Undefined Weak Reference
    __cxa_finalize                            - Undefined Weak Reference
    __rt_locale                               - Undefined Weak Reference
    __sigvec_lookup                           - Undefined Weak Reference
    _atexit_init                              - Undefined Weak Reference
    _call_atexit_fns                          - Undefined Weak Reference
    _clock_init                               - Undefined Weak Reference
    _fp_trap_init                             - Undefined Weak Reference
    _fp_trap_shutdown                         - Undefined Weak Reference
    _get_lc_collate                           - Undefined Weak Reference
    _get_lc_ctype                             - Undefined Weak Reference
    _get_lc_monetary                          - Undefined Weak Reference
    _get_lc_numeric                           - Undefined Weak Reference
    _get_lc_time                              - Undefined Weak Reference
    _getenv_init                              - Undefined Weak Reference
    _handle_redirection                       - Undefined Weak Reference
    _init_alloc                               - Undefined Weak Reference
    _init_user_alloc                          - Undefined Weak Reference
    _initio                                   - Undefined Weak Reference
    _rand_init                                - Undefined Weak Reference
    _signal_finish                            - Undefined Weak Reference
    _signal_init                              - Undefined Weak Reference
    _terminate_alloc                          - Undefined Weak Reference
    _terminate_user_alloc                     - Undefined Weak Reference
    _terminateio                              - Undefined Weak Reference
    __Vectors_Size                           0x000000ec   Number         0  startup_stm32f10x_md.o ABSOLUTE
    __Vectors                                0x08000800   Data           4  startup_stm32f10x_md.o(RESET)
    __Vectors_End                            0x080008ec   Data           0  startup_stm32f10x_md.o(RESET)
    __main                                   0x080008ed   Thumb Code     8  __main.o(!!!main)
    __scatterload                            0x080008f5   Thumb Code     0  __scatter.o(!!!scatter)
    __scatterload_rt2                        0x080008f5   Thumb Code    44  __scatter.o(!!!scatter)
    __scatterload_rt2_thumb_only             0x080008f5   Thumb Code     0  __scatter.o(!!!scatter)
    __scatterload_null                       0x08000903   Thumb Code     0  __scatter.o(!!!scatter)
    __decompress                             0x08000929   Thumb Code    58  __dczerorl.o(!!dczerorl)
    __decompress0                            0x08000929   Thumb Code     0  __dczerorl.o(!!dczerorl)
    __scatterload_zeroinit                   0x08000965   Thumb Code    28  __scatter_zi.o(!!handler_zi)
    __rt_lib_init                            0x08000981   Thumb Code     0  libinit.o(.ARM.Collect$$libinit$$00000000)
    __rt_lib_init_alloca_1                   0x08000983   Thumb Code     0  libinit2.o(.ARM.Collect$$libinit$$0000002E)
    __rt_lib_init_argv_1                     0x08000983   Thumb Code     0  libinit2.o(.ARM.Collect$$libinit$$0000002C)
    __rt_lib_init_atexit_1                   0x08000983   Thumb Code     0  libinit2.o(.ARM.Collect$$libinit$$0000001B)
    __rt_lib_init_clock_1                    0x08000983   Thumb Code     0  libinit2.o(.ARM.Collect$$libinit$$00000021)
    __rt_lib_init_cpp_1                      0x08000983   Thumb Code     0  libinit2.o(.ARM.Collect$$libinit$$00000032)
    __rt_lib_init_exceptions_1               0x08000983   Thumb Code     0  libinit2.o(.ARM.Collect$$libinit$$00000030)
    __rt_lib_init_fp_1                       0x08000983   Thumb Code     0  libinit2.o(.ARM.Collect$$libinit$$00000002)
    __rt_lib_init_fp_trap_1                  0x08000983   Thumb Code     0  libinit2.o(.ARM.Collect$$libinit$$0000001F)
    __rt_lib_init_getenv_1                   0x08000983   Thumb Code     0  libinit2.o(.ARM.Collect$$libinit$$00000023)
    __rt_lib_init_heap_1                     0x08000983   Thumb Code     0  libinit2.o(.ARM.Collect$$libinit$$0000000A)
    __rt_lib_init_lc_collate_1               0x08000983   Thumb Code     0  libinit2.o(.ARM.Collect$$libinit$$00000011)
    __rt_lib_init_lc_ctype_1                 0x08000983   Thumb Code     0  libinit2.o(.ARM.Collect$$libinit$$00000013)
    __rt_lib_init_lc_monetary_1              0x08000983   Thumb Code     0  libinit2.o(.ARM.Collect$$libinit$$00000015)
    __rt_lib_init_lc_numeric_1               0x08000983   Thumb Code     0  libinit2.o(.ARM.Collect$$libinit$$00000017)
    __rt_lib_init_lc_time_1                  0x08000983   Thumb Code     0  libinit2.o(.ARM.Collect$$libinit$$00000019)
    __rt_lib_init_preinit_1                  0x08000983   Thumb Code     0  libinit2.o(.ARM.Collect$$libinit$$00000004)
    __rt_lib_init_rand_1                     0x08000983   Thumb Code     0  libinit2.o(.ARM.Collect$$libinit$$0000000E)
    __rt_lib_init_return                     0x08000983   Thumb Code     0  libinit2.o(.ARM.Collect$$libinit$$00000033)
    __rt_lib_init_signal_1                   0x08000983   Thumb Code     0  libinit2.o(.ARM.Collect$$libinit$$0000001D)
    __rt_lib_init_stdio_1                    0x08000983   Thumb Code     0  libinit2.o(.ARM.Collect$$libinit$$00000025)
    __rt_lib_init_user_alloc_1               0x08000983   Thumb Code     0  libinit2.o(.ARM.Collect$$libinit$$0000000C)
    __rt_lib_shutdown                        0x08000985   Thumb Code     0  libshutdown.o(.ARM.Collect$$libshutdown$$00000000)
    __rt_lib_shutdown_cpp_1                  0x08000987   Thumb Code     0  libshutdown2.o(.ARM.Collect$$libshutdown$$00000002)
    __rt_lib_shutdown_fp_trap_1              0x08000987   Thumb Code     0  libshutdown2.o(.ARM.Collect$$libshutdown$$00000007)
    __rt_lib_shutdown_heap_1                 0x08000987   Thumb Code     0  libshutdown2.o(.ARM.Collect$$libshutdown$$0000000F)
    __rt_lib_shutdown_return                 0x08000987   Thumb Code     0  libshutdown2.o(.ARM.Collect$$libshutdown$$00000010)
    __rt_lib_shutdown_signal_1               0x08000987   Thumb Code     0  libshutdown2.o(.ARM.Collect$$libshutdown$$0000000A)
    __rt_lib_shutdown_stdio_1                0x08000987   Thumb Code     0  libshutdown2.o(.ARM.Collect$$libshutdown$$00000004)
    __rt_lib_shutdown_user_alloc_1           0x08000987   Thumb Code     0  libshutdown2.o(.ARM.Collect$$libshutdown$$0000000C)
    __rt_entry                               0x08000989   Thumb Code     0  __rtentry.o(.ARM.Collect$$rtentry$$00000000)
    __rt_entry_presh_1                       0x08000989   Thumb Code     0  __rtentry2.o(.ARM.Collect$$rtentry$$00000002)
    __rt_entry_sh                            0x08000989   Thumb Code     0  __rtentry4.o(.ARM.Collect$$rtentry$$00000004)
    __rt_entry_li                            0x0800098f   Thumb Code     0  __rtentry2.o(.ARM.Collect$$rtentry$$0000000A)
    __rt_entry_postsh_1                      0x0800098f   Thumb Code     0  __rtentry2.o(.ARM.Collect$$rtentry$$00000009)
    __rt_entry_main                          0x08000993   Thumb Code     0  __rtentry2.o(.ARM.Collect$$rtentry$$0000000D)
    __rt_entry_postli_1                      0x08000993   Thumb Code     0  __rtentry2.o(.ARM.Collect$$rtentry$$0000000C)
    __rt_exit                                0x0800099b   Thumb Code     0  rtexit.o(.ARM.Collect$$rtexit$$00000000)
    __rt_exit_ls                             0x0800099d   Thumb Code     0  rtexit2.o(.ARM.Collect$$rtexit$$00000003)
    __rt_exit_prels_1                        0x0800099d   Thumb Code     0  rtexit2.o(.ARM.Collect$$rtexit$$00000002)
    __rt_exit_exit                           0x080009a1   Thumb Code     0  rtexit2.o(.ARM.Collect$$rtexit$$00000004)
    Reset_Handler                            0x080009a9   Thumb Code     8  startup_stm32f10x_md.o(.text)
    NMI_Handler                              0x080009b1   Thumb Code     2  startup_stm32f10x_md.o(.text)
    HardFault_Handler                        0x080009b3   Thumb Code     2  startup_stm32f10x_md.o(.text)
    MemManage_Handler                        0x080009b5   Thumb Code     2  startup_stm32f10x_md.o(.text)
    BusFault_Handler                         0x080009b7   Thumb Code     2  startup_stm32f10x_md.o(.text)
    UsageFault_Handler                       0x080009b9   Thumb Code     2  startup_stm32f10x_md.o(.text)
    SVC_Handler                              0x080009bb   Thumb Code     2  startup_stm32f10x_md.o(.text)
    DebugMon_Handler                         0x080009bd   Thumb Code     2  startup_stm32f10x_md.o(.text)
    PendSV_Handler                           0x080009bf   Thumb Code     2  startup_stm32f10x_md.o(.text)
    ADC1_2_IRQHandler                        0x080009c3   Thumb Code     0  startup_stm32f10x_md.o(.text)
    CAN1_RX1_IRQHandler                      0x080009c3   Thumb Code     0  startup_stm32f10x_md.o(.text)
    CAN1_SCE_IRQHandler                      0x080009c3   Thumb Code     0  startup_stm32f10x_md.o(.text)
    DMA1_Channel1_IRQHandler                 0x080009c3   Thumb Code     0  startup_stm32f10x_md.o(.text)
    DMA1_Channel2_IRQHandler                 0x080009c3   Thumb Code     0  startup_stm32f10x_md.o(.text)
    DMA1_Channel3_IRQHandler                 0x080009c3   Thumb Code     0  startup_stm32f10x_md.o(.text)
    DMA1_Channel4_IRQHandler                 0x080009c3   Thumb Code     0  startup_stm32f10x_md.o(.text)
    DMA1_Channel5_IRQHandler                 0x080009c3   Thumb Code     0  startup_stm32f10x_md.o(.text)
    DMA1_Channel6_IRQHandler                 0x080009c3   Thumb Code     0  startup_stm32f10x_md.o(.text)
    DMA1_Channel7_IRQHandler                 0x080009c3   Thumb Code     0  startup_stm32f10x_md.o(.text)
    EXTI0_IRQHandler                         0x080009c3   Thumb Code     0  startup_stm32f10x_md.o(.text)
    EXTI1_IRQHandler                         0x080009c3   Thumb Code     0  startup_stm32f10x_md.o(.text)
    EXTI2_IRQHandler                         0x080009c3   Thumb Code     0  startup_stm32f10x_md.o(.text)
    EXTI3_IRQHandler                         0x080009c3   Thumb Code     0  startup_stm32f10x_md.o(.text)
    EXTI4_IRQHandler                         0x080009c3   Thumb Code     0  startup_stm32f10x_md.o(.text)
    EXTI9_5_IRQHandler                       0x080009c3   Thumb Code     0  startup_stm32f10x_md.o(.text)
    FLASH_IRQHandler                         0x080009c3   Thumb Code     0  startup_stm32f10x_md.o(.text)
    I2C1_ER_IRQHandler                       0x080009c3   Thumb Code     0  startup_stm32f10x_md.o(.text)
    I2C1_EV_IRQHandler                       0x080009c3   Thumb Code     0  startup_stm32f10x_md.o(.text)
    I2C2_ER_IRQHandler                       0x080009c3   Thumb Code     0  startup_stm32f10x_md.o(.text)
    I2C2_EV_IRQHandler                       0x080009c3   Thumb Code     0  startup_stm32f10x_md.o(.text)
    PVD_IRQHandler                           0x080009c3   Thumb Code     0  startup_stm32f10x_md.o(.text)
    RCC_IRQHandler                           0x080009c3   Thumb Code     0  startup_stm32f10x_md.o(.text)
    RTCAlarm_IRQHandler                      0x080009c3   Thumb Code     0  startup_stm32f10x_md.o(.text)
    RTC_IRQHandler                           0x080009c3   Thumb Code     0  startup_stm32f10x_md.o(.text)
    SPI1_IRQHandler                          0x080009c3   Thumb Code     0  startup_stm32f10x_md.o(.text)
    SPI2_IRQHandler                          0x080009c3   Thumb Code     0  startup_stm32f10x_md.o(.text)
    TAMPER_IRQHandler                        0x080009c3   Thumb Code     0  startup_stm32f10x_md.o(.text)
    TIM1_BRK_IRQHandler                      0x080009c3   Thumb Code     0  startup_stm32f10x_md.o(.text)
    TIM1_CC_IRQHandler                       0x080009c3   Thumb Code     0  startup_stm32f10x_md.o(.text)
    TIM1_TRG_COM_IRQHandler                  0x080009c3   Thumb Code     0  startup_stm32f10x_md.o(.text)
    TIM1_UP_IRQHandler                       0x080009c3   Thumb Code     0  startup_stm32f10x_md.o(.text)
    TIM2_IRQHandler                          0x080009c3   Thumb Code     0  startup_stm32f10x_md.o(.text)
    TIM3_IRQHandler                          0x080009c3   Thumb Code     0  startup_stm32f10x_md.o(.text)
    TIM4_IRQHandler                          0x080009c3   Thumb Code     0  startup_stm32f10x_md.o(.text)
    USART2_IRQHandler                        0x080009c3   Thumb Code     0  startup_stm32f10x_md.o(.text)
    USART3_IRQHandler                        0x080009c3   Thumb Code     0  startup_stm32f10x_md.o(.text)
    USBWakeUp_IRQHandler                     0x080009c3   Thumb Code     0  startup_stm32f10x_md.o(.text)
    USB_HP_CAN1_TX_IRQHandler                0x080009c3   Thumb Code     0  startup_stm32f10x_md.o(.text)
    USB_LP_CAN1_RX0_IRQHandler               0x080009c3   Thumb Code     0  startup_stm32f10x_md.o(.text)
    WWDG_IRQHandler                          0x080009c3   Thumb Code     0  startup_stm32f10x_md.o(.text)
    __user_initial_stackheap                 0x080009c5   Thumb Code     0  startup_stm32f10x_md.o(.text)
    CPU_SR_Save                              0x080009e9   Thumb Code     0  cpu.o(.text)
    CPU_SR_Restore                           0x080009f1   Thumb Code     0  cpu.o(.text)
    WFI_SET                                  0x080009f7   Thumb Code     0  cpu.o(.text)
    Set_MSP                                  0x080009f9   Thumb Code     0  cpu.o(.text)
    SystemReset                              0x080009ff   Thumb Code     0  cpu.o(.text)
    EncryptData                              0x08000cf7   Thumb Code    80  dataencrypt.o(.text)
    DecryptData                              0x08000d47   Thumb Code    86  dataencrypt.o(.text)
    EncryptInit                              0x08000d9d   Thumb Code    32  dataencrypt.o(.text)
    __use_two_region_memory                  0x08000dd5   Thumb Code     2  heapauxi.o(.text)
    __rt_heap_escrow$2region                 0x08000dd7   Thumb Code     2  heapauxi.o(.text)
    __rt_heap_expand$2region                 0x08000dd9   Thumb Code     2  heapauxi.o(.text)
    __user_setup_stackheap                   0x08000ddb   Thumb Code    74  sys_stackheap_outer.o(.text)
    exit                                     0x08000e25   Thumb Code    18  exit.o(.text)
    __user_libspace                          0x08000e39   Thumb Code     8  libspace.o(.text)
    __user_perproc_libspace                  0x08000e39   Thumb Code     0  libspace.o(.text)
    __user_perthread_libspace                0x08000e39   Thumb Code     0  libspace.o(.text)
    _sys_exit                                0x08000e41   Thumb Code     8  sys_exit.o(.text)
    __I$use$semihosting                      0x08000e4d   Thumb Code     0  use_no_semi.o(.text)
    __use_no_semihosting_swi                 0x08000e4d   Thumb Code     2  use_no_semi.o(.text)
    __semihosting_library_function           0x08000e4f   Thumb Code     0  indicate_semi.o(.text)
    AppJump_Init                             0x08000e51   Thumb Code    30  updata.o(i.AppJump_Init)
    Channel_Get                              0x08000e79   Thumb Code    68  updata.o(i.Channel_Get)
    ChkCrcValue                              0x08000fe1   Thumb Code    40  crc.o(i.ChkCrcValue)
    DevPivotalSetInit                        0x0800104d   Thumb Code   124  devparttab.o(i.DevPivotalSetInit)
    EXTI15_10_IRQHandler                     0x080010d5   Thumb Code    18  si4432.o(i.EXTI15_10_IRQHandler)
    EXTI_NVIC_Config                         0x080010f1   Thumb Code    84  sys.o(i.EXTI_NVIC_Config)
    EncryptCmd_put                           0x08001151   Thumb Code   118  fifodataproc.o(i.EncryptCmd_put)
    FIFOInit                                 0x080011d1   Thumb Code   108  cmdprocess.o(i.FIFOInit)
    FLASH_ErasePage                          0x08001259   Thumb Code    64  flash.o(i.FLASH_ErasePage)
    FaultData_Init                           0x0800129d   Thumb Code    10  faultmanage.o(i.FaultData_Init)
    FaultData_Save                           0x080012a7   Thumb Code    34  faultmanage.o(i.FaultData_Save)
    Fault_Upload                             0x080012d9   Thumb Code    72  faultmanage.o(i.Fault_Upload)
    Flash_ChipSize                           0x08001325   Thumb Code     6  program.o(i.Flash_ChipSize)
    Flash_DefaultValue                       0x08001331   Thumb Code     6  program.o(i.Flash_DefaultValue)
    Flash_Unlock                             0x0800137d   Thumb Code    12  flash.o(i.Flash_Unlock)
    Flash_Write                              0x08001395   Thumb Code    82  flash.o(i.Flash_Write)
    Flash_lock                               0x080013ed   Thumb Code    12  flash.o(i.Flash_lock)
    GPIO_Config                              0x080013fd   Thumb Code   150  gpio.o(i.GPIO_Config)
    GPIO_ReadInputDataBit                    0x0800149d   Thumb Code    20  gpio.o(i.GPIO_ReadInputDataBit)
    GPIO_ResetBits                           0x080014b5   Thumb Code    10  gpio.o(i.GPIO_ResetBits)
    GPIO_SetBits                             0x080014c5   Thumb Code    10  gpio.o(i.GPIO_SetBits)
    GPIO_ToggleBits                          0x080014d5   Thumb Code    14  gpio.o(i.GPIO_ToggleBits)
    GetCurrentSrcFifoPtr                     0x080014e9   Thumb Code    52  phymsgproc.o(i.GetCurrentSrcFifoPtr)
    GetDevPivotalSet                         0x08001525   Thumb Code     6  devparttab.o(i.GetDevPivotalSet)
    Get_433Channel_Attr                      0x08001531   Thumb Code    18  deviceupgradeattr.o(i.Get_433Channel_Attr)
    Get_DeviceType_Attr                      0x08001581   Thumb Code    68  sysexeattr.o(i.Get_DeviceType_Attr)
    Get_IAPReady_Attr                        0x08001609   Thumb Code    54  deviceupgradeattr.o(i.Get_IAPReady_Attr)
    Get_Version_Attr                         0x08001641   Thumb Code   114  sysexeattr.o(i.Get_Version_Attr)
    HardID_Check                             0x080016b9   Thumb Code    74  syshard.o(i.HardID_Check)
    I2C_Init                                 0x08001757   Thumb Code    50  i2c.o(i.I2C_Init)
    IIC_GetState                             0x08001945   Thumb Code    36  i2c.o(i.IIC_GetState)
    IIC_Read                                 0x08001969   Thumb Code   102  i2c.o(i.IIC_Read)
    IIC_Write                                0x080019cf   Thumb Code    92  i2c.o(i.IIC_Write)
    IIC_WriteSame                            0x08001a2b   Thumb Code    90  i2c.o(i.IIC_WriteSame)
    IWDG_Config                              0x08001a85   Thumb Code    52  iwdg.o(i.IWDG_Config)
    IWDG_Feed                                0x08001ac1   Thumb Code    16  iwdg.o(i.IWDG_Feed)
    IWDG_FeedOFF                             0x08001ad5   Thumb Code     6  iwdg.o(i.IWDG_FeedOFF)
    Instruct_Run                             0x08001ae1   Thumb Code     2  instruct.o(i.Instruct_Run)
    JumpToCode                               0x08001ae5   Thumb Code    32  sys.o(i.JumpToCode)
    MY_NVIC_Init                             0x08001b09   Thumb Code    62  sys.o(i.MY_NVIC_Init)
    MY_NVIC_PriorityGroupConfig              0x08001b49   Thumb Code    26  sys.o(i.MY_NVIC_PriorityGroupConfig)
    MsgReviceProc                            0x08001b6d   Thumb Code    22  cmdprocess.o(i.MsgReviceProc)
    Msg_Execute                              0x08001b95   Thumb Code   256  cmdprocess.o(i.Msg_Execute)
    Msg_Feedback                             0x08001c9d   Thumb Code   114  cmdprocess.o(i.Msg_Feedback)
    Msg_Upload                               0x08001de3   Thumb Code    52  msgpackage.o(i.Msg_Upload)
    Msg_UploadUnit                           0x08001e17   Thumb Code    54  msgpackage.o(i.Msg_UploadUnit)
    Object_Check                             0x08001e4d   Thumb Code   102  object.o(i.Object_Check)
    PHY_433Send                              0x08001ec1   Thumb Code    10  phymsgproc.o(i.PHY_433Send)
    PHY_RcvFIFO_Init                         0x08001ecd   Thumb Code    58  phymsgproc.o(i.PHY_RcvFIFO_Init)
    PHY_USARTSend                            0x08001f19   Thumb Code     4  phymsgproc.o(i.PHY_USARTSend)
    Process_FIFOData                         0x08001f1d   Thumb Code    90  cmdprocess.o(i.Process_FIFOData)
    Program_Erase                            0x08001f7d   Thumb Code    52  program.o(i.Program_Erase)
    Program_Read                             0x08001fb1   Thumb Code    28  program.o(i.Program_Read)
    Program_Write                            0x08001fcd   Thumb Code    38  program.o(i.Program_Write)
    RCC_GetClocksFreq                        0x08001ff5   Thumb Code   148  system_stm32f10x.o(i.RCC_GetClocksFreq)
    ReadDataFromEEPROM                       0x08002099   Thumb Code   102  eeprom.o(i.ReadDataFromEEPROM)
    SPI2_Init                                0x080022c1   Thumb Code   124  spi.o(i.SPI2_Init)
    SPI2_ReadWriteByte                       0x0800234d   Thumb Code    68  spi.o(i.SPI2_ReadWriteByte)
    SPI2_SetSpeed                            0x08002395   Thumb Code    32  spi.o(i.SPI2_SetSpeed)
    Set_433Channel_Attr                      0x08002509   Thumb Code    66  deviceupgradeattr.o(i.Set_433Channel_Attr)
    Set_IAPPackSave_Attr                     0x080025c1   Thumb Code    64  deviceupgradeattr.o(i.Set_IAPPackSave_Attr)
    Set_IAPReady_Attr                        0x08002609   Thumb Code    42  deviceupgradeattr.o(i.Set_IAPReady_Attr)
    Set_UserDataFormat_Attr                  0x08002633   Thumb Code    62  sysexeattr.o(i.Set_UserDataFormat_Attr)
    Si4432_Idle                              0x08002681   Thumb Code    70  si4432.o(i.Si4432_Idle)
    Si4432_Init                              0x080026cd   Thumb Code   650  si4432.o(i.Si4432_Init)
    Si4432_Send                              0x080029bd   Thumb Code    62  si4432.o(i.Si4432_Send)
    SysAttr_Init                             0x08002ae1   Thumb Code    40  sysexeattr.o(i.SysAttr_Init)
    SysEEPROMData_Init                       0x08002b11   Thumb Code    54  userdata.o(i.SysEEPROMData_Init)
    SysHard_Init                             0x08002b4d   Thumb Code    36  syshard.o(i.SysHard_Init)
    SysTick_Handler                          0x08002b71   Thumb Code    26  systick.o(i.SysTick_Handler)
    SysTick_Init                             0x08002b95   Thumb Code    36  systick.o(i.SysTick_Init)
    Sys_UnitAttrNum                          0x08002bb9   Thumb Code     4  sysexeattr.o(i.Sys_UnitAttrNum)
    SystemInit                               0x08002bbd   Thumb Code    64  system_stm32f10x.o(i.SystemInit)
    Thread_Init                              0x08002c31   Thumb Code     8  thread.o(i.Thread_Init)
    Thread_Login                             0x08002c3d   Thumb Code   136  thread.o(i.Thread_Login)
    Thread_Logout                            0x08002cc9   Thumb Code    62  thread.o(i.Thread_Logout)
    Thread_Process                           0x08002d0d   Thumb Code   126  thread.o(i.Thread_Process)
    Thread_RunCheck                          0x08002d91   Thumb Code    54  thread.o(i.Thread_RunCheck)
    Thread_Wake                              0x08002dcd   Thumb Code   100  thread.o(i.Thread_Wake)
    Time_Get                                 0x08002e35   Thumb Code     6  systick.o(i.Time_Get)
    USART1_IRQHandler                        0x08002e41   Thumb Code    42  usart.o(i.USART1_IRQHandler)
    USART_Init                               0x08002e75   Thumb Code   118  usart.o(i.USART_Init)
    USART_Send                               0x08002ef9   Thumb Code    32  usart.o(i.USART_Send)
    UnitCnt_Get                              0x08002f49   Thumb Code     4  unitcfg.o(i.UnitCnt_Get)
    UnitPrivateEEPROMData_Init               0x08002f4d   Thumb Code    26  userdata.o(i.UnitPrivateEEPROMData_Init)
    UnitPrivateEEPROMUnitData_Init           0x08002f69   Thumb Code    20  userdata.o(i.UnitPrivateEEPROMUnitData_Init)
    UnitPublicEEPROMData_Get                 0x08002f81   Thumb Code    32  userdata.o(i.UnitPublicEEPROMData_Get)
    UnitPublicEEPROMData_Init                0x08002fa1   Thumb Code    26  userdata.o(i.UnitPublicEEPROMData_Init)
    UnitPublicEEPROMUnitData_Init            0x08002fbd   Thumb Code    36  userdata.o(i.UnitPublicEEPROMUnitData_Init)
    Unit_Init                                0x08002fe5   Thumb Code    40  unitcfg.o(i.Unit_Init)
    Updata_Calibrate                         0x08003015   Thumb Code    28  updata.o(i.Updata_Calibrate)
    Updata_Channel                           0x08003035   Thumb Code   112  updata.o(i.Updata_Channel)
    Updata_Flag                              0x080030a9   Thumb Code    58  updata.o(i.Updata_Flag)
    Updata_PackCheck                         0x080030e9   Thumb Code    72  updata.o(i.Updata_PackCheck)
    Updata_PackProcess                       0x08003135   Thumb Code    82  updata.o(i.Updata_PackProcess)
    UpgradePreStage                          0x0800318d   Thumb Code    92  updata.o(i.UpgradePreStage)
    Upload_Fault                             0x08003231   Thumb Code    26  upload.o(i.Upload_Fault)
    UserData_Init                            0x0800325d   Thumb Code    92  userdata.o(i.UserData_Init)
    UserEEPROMData_Init                      0x080032c1   Thumb Code    42  userdata.o(i.UserEEPROMData_Init)
    WriteDataToEEPROM                        0x080032f5   Thumb Code   102  eeprom.o(i.WriteDataToEEPROM)
    WriteDataToEEPROMEx                      0x0800335b   Thumb Code   100  eeprom.o(i.WriteDataToEEPROMEx)
    decryptfifo_get                          0x080033c1   Thumb Code   144  fifodataproc.o(i.decryptfifo_get)
    decryptfifo_getEx                        0x08003459   Thumb Code    42  fifodataproc.o(i.decryptfifo_getEx)
    delay_ms                                 0x08003489   Thumb Code    28  delay.o(i.delay_ms)
    delay_us                                 0x080034a5   Thumb Code    18  delay.o(i.delay_us)
    fifo_Init                                0x080034b7   Thumb Code    22  fifo.o(i.fifo_Init)
    fifo_cmp                                 0x080034cd   Thumb Code    54  fifo.o(i.fifo_cmp)
    fifo_empty                               0x08003503   Thumb Code    16  fifo.o(i.fifo_empty)
    fifo_find                                0x08003513   Thumb Code    76  fifo.o(i.fifo_find)
    fifo_gets                                0x0800357b   Thumb Code   102  fifo.o(i.fifo_gets)
    fifo_putc                                0x080035e1   Thumb Code    54  fifo.o(i.fifo_putc)
    fifo_puts                                0x08003617   Thumb Code    88  fifo.o(i.fifo_puts)
    fifo_validSize                           0x08003687   Thumb Code    20  fifo.o(i.fifo_validSize)
    head_put                                 0x0800369d   Thumb Code     8  fifodataproc.o(i.head_put)
    main                                     0x080036a9   Thumb Code    34  main.o(i.main)
    memcmp                                   0x080036cb   Thumb Code    34  bestfulib.o(i.memcmp)
    memcpy                                   0x080036ed   Thumb Code    24  bestfulib.o(i.memcpy)
    memmove                                  0x08003705   Thumb Code    58  bestfulib.o(i.memmove)
    memset                                   0x0800373f   Thumb Code    16  bestfulib.o(i.memset)
    tail_put                                 0x08003751   Thumb Code     8  fifodataproc.o(i.tail_put)
    CRCTable                                 0x0800375c   Data         512  crc.o(.constdata)
    HeadCMD                                  0x0800395c   Data           6  pivotaldatatype.o(.constdata)
    TailCMD                                  0x08003962   Data           6  pivotaldatatype.o(.constdata)
    SysAttrTable                             0x08003968   Data          96  sysexeattr.o(.constdata)
    DevPivotalSet                            0x080039c8   Data          72  devparttab.o(.constdata)
    UnitTab                                  0x08003a18   Data          20  unitcfg.o(.constdata)
    ShiftBit                                 0x08003a2c   Data           4  dataencrypt.o(.constdata)
    DerictShift                              0x08003a30   Data           4  dataencrypt.o(.constdata)
    EncodeX                                  0x08003a34   Data           4  dataencrypt.o(.constdata)
    EncodeY                                  0x08003a38   Data           4  dataencrypt.o(.constdata)
    Region$$Table$$Base                      0x08003a3c   Number         0  anon$$obj.o(Region$$Table)
    Region$$Table$$Limit                     0x08003a5c   Number         0  anon$$obj.o(Region$$Table)
    DelayID                                  0x20000020   Data           4  object.o(.data)
    UPDATA_LEVEL                             0x20000024   Data           1  updata.o(.data)
    UpgradeSrc                               0x20000025   Data           1  updata.o(.data)
    UpgradePre                               0x20000026   Data         263  updata.o(.data)
    gUnitData                                0x20000150   Data           8  unitcfg.o(.data)
    rcv433Prc                                0x20000160   Data         272  cmdprocess.o(.bss)
    snd433Prc                                0x20000270   Data         272  cmdprocess.o(.bss)
    rcvUsartPrc                              0x20000380   Data         272  cmdprocess.o(.bss)
    sndUsartPrc                              0x20000490   Data         272  cmdprocess.o(.bss)
    phy_rcv433fifo                           0x200006e0   Data          16  phymsgproc.o(.bss)
    phy_snd433fifo                           0x200006f0   Data          16  phymsgproc.o(.bss)
    phy_rcvUsartfifo                         0x20000f00   Data          16  phymsgproc.o(.bss)
    phy_sndUsartfifo                         0x20000f10   Data          16  phymsgproc.o(.bss)
    IAP_FLAG                                 0x20001864   Data          16  updata.o(.bss)
    RADIO_PARA                               0x20001874   Data          16  updata.o(.bss)
    gSysData                                 0x20001884   Data          31  userdata.o(.bss)
    __libspace_start                         0x200018a4   Data          96  libspace.o(.bss)
    __temporary_stack_top$libspace           0x20001904   Data           0  libspace.o(.bss)



==============================================================================

Memory Map of the image

  Image Entry point : 0x080008ed

  Load Region LR_IROM1 (Base: 0x08000800, Size: 0x000033bc, Max: 0x00010000, ABSOLUTE, COMPRESSED[0x0000327c])

    Execution Region ER_IROM1 (Base: 0x08000800, Size: 0x0000325c, Max: 0x00010000, ABSOLUTE)

    Base Addr    Size         Type   Attr      Idx    E Section Name        Object

    0x08000800   0x000000ec   Data   RO           52    RESET               startup_stm32f10x_md.o
    0x080008ec   0x00000008   Code   RO         1529  * !!!main             c_w.l(__main.o)
    0x080008f4   0x00000034   Code   RO         1688    !!!scatter          c_w.l(__scatter.o)
    0x08000928   0x0000003a   Code   RO         1686    !!dczerorl          c_w.l(__dczerorl.o)
    0x08000962   0x00000002   PAD
    0x08000964   0x0000001c   Code   RO         1690    !!handler_zi        c_w.l(__scatter_zi.o)
    0x08000980   0x00000002   Code   RO         1556    .ARM.Collect$$libinit$$00000000  c_w.l(libinit.o)
    0x08000982   0x00000000   Code   RO         1563    .ARM.Collect$$libinit$$00000002  c_w.l(libinit2.o)
    0x08000982   0x00000000   Code   RO         1565    .ARM.Collect$$libinit$$00000004  c_w.l(libinit2.o)
    0x08000982   0x00000000   Code   RO         1568    .ARM.Collect$$libinit$$0000000A  c_w.l(libinit2.o)
    0x08000982   0x00000000   Code   RO         1570    .ARM.Collect$$libinit$$0000000C  c_w.l(libinit2.o)
    0x08000982   0x00000000   Code   RO         1572    .ARM.Collect$$libinit$$0000000E  c_w.l(libinit2.o)
    0x08000982   0x00000000   Code   RO         1575    .ARM.Collect$$libinit$$00000011  c_w.l(libinit2.o)
    0x08000982   0x00000000   Code   RO         1577    .ARM.Collect$$libinit$$00000013  c_w.l(libinit2.o)
    0x08000982   0x00000000   Code   RO         1579    .ARM.Collect$$libinit$$00000015  c_w.l(libinit2.o)
    0x08000982   0x00000000   Code   RO         1581    .ARM.Collect$$libinit$$00000017  c_w.l(libinit2.o)
    0x08000982   0x00000000   Code   RO         1583    .ARM.Collect$$libinit$$00000019  c_w.l(libinit2.o)
    0x08000982   0x00000000   Code   RO         1585    .ARM.Collect$$libinit$$0000001B  c_w.l(libinit2.o)
    0x08000982   0x00000000   Code   RO         1587    .ARM.Collect$$libinit$$0000001D  c_w.l(libinit2.o)
    0x08000982   0x00000000   Code   RO         1589    .ARM.Collect$$libinit$$0000001F  c_w.l(libinit2.o)
    0x08000982   0x00000000   Code   RO         1591    .ARM.Collect$$libinit$$00000021  c_w.l(libinit2.o)
    0x08000982   0x00000000   Code   RO         1593    .ARM.Collect$$libinit$$00000023  c_w.l(libinit2.o)
    0x08000982   0x00000000   Code   RO         1595    .ARM.Collect$$libinit$$00000025  c_w.l(libinit2.o)
    0x08000982   0x00000000   Code   RO         1599    .ARM.Collect$$libinit$$0000002C  c_w.l(libinit2.o)
    0x08000982   0x00000000   Code   RO         1601    .ARM.Collect$$libinit$$0000002E  c_w.l(libinit2.o)
    0x08000982   0x00000000   Code   RO         1603    .ARM.Collect$$libinit$$00000030  c_w.l(libinit2.o)
    0x08000982   0x00000000   Code   RO         1605    .ARM.Collect$$libinit$$00000032  c_w.l(libinit2.o)
    0x08000982   0x00000002   Code   RO         1606    .ARM.Collect$$libinit$$00000033  c_w.l(libinit2.o)
    0x08000984   0x00000002   Code   RO         1626    .ARM.Collect$$libshutdown$$00000000  c_w.l(libshutdown.o)
    0x08000986   0x00000000   Code   RO         1639    .ARM.Collect$$libshutdown$$00000002  c_w.l(libshutdown2.o)
    0x08000986   0x00000000   Code   RO         1641    .ARM.Collect$$libshutdown$$00000004  c_w.l(libshutdown2.o)
    0x08000986   0x00000000   Code   RO         1644    .ARM.Collect$$libshutdown$$00000007  c_w.l(libshutdown2.o)
    0x08000986   0x00000000   Code   RO         1647    .ARM.Collect$$libshutdown$$0000000A  c_w.l(libshutdown2.o)
    0x08000986   0x00000000   Code   RO         1649    .ARM.Collect$$libshutdown$$0000000C  c_w.l(libshutdown2.o)
    0x08000986   0x00000000   Code   RO         1652    .ARM.Collect$$libshutdown$$0000000F  c_w.l(libshutdown2.o)
    0x08000986   0x00000002   Code   RO         1653    .ARM.Collect$$libshutdown$$00000010  c_w.l(libshutdown2.o)
    0x08000988   0x00000000   Code   RO         1531    .ARM.Collect$$rtentry$$00000000  c_w.l(__rtentry.o)
    0x08000988   0x00000000   Code   RO         1533    .ARM.Collect$$rtentry$$00000002  c_w.l(__rtentry2.o)
    0x08000988   0x00000006   Code   RO         1545    .ARM.Collect$$rtentry$$00000004  c_w.l(__rtentry4.o)
    0x0800098e   0x00000000   Code   RO         1535    .ARM.Collect$$rtentry$$00000009  c_w.l(__rtentry2.o)
    0x0800098e   0x00000004   Code   RO         1536    .ARM.Collect$$rtentry$$0000000A  c_w.l(__rtentry2.o)
    0x08000992   0x00000000   Code   RO         1538    .ARM.Collect$$rtentry$$0000000C  c_w.l(__rtentry2.o)
    0x08000992   0x00000008   Code   RO         1539    .ARM.Collect$$rtentry$$0000000D  c_w.l(__rtentry2.o)
    0x0800099a   0x00000002   Code   RO         1560    .ARM.Collect$$rtexit$$00000000  c_w.l(rtexit.o)
    0x0800099c   0x00000000   Code   RO         1608    .ARM.Collect$$rtexit$$00000002  c_w.l(rtexit2.o)
    0x0800099c   0x00000004   Code   RO         1609    .ARM.Collect$$rtexit$$00000003  c_w.l(rtexit2.o)
    0x080009a0   0x00000006   Code   RO         1610    .ARM.Collect$$rtexit$$00000004  c_w.l(rtexit2.o)
    0x080009a6   0x00000002   PAD
    0x080009a8   0x00000040   Code   RO           53    .text               startup_stm32f10x_md.o
    0x080009e8   0x00000030   Code   RO          879    .text               cpu.o
    0x08000a18   0x000003bc   Code   RO         1497    .text               Encode_lib.lib(dataencrypt.o)
    0x08000dd4   0x00000006   Code   RO         1527    .text               c_w.l(heapauxi.o)
    0x08000dda   0x0000004a   Code   RO         1547    .text               c_w.l(sys_stackheap_outer.o)
    0x08000e24   0x00000012   Code   RO         1549    .text               c_w.l(exit.o)
    0x08000e36   0x00000002   PAD
    0x08000e38   0x00000008   Code   RO         1557    .text               c_w.l(libspace.o)
    0x08000e40   0x0000000c   Code   RO         1618    .text               c_w.l(sys_exit.o)
    0x08000e4c   0x00000002   Code   RO         1629    .text               c_w.l(use_no_semi.o)
    0x08000e4e   0x00000000   Code   RO         1631    .text               c_w.l(indicate_semi.o)
    0x08000e4e   0x00000002   PAD
    0x08000e50   0x00000028   Code   RO          588    i.AppJump_Init      updata.o
    0x08000e78   0x00000048   Code   RO          589    i.Channel_Get       updata.o
    0x08000ec0   0x00000094   Code   RO         1316    i.Check_433M_Busy   si4432.o
    0x08000f54   0x0000008c   Code   RO          401    i.Check_Repeat      object.o
    0x08000fe0   0x0000002c   Code   RO          189    i.ChkCrcValue       crc.o
    0x0800100c   0x00000028   Code   RO          100    i.DataSend_Thread   cmdprocess.o
    0x08001034   0x00000016   Code   RO         1075    i.Delay_nNOP        i2c.o
    0x0800104a   0x00000002   PAD
    0x0800104c   0x00000088   Code   RO          857    i.DevPivotalSetInit  devparttab.o
    0x080010d4   0x0000001c   Code   RO         1317    i.EXTI15_10_IRQHandler  si4432.o
    0x080010f0   0x00000060   Code   RO         1197    i.EXTI_NVIC_Config  sys.o
    0x08001150   0x00000080   Code   RO          362    i.EncryptCmd_put    fifodataproc.o
    0x080011d0   0x00000088   Code   RO          101    i.FIFOInit          cmdprocess.o
    0x08001258   0x00000044   Code   RO          960    i.FLASH_ErasePage   flash.o
    0x0800129c   0x0000000a   Code   RO          779    i.FaultData_Init    faultmanage.o
    0x080012a6   0x00000022   Code   RO          780    i.FaultData_Save    faultmanage.o
    0x080012c8   0x00000010   Code   RO          811    i.FaultMsg          upload.o
    0x080012d8   0x0000004c   Code   RO          781    i.Fault_Upload      faultmanage.o
    0x08001324   0x0000000c   Code   RO          882    i.Flash_ChipSize    program.o
    0x08001330   0x00000006   Code   RO          883    i.Flash_DefaultValue  program.o
    0x08001336   0x00000002   PAD
    0x08001338   0x00000018   Code   RO          961    i.Flash_EOP         flash.o
    0x08001350   0x0000002c   Code   RO          964    i.Flash_Status      flash.o
    0x0800137c   0x00000018   Code   RO          965    i.Flash_Unlock      flash.o
    0x08001394   0x00000058   Code   RO          966    i.Flash_Write       flash.o
    0x080013ec   0x00000010   Code   RO          968    i.Flash_lock        flash.o
    0x080013fc   0x000000a0   Code   RO         1018    i.GPIO_Config       gpio.o
    0x0800149c   0x00000018   Code   RO         1021    i.GPIO_ReadInputDataBit  gpio.o
    0x080014b4   0x00000010   Code   RO         1023    i.GPIO_ResetBits    gpio.o
    0x080014c4   0x00000010   Code   RO         1024    i.GPIO_SetBits      gpio.o
    0x080014d4   0x00000014   Code   RO         1025    i.GPIO_ToggleBits   gpio.o
    0x080014e8   0x0000003c   Code   RO          425    i.GetCurrentSrcFifoPtr  phymsgproc.o
    0x08001524   0x0000000c   Code   RO          858    i.GetDevPivotalSet  devparttab.o
    0x08001530   0x00000012   Code   RO          222    i.Get_433Channel_Attr  deviceupgradeattr.o
    0x08001542   0x0000003e   Code   RO          223    i.Get_DevUpgradeReady_Attr  deviceupgradeattr.o
    0x08001580   0x00000044   Code   RO          480    i.Get_DeviceType_Attr  sysexeattr.o
    0x080015c4   0x00000044   Code   RO          224    i.Get_IAPPackCheck_Attr  deviceupgradeattr.o
    0x08001608   0x00000036   Code   RO          225    i.Get_IAPReady_Attr  deviceupgradeattr.o
    0x0800163e   0x00000002   PAD
    0x08001640   0x00000078   Code   RO          481    i.Get_Version_Attr  sysexeattr.o
    0x080016b8   0x00000058   Code   RO         1233    i.HardID_Check      syshard.o
    0x08001710   0x00000046   Code   RO         1076    i.I2C_ACK           i2c.o
    0x08001756   0x00000032   Code   RO         1077    i.I2C_Init          i2c.o
    0x08001788   0x0000007e   Code   RO         1078    i.I2C_RecvB_Ack     i2c.o
    0x08001806   0x00000060   Code   RO         1079    i.I2C_SendB_Ack     i2c.o
    0x08001866   0x00000032   Code   RO         1080    i.I2C_Start         i2c.o
    0x08001898   0x00000030   Code   RO         1081    i.I2C_Stop          i2c.o
    0x080018c8   0x0000007c   Code   RO         1082    i.I2C_WaitAck       i2c.o
    0x08001944   0x00000024   Code   RO         1083    i.IIC_GetState      i2c.o
    0x08001968   0x00000066   Code   RO         1084    i.IIC_Read          i2c.o
    0x080019ce   0x0000005c   Code   RO         1085    i.IIC_Write         i2c.o
    0x08001a2a   0x0000005a   Code   RO         1086    i.IIC_WriteSame     i2c.o
    0x08001a84   0x0000003c   Code   RO         1146    i.IWDG_Config       iwdg.o
    0x08001ac0   0x00000014   Code   RO         1147    i.IWDG_Feed         iwdg.o
    0x08001ad4   0x0000000c   Code   RO         1148    i.IWDG_FeedOFF      iwdg.o
    0x08001ae0   0x00000002   Code   RO         1439    i.Instruct_Run      instruct.o
    0x08001ae2   0x00000002   PAD
    0x08001ae4   0x00000024   Code   RO         1198    i.JumpToCode        sys.o
    0x08001b08   0x0000003e   Code   RO         1199    i.MY_NVIC_Init      sys.o
    0x08001b46   0x00000002   PAD
    0x08001b48   0x00000024   Code   RO         1200    i.MY_NVIC_PriorityGroupConfig  sys.o
    0x08001b6c   0x00000028   Code   RO          102    i.MsgReviceProc     cmdprocess.o
    0x08001b94   0x00000108   Code   RO          103    i.Msg_Execute       cmdprocess.o
    0x08001c9c   0x00000078   Code   RO          104    i.Msg_Feedback      cmdprocess.o
    0x08001d14   0x00000048   Code   RO          743    i.Msg_Package       msgpackage.o
    0x08001d5c   0x00000064   Code   RO          105    i.Msg_Process       cmdprocess.o
    0x08001dc0   0x00000022   Code   RO          106    i.Msg_ReturnType    cmdprocess.o
    0x08001de2   0x00000034   Code   RO          745    i.Msg_Upload        msgpackage.o
    0x08001e16   0x00000036   Code   RO          746    i.Msg_UploadUnit    msgpackage.o
    0x08001e4c   0x00000074   Code   RO          402    i.Object_Check      object.o
    0x08001ec0   0x0000000a   Code   RO          426    i.PHY_433Send       phymsgproc.o
    0x08001eca   0x00000002   PAD
    0x08001ecc   0x0000004c   Code   RO          427    i.PHY_RcvFIFO_Init  phymsgproc.o
    0x08001f18   0x00000004   Code   RO          428    i.PHY_USARTSend     phymsgproc.o
    0x08001f1c   0x00000060   Code   RO          107    i.Process_FIFOData  cmdprocess.o
    0x08001f7c   0x00000034   Code   RO          886    i.Program_Erase     program.o
    0x08001fb0   0x0000001c   Code   RO          887    i.Program_Read      program.o
    0x08001fcc   0x00000026   Code   RO          888    i.Program_Write     program.o
    0x08001ff2   0x00000002   PAD
    0x08001ff4   0x000000a4   Code   RO            1    i.RCC_GetClocksFreq  system_stm32f10x.o
    0x08002098   0x00000066   Code   RO          933    i.ReadDataFromEEPROM  eeprom.o
    0x080020fe   0x00000002   PAD
    0x08002100   0x0000011c   Code   RO         1319    i.RecDataToFifo     si4432.o
    0x0800221c   0x0000000c   Code   RO         1320    i.SI4432_SendEn     si4432.o
    0x08002228   0x00000098   Code   RO         1321    i.SI4432_Send_All_Data  si4432.o
    0x080022c0   0x0000008c   Code   RO         1170    i.SPI2_Init         spi.o
    0x0800234c   0x00000048   Code   RO         1171    i.SPI2_ReadWriteByte  spi.o
    0x08002394   0x00000024   Code   RO         1172    i.SPI2_SetSpeed     spi.o
    0x080023b8   0x0000002c   Code   RO         1322    i.SPI_RW_Reg        si4432.o
    0x080023e4   0x00000054   Code   RO         1323    i.SetMode_RX        si4432.o
    0x08002438   0x0000001e   Code   RO         1324    i.SetMode_TX        si4432.o
    0x08002456   0x00000002   PAD
    0x08002458   0x000000b0   Code   RO            2    i.SetSysClock       system_stm32f10x.o
    0x08002508   0x00000048   Code   RO          226    i.Set_433Channel_Attr  deviceupgradeattr.o
    0x08002550   0x00000070   Code   RO          227    i.Set_IAPDataCRC_Attr  deviceupgradeattr.o
    0x080025c0   0x00000048   Code   RO          228    i.Set_IAPPackSave_Attr  deviceupgradeattr.o
    0x08002608   0x0000002a   Code   RO          229    i.Set_IAPReady_Attr  deviceupgradeattr.o
    0x08002632   0x0000003e   Code   RO          482    i.Set_UserDataFormat_Attr  sysexeattr.o
    0x08002670   0x00000010   Code   RO         1325    i.Si4432_Fault      si4432.o
    0x08002680   0x0000004c   Code   RO         1326    i.Si4432_Idle       si4432.o
    0x080026cc   0x00000298   Code   RO         1327    i.Si4432_Init       si4432.o
    0x08002964   0x00000058   Code   RO         1328    i.Si4432_PortInit   si4432.o
    0x080029bc   0x00000048   Code   RO         1329    i.Si4432_Send       si4432.o
    0x08002a04   0x000000dc   Code   RO         1330    i.Si4432_Threshold  si4432.o
    0x08002ae0   0x00000030   Code   RO          483    i.SysAttr_Init      sysexeattr.o
    0x08002b10   0x0000003c   Code   RO          663    i.SysEEPROMData_Init  userdata.o
    0x08002b4c   0x00000024   Code   RO         1234    i.SysHard_Init      syshard.o
    0x08002b70   0x00000024   Code   RO         1261    i.SysTick_Handler   systick.o
    0x08002b94   0x00000024   Code   RO         1262    i.SysTick_Init      systick.o
    0x08002bb8   0x00000004   Code   RO          484    i.Sys_UnitAttrNum   sysexeattr.o
    0x08002bbc   0x00000054   Code   RO            3    i.SystemInit        system_stm32f10x.o
    0x08002c10   0x00000020   Code   RO          533    i.Thread_Check      thread.o
    0x08002c30   0x0000000c   Code   RO          535    i.Thread_Init       thread.o
    0x08002c3c   0x0000008c   Code   RO          536    i.Thread_Login      thread.o
    0x08002cc8   0x00000044   Code   RO          537    i.Thread_Logout     thread.o
    0x08002d0c   0x00000084   Code   RO          538    i.Thread_Process    thread.o
    0x08002d90   0x0000003c   Code   RO          539    i.Thread_RunCheck   thread.o
    0x08002dcc   0x00000068   Code   RO          540    i.Thread_Wake       thread.o
    0x08002e34   0x0000000c   Code   RO         1263    i.Time_Get          systick.o
    0x08002e40   0x00000034   Code   RO         1287    i.USART1_IRQHandler  usart.o
    0x08002e74   0x00000084   Code   RO         1288    i.USART_Init        usart.o
    0x08002ef8   0x00000020   Code   RO         1289    i.USART_Send        usart.o
    0x08002f18   0x00000030   Code   RO         1290    i.USART_Write       usart.o
    0x08002f48   0x00000004   Code   RO         1468    i.UnitCnt_Get       unitcfg.o
    0x08002f4c   0x0000001a   Code   RO          665    i.UnitPrivateEEPROMData_Init  userdata.o
    0x08002f66   0x00000002   PAD
    0x08002f68   0x00000018   Code   RO          666    i.UnitPrivateEEPROMUnitData_Init  userdata.o
    0x08002f80   0x00000020   Code   RO          667    i.UnitPublicEEPROMData_Get  userdata.o
    0x08002fa0   0x0000001a   Code   RO          668    i.UnitPublicEEPROMData_Init  userdata.o
    0x08002fba   0x00000002   PAD
    0x08002fbc   0x00000028   Code   RO          670    i.UnitPublicEEPROMUnitData_Init  userdata.o
    0x08002fe4   0x00000030   Code   RO         1469    i.Unit_Init         unitcfg.o
    0x08003014   0x00000020   Code   RO          590    i.Updata_Calibrate  updata.o
    0x08003034   0x00000074   Code   RO          591    i.Updata_Channel    updata.o
    0x080030a8   0x00000040   Code   RO          592    i.Updata_Flag       updata.o
    0x080030e8   0x0000004c   Code   RO          593    i.Updata_PackCheck  updata.o
    0x08003134   0x00000058   Code   RO          594    i.Updata_PackProcess  updata.o
    0x0800318c   0x00000060   Code   RO          595    i.UpgradePreStage   updata.o
    0x080031ec   0x00000044   Code   RO          596    i.UpgradeReady      updata.o
    0x08003230   0x00000024   Code   RO          812    i.Upload_Fault      upload.o
    0x08003254   0x00000006   Code   RO          485    i.Upload_RESTART    sysexeattr.o
    0x0800325a   0x00000002   PAD
    0x0800325c   0x00000064   Code   RO          671    i.UserData_Init     userdata.o
    0x080032c0   0x00000034   Code   RO          672    i.UserEEPROMData_Init  userdata.o
    0x080032f4   0x00000066   Code   RO          934    i.WriteDataToEEPROM  eeprom.o
    0x0800335a   0x00000064   Code   RO          935    i.WriteDataToEEPROMEx  eeprom.o
    0x080033be   0x00000002   PAD
    0x080033c0   0x00000098   Code   RO          363    i.decryptfifo_get   fifodataproc.o
    0x08003458   0x00000030   Code   RO          364    i.decryptfifo_getEx  fifodataproc.o
    0x08003488   0x0000001c   Code   RO         1420    i.delay_ms          delay.o
    0x080034a4   0x00000012   Code   RO         1421    i.delay_us          delay.o
    0x080034b6   0x00000016   Code   RO          286    i.fifo_Init         fifo.o
    0x080034cc   0x00000036   Code   RO          288    i.fifo_cmp          fifo.o
    0x08003502   0x00000010   Code   RO          289    i.fifo_empty        fifo.o
    0x08003512   0x0000004c   Code   RO          290    i.fifo_find         fifo.o
    0x0800355e   0x0000001c   Code   RO          291    i.fifo_full         fifo.o
    0x0800357a   0x00000066   Code   RO          293    i.fifo_gets         fifo.o
    0x080035e0   0x00000036   Code   RO          294    i.fifo_putc         fifo.o
    0x08003616   0x00000058   Code   RO          295    i.fifo_puts         fifo.o
    0x0800366e   0x00000018   Code   RO          296    i.fifo_surplusSize  fifo.o
    0x08003686   0x00000014   Code   RO          297    i.fifo_validSize    fifo.o
    0x0800369a   0x00000002   PAD
    0x0800369c   0x0000000c   Code   RO          365    i.head_put          fifodataproc.o
    0x080036a8   0x00000022   Code   RO         1456    i.main              main.o
    0x080036ca   0x00000022   Code   RO           58    i.memcmp            bestfulib.o
    0x080036ec   0x00000018   Code   RO           59    i.memcpy            bestfulib.o
    0x08003704   0x0000003a   Code   RO           61    i.memmove           bestfulib.o
    0x0800373e   0x00000010   Code   RO           62    i.memset            bestfulib.o
    0x0800374e   0x00000002   PAD
    0x08003750   0x0000000c   Code   RO          366    i.tail_put          fifodataproc.o
    0x0800375c   0x00000200   Data   RO          191    .constdata          crc.o
    0x0800395c   0x00000006   Data   RO          467    .constdata          pivotaldatatype.o
    0x08003962   0x00000006   Data   RO          468    .constdata          pivotaldatatype.o
    0x08003968   0x00000060   Data   RO          486    .constdata          sysexeattr.o
    0x080039c8   0x00000048   Data   RO          859    .constdata          devparttab.o
    0x08003a10   0x00000008   Data   RO         1332    .constdata          si4432.o
    0x08003a18   0x00000014   Data   RO         1470    .constdata          unitcfg.o
    0x08003a2c   0x00000010   Data   RO         1498    .constdata          Encode_lib.lib(dataencrypt.o)
    0x08003a3c   0x00000020   Data   RO         1684    Region$$Table       anon$$obj.o


    Execution Region RW_IRAM1 (Base: 0x20000000, Size: 0x00002208, Max: 0x00005000, ABSOLUTE, COMPRESSED[0x00000020])

    Base Addr    Size         Type   Attr      Idx    E Section Name        Object

    0x20000000   0x0000001c   Data   RW            4    .data               system_stm32f10x.o
    0x2000001c   0x00000008   Data   RW          404    .data               object.o
    0x20000024   0x00000109   Data   RW          598    .data               updata.o
    0x2000012d   0x00000001   Data   RW          674    .data               userdata.o
    0x2000012e   0x00000001   Data   RW          813    .data               upload.o
    0x2000012f   0x00000001   PAD
    0x20000130   0x00000004   Data   RW          860    .data               devparttab.o
    0x20000134   0x00000004   Data   RW         1264    .data               systick.o
    0x20000138   0x00000018   Data   RW         1333    .data               si4432.o
    0x20000150   0x00000008   Data   RW         1471    .data               unitcfg.o
    0x20000158   0x00000008   Data   RW         1499    .data               Encode_lib.lib(dataencrypt.o)
    0x20000160   0x00000440   Zero   RW          108    .bss                cmdprocess.o
    0x200005a0   0x00000118   Zero   RW          403    .bss                object.o
    0x200006b8   0x00001068   Zero   RW          429    .bss                phymsgproc.o
    0x20001720   0x00000144   Zero   RW          541    .bss                thread.o
    0x20001864   0x00000020   Zero   RW          597    .bss                updata.o
    0x20001884   0x0000001f   Zero   RW          673    .bss                userdata.o
    0x200018a3   0x00000001   PAD
    0x200018a4   0x00000060   Zero   RW         1558    .bss                c_w.l(libspace.o)
    0x20001904   0x00000004   PAD
    0x20001908   0x00000100   Zero   RW           51    HEAP                startup_stm32f10x_md.o
    0x20001a08   0x00000800   Zero   RW           50    STACK               startup_stm32f10x_md.o


==============================================================================

Image component sizes


      Code (inc. data)   RO Data    RW Data    ZI Data      Debug   Object Name

       132          0          0          0          0       3869   bestfulib.o
       830         96          0          0       1088      15676   cmdprocess.o
        48          8          0          0          0        388   cpu.o
        44          4        512          0          0       1713   crc.o
        46          0          0          0          0       1302   delay.o
         0          0          0          0          0        960   deviceidsetattr.o
       500         34          0          0          0       8841   deviceupgradeattr.o
       148         18         72          4          0       2455   devparttab.o
       304          0          0          0          0       3379   eeprom.o
       120          4          0          0          0       2169   faultmanage.o
       484          0          0          0          0       8569   fifo.o
       352         32          0          0          0       4705   fifodataproc.o
       264         34          0          0          0       4800   flash.o
       236         32          0          0          0       7936   gpio.o
       906          0          0          0          0       9329   i2c.o
         2          0          0          0          0        571   instruct.o
        92         18          0          0          0       1837   iwdg.o
        34          0          0          0          0        631   main.o
       178          4          0          0          0       3186   msgpackage.o
       256         22          0          8        280       3589   object.o
       150         26          0          0       4200       4982   phymsgproc.o
         0          0         12          0          0        990   pivotaldatatype.o
       136          6          0          0          0       4269   program.o
      1918         88          8         24          0      11721   si4432.o
       248         24          0          0          0       2077   spi.o
        64         26        236          0       2304        956   startup_stm32f10x_md.o
       230         26          0          0          0       3665   sys.o
       308         14         96          0          0       6431   sysexeattr.o
       124         14          0          0          0       2218   syshard.o
       424         46          0         28          0     213665   system_stm32f10x.o
        84         16          0          4          0       3008   systick.o
       548         34          0          0        324       6462   thread.o
        52          8         20          8          0       2330   unitcfg.o
       652         42          0        265         32       9618   updata.o
        52         14          0          1          0       1603   upload.o
       264         30          0          0          0       3642   usart.o
       360         32          0          1         31       8159   userdata.o

    ----------------------------------------------------------------------
     10620        752        988        344       8260     371701   Object Totals
         0          0         32          0          0          0   (incl. Generated)
        30          0          0          1          1          0   (incl. Padding)

    ----------------------------------------------------------------------

      Code (inc. data)   RO Data    RW Data    ZI Data      Debug   Library Member Name

       956         24         16          8          0       3753   dataencrypt.o
        58          0          0          0          0          0   __dczerorl.o
         8          0          0          0          0         68   __main.o
         0          0          0          0          0          0   __rtentry.o
        12          0          0          0          0          0   __rtentry2.o
         6          0          0          0          0          0   __rtentry4.o
        52          8          0          0          0          0   __scatter.o
        28          0          0          0          0          0   __scatter_zi.o
        18          0          0          0          0         80   exit.o
         6          0          0          0          0        152   heapauxi.o
         0          0          0          0          0          0   indicate_semi.o
         2          0          0          0          0          0   libinit.o
         2          0          0          0          0          0   libinit2.o
         2          0          0          0          0          0   libshutdown.o
         2          0          0          0          0          0   libshutdown2.o
         8          4          0          0         96         68   libspace.o
         2          0          0          0          0          0   rtexit.o
        10          0          0          0          0          0   rtexit2.o
        12          4          0          0          0         68   sys_exit.o
        74          0          0          0          0         80   sys_stackheap_outer.o
         2          0          0          0          0         68   use_no_semi.o

    ----------------------------------------------------------------------
      1268         40         16          8        100       4337   Library Totals
         8          0          0          0          4          0   (incl. Padding)

    ----------------------------------------------------------------------

      Code (inc. data)   RO Data    RW Data    ZI Data      Debug   Library Name

       956         24         16          8          0       3753   Encode_lib.lib
       304         16          0          0         96        584   c_w.l

    ----------------------------------------------------------------------
      1268         40         16          8        100       4337   Library Totals

    ----------------------------------------------------------------------

==============================================================================


      Code (inc. data)   RO Data    RW Data    ZI Data      Debug   

     11888        792       1004        352       8360     368026   Grand Totals
     11888        792       1004         32       8360     368026   ELF Image Totals (compressed)
     11888        792       1004         32          0          0   ROM Totals

==============================================================================

    Total RO  Size (Code + RO Data)                12892 (  12.59kB)
    Total RW  Size (RW Data + ZI Data)              8712 (   8.51kB)
    Total ROM Size (Code + RO Data + RW Data)      12924 (  12.62kB)

==============================================================================

